This is pdfTeX, Version 3.141592653-2.6-1.40.22 (TeX Live 2022/dev/Debian) (preloaded format=pdflatex 2026.4.25)  15 MAY 2026 10:49
entering extended mode
 restricted \write18 enabled.
 file:line:error style messages enabled.
 %&-line parsing enabled.
**"/home/dave/appunti-universita/Secondo Semestre/principi_prog_parallela/Appunti/document.tex"
(/home/dave/appunti-universita/Secondo Semestre/principi_prog_parallela/Appunti/document.tex
LaTeX2e <2021-11-15> patch level 1
L3 programming layer <2022-01-21> (/usr/share/texlive/texmf-dist/tex/latex/base/book.cls
Document Class: book 2021/10/04 v1.4n Standard LaTeX document class
(/usr/share/texlive/texmf-dist/tex/latex/base/bk12.clo
File: bk12.clo 2021/10/04 v1.4n Standard LaTeX file (size option)
)
\c@part=\count185
\c@chapter=\count186
\c@section=\count187
\c@subsection=\count188
\c@subsubsection=\count189
\c@paragraph=\count190
\c@subparagraph=\count191
\c@figure=\count192
\c@table=\count193
\abovecaptionskip=\skip47
\belowcaptionskip=\skip48
\bibindent=\dimen138
) (/usr/share/texlive/texmf-dist/tex/latex/hyperref/hyperref.sty
Package: hyperref 2021-06-07 v7.00m Hypertext links for LaTeX
 (/usr/share/texlive/texmf-dist/tex/generic/ltxcmds/ltxcmds.sty
Package: ltxcmds 2020-05-10 v1.25 LaTeX kernel commands for general use (HO)
) (/usr/share/texlive/texmf-dist/tex/generic/iftex/iftex.sty
Package: iftex 2020/03/06 v1.0d TeX engine tests
) (/usr/share/texlive/texmf-dist/tex/generic/pdftexcmds/pdftexcmds.sty
Package: pdftexcmds 2020-06-27 v0.33 Utility functions of pdfTeX for LuaTeX (HO)
 (/usr/share/texlive/texmf-dist/tex/generic/infwarerr/infwarerr.sty
Package: infwarerr 2019/12/03 v1.5 Providing info/warning/error messages (HO)
)
Package pdftexcmds Info: \pdf@primitive is available.
Package pdftexcmds Info: \pdf@ifprimitive is available.
Package pdftexcmds Info: \pdfdraftmode found.
) (/usr/share/texlive/texmf-dist/tex/latex/graphics/keyval.sty
Package: keyval 2014/10/28 v1.15 key=value parser (DPC)
\KV@toks@=\toks16
) (/usr/share/texlive/texmf-dist/tex/generic/kvsetkeys/kvsetkeys.sty
Package: kvsetkeys 2019/12/15 v1.18 Key value parser (HO)
) (/usr/share/texlive/texmf-dist/tex/generic/kvdefinekeys/kvdefinekeys.sty
Package: kvdefinekeys 2019-12-19 v1.6 Define keys (HO)
) (/usr/share/texlive/texmf-dist/tex/generic/pdfescape/pdfescape.sty
Package: pdfescape 2019/12/09 v1.15 Implements pdfTeX's escape features (HO)
) (/usr/share/texlive/texmf-dist/tex/latex/hycolor/hycolor.sty
Package: hycolor 2020-01-27 v1.10 Color options for hyperref/bookmark (HO)
) (/usr/share/texlive/texmf-dist/tex/latex/letltxmacro/letltxmacro.sty
Package: letltxmacro 2019/12/03 v1.6 Let assignment for LaTeX macros (HO)
) (/usr/share/texlive/texmf-dist/tex/latex/auxhook/auxhook.sty
Package: auxhook 2019-12-17 v1.6 Hooks for auxiliary files (HO)
) (/usr/share/texlive/texmf-dist/tex/latex/kvoptions/kvoptions.sty
Package: kvoptions 2020-10-07 v3.14 Key value format for package options (HO)
)
\@linkdim=\dimen139
\Hy@linkcounter=\count194
\Hy@pagecounter=\count195
 (/usr/share/texlive/texmf-dist/tex/latex/hyperref/pd1enc.def
File: pd1enc.def 2021-06-07 v7.00m Hyperref: PDFDocEncoding definition (HO)
Now handling font encoding PD1 ...
... no UTF-8 mapping file for font encoding PD1
) (/usr/share/texlive/texmf-dist/tex/latex/hyperref/hyperref-langpatches.def
File: hyperref-langpatches.def 2021-06-07 v7.00m Hyperref: patches for babel languages
) (/usr/share/texlive/texmf-dist/tex/generic/intcalc/intcalc.sty
Package: intcalc 2019/12/15 v1.3 Expandable calculations with integers (HO)
) (/usr/share/texlive/texmf-dist/tex/generic/etexcmds/etexcmds.sty
Package: etexcmds 2019/12/15 v1.7 Avoid name clashes with e-TeX commands (HO)
)
\Hy@SavedSpaceFactor=\count196
 (/usr/share/texlive/texmf-dist/tex/latex/hyperref/puenc.def
File: puenc.def 2021-06-07 v7.00m Hyperref: PDF Unicode definition (HO)
Now handling font encoding PU ...
... no UTF-8 mapping file for font encoding PU
)
Package hyperref Info: Hyper figures OFF on input line 4192.
Package hyperref Info: Link nesting OFF on input line 4197.
Package hyperref Info: Hyper index ON on input line 4200.
Package hyperref Info: Plain pages OFF on input line 4207.
Package hyperref Info: Backreferencing OFF on input line 4212.
Package hyperref Info: Implicit mode ON; LaTeX internals redefined.
Package hyperref Info: Bookmarks ON on input line 4445.
\c@Hy@tempcnt=\count197
 (/usr/share/texlive/texmf-dist/tex/latex/url/url.sty
\Urlmuskip=\muskip16
Package: url 2013/09/16  ver 3.4  Verb mode for urls, etc.
)
LaTeX Info: Redefining \url on input line 4804.
\XeTeXLinkMargin=\dimen140
 (/usr/share/texlive/texmf-dist/tex/generic/bitset/bitset.sty
Package: bitset 2019/12/09 v1.3 Handle bit-vector datatype (HO)
 (/usr/share/texlive/texmf-dist/tex/generic/bigintcalc/bigintcalc.sty
Package: bigintcalc 2019/12/15 v1.5 Expandable calculations on big integers (HO)
))
\Fld@menulength=\count198
\Field@Width=\dimen141
\Fld@charsize=\dimen142
Package hyperref Info: Hyper figures OFF on input line 6076.
Package hyperref Info: Link nesting OFF on input line 6081.
Package hyperref Info: Hyper index ON on input line 6084.
Package hyperref Info: backreferencing OFF on input line 6091.
Package hyperref Info: Link coloring OFF on input line 6096.
Package hyperref Info: Link coloring with OCG OFF on input line 6101.
Package hyperref Info: PDF/A mode OFF on input line 6106.
LaTeX Info: Redefining \ref on input line 6146.
LaTeX Info: Redefining \pageref on input line 6150.
 (/usr/share/texlive/texmf-dist/tex/latex/base/atbegshi-ltx.sty
Package: atbegshi-ltx 2021/01/10 v1.0c Emulation of the original atbegshi
package with kernel methods
)
\Hy@abspage=\count199
\c@Item=\count266
\c@Hfootnote=\count267
)
Package hyperref Info: Driver (autodetected): hpdftex.
 (/usr/share/texlive/texmf-dist/tex/latex/hyperref/hpdftex.def
File: hpdftex.def 2021-06-07 v7.00m Hyperref driver for pdfTeX
 (/usr/share/texlive/texmf-dist/tex/latex/base/atveryend-ltx.sty
Package: atveryend-ltx 2020/08/19 v1.0a Emulation of the original atveryend package
with kernel methods
)
\Fld@listcount=\count268
\c@bookmark@seq@number=\count269
 (/usr/share/texlive/texmf-dist/tex/latex/rerunfilecheck/rerunfilecheck.sty
Package: rerunfilecheck 2019/12/05 v1.9 Rerun checks for auxiliary files (HO)
 (/usr/share/texlive/texmf-dist/tex/generic/uniquecounter/uniquecounter.sty
Package: uniquecounter 2019/12/15 v1.4 Provide unlimited unique counter (HO)
)
Package uniquecounter Info: New unique counter `rerunfilecheck' on input line 286.
)
\Hy@SectionHShift=\skip49
) (/usr/share/texlive/texmf-dist/tex/generic/babel/babel.sty
Package: babel 2022/01/26 3.70 The Babel package
\babel@savecnt=\count270
\U@D=\dimen143
\l@unhyphenated=\language8
 (/usr/share/texlive/texmf-dist/tex/generic/babel/txtbabel.def)
\bbl@readstream=\read2
\bbl@dirlevel=\count271
 (/usr/share/texlive/texmf-dist/tex/generic/babel-italian/italian.ldf
Language: italian 2020/05/21 v.1.4.04 Italian support for the babel system
\it@lettering=\count272
\it@doublequoteactive=\count273
\it@ISOcompliance=\count274
)) (/usr/share/texlive/texmf-dist/tex/latex/etoolbox/etoolbox.sty
Package: etoolbox 2020/10/05 v2.5k e-TeX tools for LaTeX (JAW)
\etb@tempcnta=\count275
) (/usr/share/texlive/texmf-dist/tex/latex/float/float.sty
Package: float 2001/11/08 v1.3d Float enhancements (AL)
\c@float@type=\count276
\float@exts=\toks17
\float@box=\box50
\@float@everytoks=\toks18
\@floatcapt=\box51
) (/usr/share/texlive/texmf-dist/tex/latex/tools/tabularx.sty
Package: tabularx 2020/01/15 v2.11c `tabularx' package (DPC)
 (/usr/share/texlive/texmf-dist/tex/latex/tools/array.sty
Package: array 2021/10/04 v2.5f Tabular extension package (FMi)
\col@sep=\dimen144
\ar@mcellbox=\box52
\extrarowheight=\dimen145
\NC@list=\toks19
\extratabsurround=\skip50
\backup@length=\skip51
\ar@cellbox=\box53
)
\TX@col@width=\dimen146
\TX@old@table=\dimen147
\TX@old@col=\dimen148
\TX@target=\dimen149
\TX@delta=\dimen150
\TX@cols=\count277
\TX@ftn=\toks20
) (/usr/share/texlive/texmf-dist/tex/latex/base/inputenc.sty
Package: inputenc 2021/02/14 v1.3d Input encoding file
\inpenc@prehook=\toks21
\inpenc@posthook=\toks22
 (/usr/share/texlive/texmf-dist/tex/latex/ucs/utf8x.def
File: utf8x.def 2004/10/17 UCS: Input encoding UTF-8
)) (/usr/share/texlive/texmf-dist/tex/latex/ucs/ucs.sty
Package: ucs 2013/05/11 v2.2 UCS: Unicode input support
 (/usr/share/texlive/texmf-dist/tex/latex/ucs/data/uni-global.def
File: uni-global.def 2013/05/13 UCS: Unicode global data
)
\uc@secondtry=\count278
\uc@combtoks=\toks23
\uc@combtoksb=\toks24
\uc@temptokena=\toks25
) (/usr/share/texlive/texmf-dist/tex/latex/graphics/graphicx.sty
Package: graphicx 2021/09/16 v1.2d Enhanced LaTeX Graphics (DPC,SPQR)
 (/usr/share/texlive/texmf-dist/tex/latex/graphics/graphics.sty
Package: graphics 2021/03/04 v1.4d Standard LaTeX Graphics (DPC,SPQR)
 (/usr/share/texlive/texmf-dist/tex/latex/graphics/trig.sty
Package: trig 2021/08/11 v1.11 sin cos tan (DPC)
) (/usr/share/texlive/texmf-dist/tex/latex/graphics-cfg/graphics.cfg
File: graphics.cfg 2016/06/04 v1.11 sample graphics configuration
)
Package graphics Info: Driver file: pdftex.def on input line 107.
 (/usr/share/texlive/texmf-dist/tex/latex/graphics-def/pdftex.def
File: pdftex.def 2020/10/05 v1.2a Graphics/color driver for pdftex
))
\Gin@req@height=\dimen151
\Gin@req@width=\dimen152
) (/usr/share/texlive/texmf-dist/tex/latex/caption/caption.sty
Package: caption 2020/10/26 v3.5g Customizing captions (AR)
 (/usr/share/texlive/texmf-dist/tex/latex/caption/caption3.sty
Package: caption3 2020/10/21 v2.2e caption3 kernel (AR)
\captionmargin=\dimen153
\captionmargin@=\dimen154
\captionwidth=\dimen155
\caption@tempdima=\dimen156
\caption@indent=\dimen157
\caption@parindent=\dimen158
\caption@hangindent=\dimen159
Package caption Info: Standard document class detected.
)
\c@caption@flags=\count279
\c@continuedfloat=\count280
Package caption Info: float package is loaded.
Package caption Info: hyperref package is loaded.
) (/usr/share/texlive/texmf-dist/tex/latex/listings/listings.sty
\lst@mode=\count281
\lst@gtempboxa=\box54
\lst@token=\toks26
\lst@length=\count282
\lst@currlwidth=\dimen160
\lst@column=\count283
\lst@pos=\count284
\lst@lostspace=\dimen161
\lst@width=\dimen162
\lst@newlines=\count285
\lst@lineno=\count286
\lst@maxwidth=\dimen163
 (/usr/share/texlive/texmf-dist/tex/latex/listings/lstmisc.sty
File: lstmisc.sty 2020/03/24 1.8d (Carsten Heinz)
\c@lstnumber=\count287
\lst@skipnumbers=\count288
\lst@framebox=\box55
) (/usr/share/texlive/texmf-dist/tex/latex/listings/listings.cfg
File: listings.cfg 2020/03/24 1.8d listings configuration
))
Package: listings 2020/03/24 1.8d (Carsten Heinz)
 (/usr/share/texlive/texmf-dist/tex/latex/psnfss/courier.sty
Package: courier 2020/03/25 PSNFSS-v9.3 (WaS) 
) (/usr/share/texlive/texmf-dist/tex/latex/listings/lstlang1.sty
File: lstlang1.sty 2020/03/24 1.8d listings language file
) (/usr/share/texlive/texmf-dist/tex/latex/listings/lstlang1.sty
File: lstlang1.sty 2020/03/24 1.8d listings language file
) (/usr/share/texlive/texmf-dist/tex/latex/listings/lstmisc.sty
File: lstmisc.sty 2020/03/24 1.8d (Carsten Heinz)
) (/usr/share/texlive/texmf-dist/tex/latex/amsmath/amsmath.sty
Package: amsmath 2021/10/15 v2.17l AMS math features
\@mathmargin=\skip52

For additional information on amsmath, use the `?' option.
(/usr/share/texlive/texmf-dist/tex/latex/amsmath/amstext.sty
Package: amstext 2021/08/26 v2.01 AMS text
 (/usr/share/texlive/texmf-dist/tex/latex/amsmath/amsgen.sty
File: amsgen.sty 1999/11/30 v2.0 generic functions
\@emptytoks=\toks27
\ex@=\dimen164
)) (/usr/share/texlive/texmf-dist/tex/latex/amsmath/amsbsy.sty
Package: amsbsy 1999/11/29 v1.2d Bold Symbols
\pmbraise@=\dimen165
) (/usr/share/texlive/texmf-dist/tex/latex/amsmath/amsopn.sty
Package: amsopn 2021/08/26 v2.02 operator names
)
\inf@bad=\count289
LaTeX Info: Redefining \frac on input line 234.
\uproot@=\count290
\leftroot@=\count291
LaTeX Info: Redefining \overline on input line 399.
\classnum@=\count292
\DOTSCASE@=\count293
LaTeX Info: Redefining \ldots on input line 496.
LaTeX Info: Redefining \dots on input line 499.
LaTeX Info: Redefining \cdots on input line 620.
\Mathstrutbox@=\box56
\strutbox@=\box57
\big@size=\dimen166
LaTeX Font Info:    Redeclaring font encoding OML on input line 743.
LaTeX Font Info:    Redeclaring font encoding OMS on input line 744.
\macc@depth=\count294
\c@MaxMatrixCols=\count295
\dotsspace@=\muskip17
\c@parentequation=\count296
\dspbrk@lvl=\count297
\tag@help=\toks28
\row@=\count298
\column@=\count299
\maxfields@=\count300
\andhelp@=\toks29
\eqnshift@=\dimen167
\alignsep@=\dimen168
\tagshift@=\dimen169
\tagwidth@=\dimen170
\totwidth@=\dimen171
\lineht@=\dimen172
\@envbody=\toks30
\multlinegap=\skip53
\multlinetaggap=\skip54
\mathdisplay@stack=\toks31
LaTeX Info: Redefining \[ on input line 2938.
LaTeX Info: Redefining \] on input line 2939.
) (/usr/share/texlive/texmf-dist/tex/latex/framed/framed.sty
Package: framed 2011/10/22 v 0.96: framed or shaded text with page breaks
\OuterFrameSep=\skip55
\fb@frw=\dimen173
\fb@frh=\dimen174
\FrameRule=\dimen175
\FrameSep=\dimen176
) (/usr/share/texlive/texmf-dist/tex/latex/l3backend/l3backend-pdftex.def
File: l3backend-pdftex.def 2022-01-12 L3 backend support: PDF output (pdfTeX)
\l__color_backend_stack_int=\count301
\l__pdf_internal_box=\box58
) (./document.aux)
\openout1 = `document.aux'.

LaTeX Font Info:    Checking defaults for OML/cmm/m/it on input line 49.
LaTeX Font Info:    ... okay on input line 49.
LaTeX Font Info:    Checking defaults for OMS/cmsy/m/n on input line 49.
LaTeX Font Info:    ... okay on input line 49.
LaTeX Font Info:    Checking defaults for OT1/cmr/m/n on input line 49.
LaTeX Font Info:    ... okay on input line 49.
LaTeX Font Info:    Checking defaults for T1/cmr/m/n on input line 49.
LaTeX Font Info:    ... okay on input line 49.
LaTeX Font Info:    Checking defaults for TS1/cmr/m/n on input line 49.
LaTeX Font Info:    ... okay on input line 49.
LaTeX Font Info:    Checking defaults for OMX/cmex/m/n on input line 49.
LaTeX Font Info:    ... okay on input line 49.
LaTeX Font Info:    Checking defaults for U/cmr/m/n on input line 49.
LaTeX Font Info:    ... okay on input line 49.
LaTeX Font Info:    Checking defaults for PD1/pdf/m/n on input line 49.
LaTeX Font Info:    ... okay on input line 49.
LaTeX Font Info:    Checking defaults for PU/pdf/m/n on input line 49.
LaTeX Font Info:    ... okay on input line 49.
Package hyperref Info: Link coloring OFF on input line 49.
 (/usr/share/texlive/texmf-dist/tex/latex/hyperref/nameref.sty
Package: nameref 2021-04-02 v2.47 Cross-referencing by name of section
 (/usr/share/texlive/texmf-dist/tex/latex/refcount/refcount.sty
Package: refcount 2019/12/15 v3.6 Data extraction from label references (HO)
) (/usr/share/texlive/texmf-dist/tex/generic/gettitlestring/gettitlestring.sty
Package: gettitlestring 2019/12/15 v1.6 Cleanup title references (HO)
)
\c@section@level=\count302
)
LaTeX Info: Redefining \ref on input line 49.
LaTeX Info: Redefining \pageref on input line 49.
LaTeX Info: Redefining \nameref on input line 49.
 (./document.out) (./document.out)
\@outlinefile=\write3
\openout3 = `document.out'.

LaTeX Info: Redefining \it@ocap on input line 49.
LaTeX Info: Redefining \it@ccap on input line 49.


File italian.ldf warning: 
italian.ldf    With OT1 encoding guillemets are poorly faked
italian.ldf    Use T1 encoding
italian.ldf    or specify a font with command \CaporaliFrom
italian.ldf    See the documentation concerning the babel-italian typesetting 
italian.ldf    on input line 49.

(/usr/share/texlive/texmf-dist/tex/latex/ucs/ucsencs.def
File: ucsencs.def 2011/01/21 Fixes to fontencodings LGR, T3
) (/usr/share/texlive/texmf-dist/tex/context/base/mkii/supp-pdf.mkii
[Loading MPS to PDF converter (version 2006.09.02).]
\scratchcounter=\count303
\scratchdimen=\dimen177
\scratchbox=\box59
\nofMPsegments=\count304
\nofMParguments=\count305
\everyMPshowfont=\toks32
\MPscratchCnt=\count306
\MPscratchDim=\dimen178
\MPnumerator=\count307
\makeMPintoPDFobject=\count308
\everyMPtoPDFconversion=\toks33
) (/usr/share/texlive/texmf-dist/tex/latex/epstopdf-pkg/epstopdf-base.sty
Package: epstopdf-base 2020-01-24 v2.11 Base part for package epstopdf
Package epstopdf-base Info: Redefining graphics rule for `.eps' on input line 485.
 (/usr/share/texlive/texmf-dist/tex/latex/latexconfig/epstopdf-sys.cfg
File: epstopdf-sys.cfg 2010/07/13 v1.3 Configuration of (r)epstopdf for TeX Live
))
Package caption Info: Begin \AtBeginDocument code.
Package caption Info: listings package is loaded.
Package caption Info: End \AtBeginDocument code.
\c@lstlisting=\count309
 (./parts/frontespizio.tex
<Images/university_logo.png, id=442, 106.3975pt x 112.42pt>
File: Images/university_logo.png Graphic file (type png)
<use Images/university_logo.png>
Package pdftex.def Info: Images/university_logo.png  used on input line 3.
(pdftex.def)             Requested size: 69.2582pt x 72.98463pt.
 [1


{/var/lib/texmf/fonts/map/pdftex/updmap/pdftex.map} <./Images/university_logo.png>]) (./document.tocpdfTeX warning (ext4): destination with the same identifier (name{page.1}) has been already used, duplicate ignored
<to be read again> 
                   \relax 
l.32 ...Ottimizzazione Single-Core}{32}{chapter.4}
                                                  % [1

]
Overfull \hbox (13.55284pt too wide) in paragraph at lines 55--55
 [][] [][]\OT1/cmr/m/n/12 Esempio Pra-ti-co $\OML/cmm/m/it/12 O\OT1/cmr/m/n/12 (\OML/cmm/m/it/12 N[]\OT1/cmr/m/n/12 )\OML/cmm/m/it/12 =O\OT1/cmr/m/n/12 (\OML/cmm/m/it/12 N[]\OT1/cmr/m/n/12 )$: Mol-ti-pli-ca-zio-ne Matrice- 
 []

[2]
LaTeX Font Info:    Trying to load font information for OT1+pcr on input line 73.
 (/usr/share/texlive/texmf-dist/tex/latex/psnfss/ot1pcr.fd
File: ot1pcr.fd 2001/06/04 font definitions for OT1/pcr.
) [3])
\tf@toc=\write4
\openout4 = `document.toc'.

 (./parts/capitolo_0.tex [4] (/usr/share/texlive/texmf-dist/tex/latex/ucs/data/uni-0.def
File: uni-0.def 2013/05/13 UCS: Unicode data U+0000..U+00FF
)
<Images/intro/metodo_sperimentale.png, id=587, 700.11563pt x 233.37187pt>
File: Images/intro/metodo_sperimentale.png Graphic file (type png)
<use Images/intro/metodo_sperimentale.png>
Package pdftex.def Info: Images/intro/metodo_sperimentale.png  used on input line 9.
(pdftex.def)             Requested size: 390.0pt x 130.00365pt.
 (/usr/share/texlive/texmf-dist/tex/latex/ucs/data/uni-32.def
File: uni-32.def 2013/05/13 UCS: Unicode data U+2000..U+20FF
) [5

 <./Images/intro/metodo_sperimentale.png>]
<Images/intro/performance_engineering.png, id=597, 1248.16313pt x 557.83406pt>
File: Images/intro/performance_engineering.png Graphic file (type png)
<use Images/intro/performance_engineering.png>
Package pdftex.def Info: Images/intro/performance_engineering.png  used on input line 41.
(pdftex.def)             Requested size: 331.50238pt x 148.14876pt.
 [6] [7 <./Images/intro/performance_engineering.png>]) (./parts/capitolo_1.tex [8]
Capitolo 1.
<Images/cap_1/modelli_vs_real.png, id=620, 841.64438pt x 390.70969pt>
File: Images/cap_1/modelli_vs_real.png Graphic file (type png)
<use Images/cap_1/modelli_vs_real.png>
Package pdftex.def Info: Images/cap_1/modelli_vs_real.png  used on input line 12.
(pdftex.def)             Requested size: 331.50238pt x 153.89044pt.
[9

 <./Images/cap_1/modelli_vs_real.png>]
<Images/cap_1/gerarchia_di_memoria.png, id=627, 715.67375pt x 465.74pt>
File: Images/cap_1/gerarchia_di_memoria.png Graphic file (type png)
<use Images/cap_1/gerarchia_di_memoria.png>
Package pdftex.def Info: Images/cap_1/gerarchia_di_memoria.png  used on input line 33.
(pdftex.def)             Requested size: 331.50238pt x 215.73538pt.
 [10 <./Images/cap_1/gerarchia_di_memoria.png (PNG copy)>]
<Images/cap_1/accesso_indiretto.png, id=633, 587.19376pt x 156.585pt>
File: Images/cap_1/accesso_indiretto.png Graphic file (type png)
<use Images/cap_1/accesso_indiretto.png>
Package pdftex.def Info: Images/cap_1/accesso_indiretto.png  used on input line 43.
(pdftex.def)             Requested size: 234.00238pt x 62.40112pt.
 [11 <./Images/cap_1/accesso_indiretto.png>] [12]
<Images/cap_1/multicore.png, id=645, 536.75531pt x 264.99pt>
File: Images/cap_1/multicore.png Graphic file (type png)
<use Images/cap_1/multicore.png>
Package pdftex.def Info: Images/cap_1/multicore.png  used on input line 91.
(pdftex.def)             Requested size: 234.00238pt x 115.52444pt.
 [13 <./Images/cap_1/multicore.png>] [14] [15]) (./parts/capitolo_2.tex [16]
Capitolo 2.
<Images/cap_1/stack_HPC.png, id=665, 499.8675pt x 231.86626pt>
File: Images/cap_1/stack_HPC.png Graphic file (type png)
<use Images/cap_1/stack_HPC.png>
Package pdftex.def Info: Images/cap_1/stack_HPC.png  used on input line 20.
(pdftex.def)             Requested size: 331.50238pt x 153.77516pt.
[17

] [18 <./Images/cap_1/stack_HPC.png>]
<Images/cap_1/login_vs_compute.png, id=677, 529.98pt x 233.37187pt>
File: Images/cap_1/login_vs_compute.png Graphic file (type png)
<use Images/cap_1/login_vs_compute.png>
Package pdftex.def Info: Images/cap_1/login_vs_compute.png  used on input line 42.
(pdftex.def)             Requested size: 331.50238pt x 145.97456pt.
LaTeX Font Info:    Trying to load font information for TS1+pcr on input line 50.
 (/usr/share/texlive/texmf-dist/tex/latex/psnfss/ts1pcr.fd
File: ts1pcr.fd 2001/06/04 font definitions for TS1/pcr.
) [19 <./Images/cap_1/login_vs_compute.png>] [20] [21] [22] [23]) (./parts/capitolo_3.tex [24]
Capitolo 3.
[25

]
<Images/cap_3/clock_time.png, id=716, 1070.49937pt x 353.82187pt>
File: Images/cap_3/clock_time.png Graphic file (type png)
<use Images/cap_3/clock_time.png>
Package pdftex.def Info: Images/cap_3/clock_time.png  used on input line 28.
(pdftex.def)             Requested size: 292.5pt x 96.67773pt.
 [26 <./Images/cap_3/clock_time.png>] [27] [28] [29]
Overfull \hbox (5.15884pt too wide) in paragraph at lines 102--103
\OT1/cmr/m/n/12 Esistono an-che di-ver-si mo-del-li ti-pi-ci di com-pi-la-zio-ne co-me, ad esem-pio \OT1/cmr/bx/n/12 fbrach-
 []

<Images/cap_3/aliasing.png, id=742, 435.12563pt x 167.87718pt>
File: Images/cap_3/aliasing.png Graphic file (type png)
<use Images/cap_3/aliasing.png>
Package pdftex.def Info: Images/cap_3/aliasing.png  used on input line 122.
(pdftex.def)             Requested size: 292.5pt x 112.85623pt.
[30]) (./parts/capitolo_4.tex [31 <./Images/cap_3/aliasing.png>]
Capitolo 4.
[32

] [33]
<Images/cap_4/cpu_superscalari.png, id=776, 1132.23pt x 574.39594pt>
File: Images/cap_4/cpu_superscalari.png Graphic file (type png)
<use Images/cap_4/cpu_superscalari.png>
Package pdftex.def Info: Images/cap_4/cpu_superscalari.png  used on input line 47.
(pdftex.def)             Requested size: 272.99881pt x 138.48888pt.
 [34 <./Images/cap_4/cpu_superscalari.png>]
<Images/cap_4/pipeline_multiple.png, id=783, 1001.24063pt x 439.6425pt>
File: Images/cap_4/pipeline_multiple.png Graphic file (type png)
<use Images/cap_4/pipeline_multiple.png>
Package pdftex.def Info: Images/cap_4/pipeline_multiple.png  used on input line 66.
(pdftex.def)             Requested size: 272.99881pt x 119.87231pt.
 [35 <./Images/cap_4/pipeline_multiple.png>]
Overfull \hbox (17.62482pt too wide) in paragraph at lines 86--107
[]$[]$ 
 []

[36] [37]
Overfull \hbox (0.79999pt too wide) in paragraph at lines 190--190
[]            \OT1/pcr/m/n/10 double dz = z[p] - (double)k * Ng_inv + half_size;[] 
 []

[38] [39] [40] [41]
<Images/cap_4/cache_vs_ram.png, id=818, 1382.16376pt x 465.23813pt>
File: Images/cap_4/cache_vs_ram.png Graphic file (type png)
<use Images/cap_4/cache_vs_ram.png>
Package pdftex.def Info: Images/cap_4/cache_vs_ram.png  used on input line 284.
(pdftex.def)             Requested size: 272.99881pt x 91.88884pt.
 [42 <./Images/cap_4/cache_vs_ram.png>] [43]
<Images/cap_4/matrice_in_memo.png, id=834, 1355.8153pt x 481.04718pt>
File: Images/cap_4/matrice_in_memo.png Graphic file (type png)
<use Images/cap_4/matrice_in_memo.png>
Package pdftex.def Info: Images/cap_4/matrice_in_memo.png  used on input line 341.
(pdftex.def)             Requested size: 272.99881pt x 96.86101pt.
<Images/cap_4/lettura_colonne.png, id=835, 1225.57875pt x 153.57375pt>
File: Images/cap_4/lettura_colonne.png Graphic file (type png)
<use Images/cap_4/lettura_colonne.png>
Package pdftex.def Info: Images/cap_4/lettura_colonne.png  used on input line 346.
(pdftex.def)             Requested size: 195.0pt x 24.43404pt.
 [44 <./Images/cap_4/matrice_in_memo.png> <./Images/cap_4/lettura_colonne.png>]
<Images/cap_4/lettura_blocchi.png, id=844, 307.90031pt x 280.04625pt>
File: Images/cap_4/lettura_blocchi.png Graphic file (type png)
<use Images/cap_4/lettura_blocchi.png>
Package pdftex.def Info: Images/cap_4/lettura_blocchi.png  used on input line 384.
(pdftex.def)             Requested size: 97.5pt x 88.67653pt.
 [45] [46 <./Images/cap_4/lettura_blocchi.png>]
Overfull \hbox (6.79999pt too wide) in paragraph at lines 420--420
[]    \OT1/pcr/m/n/10 my_node *next_node;    // HOT: Ora []e adiacente alla chiave![] 
 []


Overfull \hbox (6.79999pt too wide) in paragraph at lines 420--420
[]    \OT1/pcr/m/n/10 struct my_data *payload; // COLD: Puntatore ai dati esterni[] 
 []

[47] [48]
Overfull \hbox (6.79999pt too wide) in paragraph at lines 485--485
[]\OT1/pcr/m/n/10 // Versione NON ottimizzata: il test viene ripetuto 'top' volte[] 
 []


Overfull \hbox (0.79999pt too wide) in paragraph at lines 485--485
[]\OT1/pcr/m/n/10 // Versione OTTIMIZZATA: il test viene eseguito UNA sola volta[] 
 []

[49] [50] [51]

Package hyperref Warning: Token not allowed in a PDF string (Unicode):
(hyperref)                removing `math shift' on input line 598.


Package hyperref Warning: Token not allowed in a PDF string (Unicode):
(hyperref)                removing `superscript' on input line 598.


Package hyperref Warning: Token not allowed in a PDF string (Unicode):
(hyperref)                removing `math shift' on input line 598.

[52] [53]

Package hyperref Warning: Token not allowed in a PDF string (Unicode):
(hyperref)                removing `math shift' on input line 662.


Package hyperref Warning: Token not allowed in a PDF string (Unicode):
(hyperref)                removing `superscript' on input line 662.


Package hyperref Warning: Token not allowed in a PDF string (Unicode):
(hyperref)                removing `superscript' on input line 662.


Package hyperref Warning: Token not allowed in a PDF string (Unicode):
(hyperref)                removing `math shift' on input line 662.

[54]) (./parts/capitolo_5.tex [55]
Capitolo 5.
[56

] [57] [58] [59]) (./parts/capitolo_6.tex [60]
Capitolo 6.
<Images/cap_6/processo.png, id=936, 304.13625pt x 170.88844pt>
File: Images/cap_6/processo.png Graphic file (type png)
<use Images/cap_6/processo.png>
Package pdftex.def Info: Images/cap_6/processo.png  used on input line 8.
(pdftex.def)             Requested size: 195.0pt x 109.569pt.
<Images/cap_6/processo_thread.png, id=937, 332.74312pt x 278.54062pt>
File: Images/cap_6/processo_thread.png Graphic file (type png)
<use Images/cap_6/processo_thread.png>
Package pdftex.def Info: Images/cap_6/processo_thread.png  used on input line 14.
(pdftex.def)             Requested size: 195.0pt x 163.23674pt.
[61

 <./Images/cap_6/processo.png>]
Overfull \hbox (12.86453pt too wide) in paragraph at lines 33--34
[]\OT1/cmr/bx/n/12 Direttive del Com-pi-la-to-re\OT1/cmr/m/n/12 : In C/C++ as-su-mo-no la for-ma di \OT1/pcr/m/n/12 #pragma
 []

[62 <./Images/cap_6/processo_thread.png>] [63]
Overfull \hbox (56.39981pt too wide) in paragraph at lines 69--69
[]    \OT1/pcr/m/n/12 // Codice eseguito in parallelo da tutti i thread del team[] 
 []

[64]
<Images/cap_6/omp_toolbox.png, id=961, 584.1825pt x 307.1475pt>
File: Images/cap_6/omp_toolbox.png Graphic file (type png)
<use Images/cap_6/omp_toolbox.png>
Package pdftex.def Info: Images/cap_6/omp_toolbox.png  used on input line 90.
(pdftex.def)             Requested size: 234.00238pt x 123.03023pt.

Overfull \hbox (5.60646pt too wide) in paragraph at lines 105--106
[]\OT1/pcr/m/n/12 #pragma omp parallel []some[]clauses[]here[] \OT1/cmr/m/n/12 : Una re-gio-ne pa-
 []

[65 <./Images/cap_6/omp_toolbox.png>]
LaTeX Font Info:    Trying to load font information for OMS+pcr on input line 106.
 (/usr/share/texlive/texmf-dist/tex/latex/psnfss/omspcr.fd
File: omspcr.fd 
)
LaTeX Font Info:    Font shape `OMS/pcr/m/n' in size <12> not available
(Font)              Font shape `OMS/cmsy/m/n' tried instead on input line 106.

Overfull \hbox (11.28067pt too wide) in paragraph at lines 106--107
[]\OT1/pcr/m/n/12 #pragma omp parallel []some[]clauses[]here[] \OMS/cmsy/m/n/12 f \OT1/pcr/m/n/12 ... \OMS/cmsy/m/n/12 g \OT1/cmr/m/n/12 : Nes-
 []


Overfull \hbox (7.05461pt too wide) in paragraph at lines 107--108
[]\OT1/pcr/m/n/12 #pragma omp parallel for []some[]clauses[]here[] \OMS/cmsy/m/n/12 f \OT1/pcr/m/n/12 ... \OMS/cmsy/m/n/12 g
 []


Overfull \hbox (4.03491pt too wide) in paragraph at lines 108--109
[]\OT1/pcr/m/n/12 #pragma omp sections []some[]clauses[]here[] \OMS/cmsy/m/n/12 f \OT1/pcr/m/n/12 ... \OMS/cmsy/m/n/12 g \OT1/cmr/m/n/12 : Un
 []

<Images/cap_6/thread_space.png, id=968, 633.86812pt x 338.76563pt>
File: Images/cap_6/thread_space.png Graphic file (type png)
<use Images/cap_6/thread_space.png>
Package pdftex.def Info: Images/cap_6/thread_space.png  used on input line 124.
(pdftex.def)             Requested size: 272.99881pt x 145.90414pt.
[66 <./Images/cap_6/thread_space.png>]
Overfull \hbox (13.19983pt too wide) in paragraph at lines 148--148
[]    \OT1/pcr/m/n/12 //forza tutti i thread ad arrivare allo stesso punto[] 
 []

[67]
<Images/cap_6/esempio_private.png, id=980, 656.4525pt x 311.66437pt>
File: Images/cap_6/esempio_private.png Graphic file (type png)
<use Images/cap_6/esempio_private.png>
Package pdftex.def Info: Images/cap_6/esempio_private.png  used on input line 167.
(pdftex.def)             Requested size: 272.99881pt x 129.61412pt.

Overfull \hbox (14.09354pt too wide) in paragraph at lines 169--170
[]\OT1/cmr/m/n/12 Visto che le va-ria-bi-li \OT1/pcr/m/n/12 private \OT1/cmr/m/n/12 "na-sco-no vuo-te" (non ini-zia-liz-za-te), OpenMP
 []

[68 <./Images/cap_6/esempio_private.png>]
Overfull \hbox (30.11119pt too wide) in paragraph at lines 186--187
[]\OT1/cmr/bx/n/12 Clausola del-la di-ret-ti-va\OT1/cmr/m/n/12 : \OT1/pcr/m/n/12 #pragma omp parallel num[]threads(n) 
 []

[69]
Overfull \hbox (20.90071pt too wide) in paragraph at lines 217--218
[]\OT1/cmr/m/it/12 Comportamento: \OT1/cmr/m/n/12 La lo-gi-ca di sin-cro-niz-za-zio-ne ^^Re iden-ti-ca a \OT1/pcr/m/n/12 critical\OT1/cmr/m/n/12 .
 []

[70] [71]
Overfull \hbox (42.57452pt too wide) in paragraph at lines 279--279
 []\OT1/pcr/m/n/12 // val ottiene il valore VECCHIO, mem viene incrementato[] 
 []


Overfull \hbox (28.17453pt too wide) in paragraph at lines 279--279
 []\OT1/pcr/m/n/12 // val ottiene il valore NUOVO, mem viene incrementato[] 
 []

[72] [73]
Overfull \hbox (77.9998pt too wide) in paragraph at lines 311--311
[]        \OT1/pcr/m/n/12 printf( "greetings from thread num %d\n", my_thread_id );[] 
 []


Overfull \hbox (106.79979pt too wide) in paragraph at lines 323--323
[]            \OT1/pcr/m/n/12 printf( "greetings from thread num %d\n", my_thread_id );[] 
 []

[74]
Overfull \hbox (128.39978pt too wide) in paragraph at lines 339--339
[]                \OT1/pcr/m/n/12 printf( "greetings from thread num %d\n", my_thread_id);[] 
 []

[75]
Overfull \hbox (77.9998pt too wide) in paragraph at lines 362--362
[]        \OT1/pcr/m/n/12 printf( "greetings from thread num %d\n", my_thread_id );[] 
 []

[76] [77]
Overfull \hbox (7.74442pt too wide) in paragraph at lines 411--412
\OT1/cmr/m/n/12 read nel-la re-gio-ne pa-ral-le-la suc-ces-si-va, sen-za una clau-so-la \OT1/pcr/m/n/12 num[]threads\OT1/cmr/m/n/12 . 
 []


Overfull \hbox (1.6918pt too wide) in paragraph at lines 418--419
\OT1/cmr/m/n/12 piat-ta-for-me ete-ro-ge-nee (CPU, GPU, co-pro-ces-so-ri) a par-ti-re da OpenMP
 []

[78]
Overfull \hbox (5.92204pt too wide) in paragraph at lines 460--461
[]\OT1/pcr/b/n/12 static\OT1/cmr/m/n/12 : L'i-te-ra-zio-ne ^^Re sud-di-vi-sa in bloc-chi di di-men-sio-ne \OT1/pcr/m/n/12 chunk-size
 []

[79]
Overfull \hbox (36.03937pt too wide) in paragraph at lines 472--479
 [][] 
 []

[80]
Overfull \hbox (107.3745pt too wide) in paragraph at lines 500--500
 []\OT1/pcr/m/n/12 // Ogni thread inizia con una copia privata di "offset" pari a 10[] 
 []


Overfull \hbox (164.97447pt too wide) in paragraph at lines 511--511
 []\OT1/pcr/m/n/12 // "final_mark" manterra' il valore assegnato durante l'ultima iterazione[] 
 []


Overfull \hbox (28.17453pt too wide) in paragraph at lines 511--511
 []\OT1/pcr/m/n/12 // Qui final_mark ha il valore dell'iterazione i = N-1[] 
 []

[81]
Overfull \hbox (128.39978pt too wide) in paragraph at lines 537--537
[]\OT1/pcr/m/n/12 // Fonde i due cicli for per esporre un maggiore livello di parallelismo[] 
 []


Overfull \hbox (121.19978pt too wide) in paragraph at lines 556--556
[]    \OT1/pcr/m/n/12 // I thread che finiscono questo ciclo passano subito al successivo[] 
 []

[82] [83]
Overfull \hbox (56.39981pt too wide) in paragraph at lines 614--614
[]    \OT1/pcr/m/n/12 sum[me] += a[i]; // No data race, ma genera false sharing![] 
 []

[84]
Overfull \hbox (13.19983pt too wide) in paragraph at lines 651--651
[]\OT1/pcr/m/n/12 // Creiamo spazio vuoto tra gli elementi (es. fattore 8)[] 
 []


Overfull \hbox (20.39983pt too wide) in paragraph at lines 651--651
[]    \OT1/pcr/m/n/12 // Ora sum[0] e sum[8] sono su cache lines differenti[] 
 []

[85]
Overfull \hbox (41.99982pt too wide) in paragraph at lines 677--677
[]    \OT1/pcr/m/n/12 // Corretto: divide il ciclo tra i thread gia' esistenti[] 
 []


Overfull \hbox (22.91966pt too wide) in paragraph at lines 681--681
[]\OT1/cmr/bx/n/14.4 Caso B: Crea-zio-ne di Nuo-ve Re-gio-ni (\OT1/pcr/b/n/14.4 omp parallel
 []


Overfull \hbox (92.3998pt too wide) in paragraph at lines 693--693
[]    \OT1/pcr/m/n/12 // Errato/Pericoloso: ogni thread tenta di creare un nuovo pool[] 
 []

[86]
Overfull \hbox (34.79982pt too wide) in paragraph at lines 720--720
[]    \OT1/pcr/m/n/12 fX = fH * ((double)i + 0.5); // Punto medio sull'asse x[] 
 []


Overfull \hbox (34.79982pt too wide) in paragraph at lines 720--720
[]    \OT1/pcr/m/n/12 fSum += (4.0 / (1.0 + fX * fX)); // Somma delle altezze[] 
 []


Overfull \hbox (41.99982pt too wide) in paragraph at lines 720--720
[]\OT1/pcr/m/n/12 double pi = fH * fSum; // Area totale = base * somma_altezze[] 
 []

[87]
Overfull \hbox (20.39983pt too wide) in paragraph at lines 750--750
[]\OT1/pcr/m/n/12 #pragma omp parallel for private(fX, i) lastprivate(fSum)[] 
 []


Overfull \hbox (20.39983pt too wide) in paragraph at lines 763--763
[]\OT1/pcr/m/n/12 #pragma omp parallel for private(fX, i) reduction(+:fSum)[] 
 []

[88] [89]
<Images/cap_6/distribuzione_core.png, id=1102, 1161.33875pt x 691.58376pt>
File: Images/cap_6/distribuzione_core.png Graphic file (type png)
<use Images/cap_6/distribuzione_core.png>
Package pdftex.def Info: Images/cap_6/distribuzione_core.png  used on input line 796.
(pdftex.def)             Requested size: 272.99881pt x 162.57497pt.
 [90 <./Images/cap_6/distribuzione_core.png>] [91]
<Images/cap_6/socket_core_thread.png, id=1117, 1033.8625pt x 449.68pt>
File: Images/cap_6/socket_core_thread.png Graphic file (type png)
<use Images/cap_6/socket_core_thread.png>
Package pdftex.def Info: Images/cap_6/socket_core_thread.png  used on input line 844.
(pdftex.def)             Requested size: 272.99881pt x 118.73921pt.
<Images/cap_6/socket_distrib.png, id=1118, 1736.4875pt x 332.24126pt>
File: Images/cap_6/socket_distrib.png Graphic file (type png)
<use Images/cap_6/socket_distrib.png>
Package pdftex.def Info: Images/cap_6/socket_distrib.png  used on input line 864.
(pdftex.def)             Requested size: 272.99881pt x 52.23195pt.
 [92 <./Images/cap_6/socket_core_thread.png>] [93 <./Images/cap_6/socket_distrib.png>] [94]
Overfull \hbox (16.15204pt too wide) in paragraph at lines 898--899
\OT1/cmr/m/n/12 th-read vie-ne as-se-gna-to al \OT1/cmr/bx/n/12 pri-mo po-sto \OT1/cmr/m/n/12 del-la pro-pria sotto-partizione.
 []

[95]
<Images/cap_6/bind_place.png, id=1140, 784.9325pt x 453.695pt>
File: Images/cap_6/bind_place.png Graphic file (type png)
<use Images/cap_6/bind_place.png>
Package pdftex.def Info: Images/cap_6/bind_place.png  used on input line 912.
(pdftex.def)             Requested size: 272.99881pt x 157.79874pt.

Overfull \hbox (27.8989pt too wide) in paragraph at lines 928--929
[]\OT1/pcr/m/n/12 omp[]get[]place[]proc[]ids(int place[]num, int *ids)\OT1/cmr/m/n/12 : Riem-
 []

[96 <./Images/cap_6/bind_place.png>]
Overfull \hbox (14.46036pt too wide) in paragraph at lines 936--937
[]\OT1/pcr/m/n/12 omp[]get[]place[]proc[]ids(int place[]num, int *ids)\OT1/cmr/m/n/12 :
 []


Overfull \hbox (38.18425pt too wide) in paragraph at lines 938--939
[]\OT1/pcr/m/n/12 omp[]capture[]affinity(char *buffer, size[]t size, const
 []


Overfull \hbox (151.9052pt too wide) in paragraph at lines 939--940
[]\OT1/pcr/m/n/12 omp[]set[]affinity[]format(const char *format) \OT1/cmr/m/n/12 / \OT1/pcr/m/n/12 omp[]get[]affinity[]format()\OT1/cmr/m/n/12 :
 []

[97]
<Images/cap_6/esempio_calloc.png, id=1154, 1398.22375pt x 390.45876pt>
File: Images/cap_6/esempio_calloc.png Graphic file (type png)
<use Images/cap_6/esempio_calloc.png>
Package pdftex.def Info: Images/cap_6/esempio_calloc.png  used on input line 956.
(pdftex.def)             Requested size: 272.99881pt x 76.23149pt.
<Images/cap_6/esempio_malloc.png, id=1155, 1383.1675pt x 374.39874pt>
File: Images/cap_6/esempio_malloc.png Graphic file (type png)
<use Images/cap_6/esempio_malloc.png>
Package pdftex.def Info: Images/cap_6/esempio_malloc.png  used on input line 966.
(pdftex.def)             Requested size: 272.99881pt x 73.8958pt.
 [98 <./Images/cap_6/esempio_calloc.png>] [99 <./Images/cap_6/esempio_malloc.png>] [100]
Overfull \hbox (13.30402pt too wide) in paragraph at lines 1003--1004
\OT1/cmr/m/n/12 dei th-read tra-mi-te fun-zio-ni di run-ti-me co-me \OT1/pcr/m/n/12 omp[]display[]affinity()
 []

) (./parts/capitolo_7.tex [101]
Capitolo 7.
[102

]
<Images/cap_7/pipeline_compilazione.png, id=1191, 1688.3075pt x 97.36375pt>
File: Images/cap_7/pipeline_compilazione.png Graphic file (type png)
<use Images/cap_7/pipeline_compilazione.png>
Package pdftex.def Info: Images/cap_7/pipeline_compilazione.png  used on input line 24.
(pdftex.def)             Requested size: 272.99881pt x 15.74341pt.

Overfull \hbox (52.92747pt too wide) has occurred while \output is active
\OT1/cmr/m/sl/12 CAPITOLO 7.  TECNICHE DI COMPILAZIONE OTTIMIZZATA E PROFILING \OT1/cmr/m/n/12 103
 []

[103 <./Images/cap_7/pipeline_compilazione.png>]
Overfull \hbox (52.92747pt too wide) has occurred while \output is active
\OT1/cmr/m/sl/12 CAPITOLO 7.  TECNICHE DI COMPILAZIONE OTTIMIZZATA E PROFILING \OT1/cmr/m/n/12 104
 []

[104]
File: Images/cap_3/aliasing.png Graphic file (type png)
<use Images/cap_3/aliasing.png>
Package pdftex.def Info: Images/cap_3/aliasing.png  used on input line 80.
(pdftex.def)             Requested size: 292.5pt x 112.85623pt.

Overfull \hbox (52.92747pt too wide) has occurred while \output is active
\OT1/cmr/m/sl/12 CAPITOLO 7.  TECNICHE DI COMPILAZIONE OTTIMIZZATA E PROFILING \OT1/cmr/m/n/12 105
 []

[105]
Overfull \hbox (52.92747pt too wide) has occurred while \output is active
\OT1/cmr/m/sl/12 CAPITOLO 7.  TECNICHE DI COMPILAZIONE OTTIMIZZATA E PROFILING \OT1/cmr/m/n/12 106
 []

[106]
Overfull \hbox (52.92747pt too wide) has occurred while \output is active
\OT1/cmr/m/sl/12 CAPITOLO 7.  TECNICHE DI COMPILAZIONE OTTIMIZZATA E PROFILING \OT1/cmr/m/n/12 107
 []

[107]
Overfull \hbox (52.92747pt too wide) has occurred while \output is active
\OT1/cmr/m/sl/12 CAPITOLO 7.  TECNICHE DI COMPILAZIONE OTTIMIZZATA E PROFILING \OT1/cmr/m/n/12 108
 []

[108]
Overfull \hbox (22.96019pt too wide) in paragraph at lines 183--184
[]\OT1/cmr/bx/n/12 Kernel SY-SCALL\OT1/cmr/m/n/12 : Que-sto, at-tra-ver-so la chia-ma-ta \OT1/pcr/m/n/12 perf[]event[]open()
 []


Overfull \hbox (52.92747pt too wide) has occurred while \output is active
\OT1/cmr/m/sl/12 CAPITOLO 7.  TECNICHE DI COMPILAZIONE OTTIMIZZATA E PROFILING \OT1/cmr/m/n/12 109
 []

[109]
<Images/cap_7/comandi.png, id=1224, 1204.5pt x 180.675pt>
File: Images/cap_7/comandi.png Graphic file (type png)
<use Images/cap_7/comandi.png>
Package pdftex.def Info: Images/cap_7/comandi.png  used on input line 189.
(pdftex.def)             Requested size: 195.0pt x 29.24768pt.

Overfull \hbox (52.92747pt too wide) has occurred while \output is active
\OT1/cmr/m/sl/12 CAPITOLO 7.  TECNICHE DI COMPILAZIONE OTTIMIZZATA E PROFILING \OT1/cmr/m/n/12 110
 []

[110 <./Images/cap_7/comandi.png>]
Overfull \hbox (52.92747pt too wide) has occurred while \output is active
\OT1/cmr/m/sl/12 CAPITOLO 7.  TECNICHE DI COMPILAZIONE OTTIMIZZATA E PROFILING \OT1/cmr/m/n/12 111
 []

[111]
Overfull \hbox (21.29779pt too wide) in paragraph at lines 257--258
[]\OT1/cmr/bx/n/12 Comando\OT1/cmr/m/n/12 : \OT1/pcr/m/n/12 perf record -g --call-graph dwarf ./prog \OT1/cmr/m/n/12 (l'op-
 []


Overfull \hbox (52.92747pt too wide) has occurred while \output is active
\OT1/cmr/m/sl/12 CAPITOLO 7.  TECNICHE DI COMPILAZIONE OTTIMIZZATA E PROFILING \OT1/cmr/m/n/12 112
 []

[112]
Overfull \hbox (69.96596pt too wide) in paragraph at lines 280--281
\OT1/pcr/m/n/12 <gperftools/profiler.h>\OT1/cmr/m/n/12 ), av-vol-gen-do il co-di-ce tra \OT1/pcr/m/n/12 ProfilerStart()
 []


Overfull \hbox (52.92747pt too wide) has occurred while \output is active
\OT1/cmr/m/sl/12 CAPITOLO 7.  TECNICHE DI COMPILAZIONE OTTIMIZZATA E PROFILING \OT1/cmr/m/n/12 113
 []

[113]) (./parts/capitolo_8.tex
Overfull \hbox (52.92747pt too wide) has occurred while \output is active
\OT1/cmr/m/sl/12 CAPITOLO 7.  TECNICHE DI COMPILAZIONE OTTIMIZZATA E PROFILING \OT1/cmr/m/n/12 114
 []

[114]
Capitolo 8.
[115

] [116]
<Images/cap_8/primitivi.png, id=1273, 1007.765pt x 406.51875pt>
File: Images/cap_8/primitivi.png Graphic file (type png)
<use Images/cap_8/primitivi.png>
Package pdftex.def Info: Images/cap_8/primitivi.png  used on input line 57.
(pdftex.def)             Requested size: 272.99881pt x 110.12129pt.
<Images/cap_8/derivati.png, id=1274, 1017.8025pt x 367.3725pt>
File: Images/cap_8/derivati.png Graphic file (type png)
<use Images/cap_8/derivati.png>
Package pdftex.def Info: Images/cap_8/derivati.png  used on input line 62.
(pdftex.def)             Requested size: 272.99881pt x 98.53603pt.
<Images/cap_8/workflow.png, id=1275, 1017.8025pt x 394.47375pt>
File: Images/cap_8/workflow.png Graphic file (type png)
<use Images/cap_8/workflow.png>
Package pdftex.def Info: Images/cap_8/workflow.png  used on input line 67.
(pdftex.def)             Requested size: 272.99881pt x 105.80508pt.
 [117 <./Images/cap_8/primitivi.png> <./Images/cap_8/derivati.png>]
<Images/cap_8/anatomia.png, id=1284, 1017.8025pt x 356.33125pt>
File: Images/cap_8/anatomia.png Graphic file (type png)
<use Images/cap_8/anatomia.png>
Package pdftex.def Info: Images/cap_8/anatomia.png  used on input line 78.
(pdftex.def)             Requested size: 312.00119pt x 109.23274pt.

Overfull \hbox (9.73972pt too wide) in paragraph at lines 81--81
[]\OT1/cmr/bx/n/17.28 Modalit^^Ra di Co-mu-ni-ca-zio-ne Point-to-Point 
 []

<Images/cap_8/send-recive.png, id=1285, 1017.8025pt x 460.72125pt>
File: Images/cap_8/send-recive.png Graphic file (type png)
<use Images/cap_8/send-recive.png>
Package pdftex.def Info: Images/cap_8/send-recive.png  used on input line 86.
(pdftex.def)             Requested size: 312.00119pt x 141.23332pt.
[118 <./Images/cap_8/workflow.png> <./Images/cap_8/anatomia.png>]
Overfull \hbox (19.08138pt too wide) in paragraph at lines 101--102
\OT1/cmr/m/n/12 gram-ma-to-re de-ve al-lo-ca-re un buf-fer di me-mo-ria con \OT1/pcr/m/n/12 MPI[]Buffer[]attach\OT1/cmr/m/n/12 .
 []

[119 <./Images/cap_8/send-recive.png>]) [120]
No file document.bbl.
(./document.aux)
Package rerunfilecheck Info: File `document.out' has not changed.
(rerunfilecheck)             Checksum: 18137DCB9BE26E42F9139E1918101DB1;21914.
 ) 
Here is how much of TeX's memory you used:
 14968 strings out of 480163
 238936 string characters out of 5894093
 705433 words of memory out of 5000000
 32267 multiletter control sequences out of 15000+600000
 482477 words of font info for 74 fonts, out of 8000000 for 9000
 59 hyphenation exceptions out of 8191
 60i,9n,63p,1093b,535s stack positions out of 5000i,500n,10000p,200000b,80000s
{/usr/share/texlive/texmf-dist/fonts/enc/dvips/base/8r.enc} </home/dave/.texlive2021/texmf-var/fonts/pk/ljfour/jknappen/ec/tcrm1200.600pk></usr/share/texlive/texmf-dist/fonts/type1/public/amsfonts/cm/cmbx10.pfb></usr/share/texlive/texmf-dist/fonts/type1/public/amsfonts/cm/cmbx12.pfb></usr/share/texlive/texmf-dist/fonts/type1/public/amsfonts/cm/cmbxti10.pfb></usr/share/texlive/texmf-dist/fonts/type1/public/amsfonts/cm/cmcsc10.pfb></usr/share/texlive/texmf-dist/fonts/type1/public/amsfonts/cm/cmmi10.pfb></usr/share/texlive/texmf-dist/fonts/type1/public/amsfonts/cm/cmmi12.pfb></usr/share/texlive/texmf-dist/fonts/type1/public/amsfonts/cm/cmmi8.pfb></usr/share/texlive/texmf-dist/fonts/type1/public/amsfonts/cm/cmr10.pfb></usr/share/texlive/texmf-dist/fonts/type1/public/amsfonts/cm/cmr12.pfb></usr/share/texlive/texmf-dist/fonts/type1/public/amsfonts/cm/cmr17.pfb></usr/share/texlive/texmf-dist/fonts/type1/public/amsfonts/cm/cmr6.pfb></usr/share/texlive/texmf-dist/fonts/type1/public/amsfonts/cm/cmr7.pfb></usr/share/texlive/texmf-dist/fonts/type1/public/amsfonts/cm/cmr8.pfb></usr/share/texlive/texmf-dist/fonts/type1/public/amsfonts/cm/cmsl12.pfb></usr/share/texlive/texmf-dist/fonts/type1/public/amsfonts/cm/cmsy10.pfb></usr/share/texlive/texmf-dist/fonts/type1/public/amsfonts/cm/cmsy8.pfb></usr/share/texlive/texmf-dist/fonts/type1/public/amsfonts/cm/cmti10.pfb></usr/share/texlive/texmf-dist/fonts/type1/public/amsfonts/cm/cmti12.pfb></usr/share/texlive/texmf-dist/fonts/type1/urw/courier/ucrb8a.pfb></usr/share/texlive/texmf-dist/fonts/type1/urw/courier/ucrr8a.pfb>
Output written on document.pdf (121 pages, 6250504 bytes).
PDF statistics:
 1480 PDF objects out of 1728 (max. 8388607)
 1233 compressed objects within 13 object streams
 378 named destinations out of 1000 (max. 500000)
 1048 words of extra memory for PDF output out of 10000 (max. 10000000)

