\BOOKMARK [0][-]{chapter.1}{\376\377\000A\000r\000c\000h\000i\000t\000e\000t\000t\000u\000r\000e\000\040\000M\000o\000d\000e\000r\000n\000e}{}% 1
\BOOKMARK [1][-]{section.1.1}{\376\377\000M\000e\000m\000o\000r\000y\000\040\000W\000a\000l\000l}{chapter.1}% 2
\BOOKMARK [2][-]{subsection.1.1.1}{\376\377\000G\000e\000r\000a\000r\000c\000h\000i\000a\000\040\000d\000i\000\040\000M\000e\000m\000o\000r\000i\000a}{section.1.1}% 3
\BOOKMARK [2][-]{subsection.1.1.2}{\376\377\000P\000r\000e\000f\000e\000t\000c\000h\000i\000n\000g}{section.1.1}% 4
\BOOKMARK [1][-]{section.1.2}{\376\377\000P\000a\000r\000a\000l\000l\000e\000l\000i\000s\000m\000o\000\040\000I\000n\000t\000e\000r\000n\000o\000\040\000a\000l\000\040\000P\000r\000o\000c\000e\000s\000s\000o\000r\000e}{chapter.1}% 5
\BOOKMARK [2][-]{subsection.1.2.1}{\376\377\000P\000i\000p\000e\000l\000i\000n\000i\000n\000g}{section.1.2}% 6
\BOOKMARK [2][-]{subsection.1.2.2}{\376\377\000I\000n\000s\000t\000r\000u\000c\000t\000i\000o\000n\000-\000L\000e\000v\000e\000l\000\040\000P\000a\000r\000a\000l\000l\000e\000l\000i\000s\000m\000\040\000\050\000I\000L\000P\000\051}{section.1.2}% 7
\BOOKMARK [2][-]{subsection.1.2.3}{\376\377\000S\000I\000M\000D\000:\000\040\000P\000a\000r\000a\000l\000l\000e\000l\000i\000s\000m\000o\000\040\000V\000e\000t\000t\000o\000r\000i\000a\000l\000e}{section.1.2}% 8
\BOOKMARK [2][-]{subsection.1.2.4}{\376\377\000S\000M\000T\000:\000\040\000S\000i\000m\000u\000l\000t\000a\000n\000e\000o\000u\000s\000\040\000M\000u\000l\000t\000i\000t\000h\000r\000e\000a\000d\000i\000n\000g}{section.1.2}% 9
\BOOKMARK [1][-]{section.1.3}{\376\377\000S\000i\000s\000t\000e\000m\000i\000\040\000M\000u\000l\000t\000i\000c\000o\000r\000e\000\040\000e\000\040\000M\000o\000d\000e\000l\000l\000i\000\040\000d\000i\000\040\000A\000c\000c\000e\000s\000s\000o\000\040\000a\000l\000l\000a\000\040\000M\000e\000m\000o\000r\000i\000a}{chapter.1}% 10
\BOOKMARK [2][-]{subsection.1.3.1}{\376\377\000I\000l\000\040\000M\000o\000d\000e\000l\000l\000o\000\040\000M\000I\000M\000D}{section.1.3}% 11
\BOOKMARK [2][-]{subsection.1.3.2}{\376\377\000S\000M\000P\000\040\000v\000s\000\040\000N\000U\000M\000A}{section.1.3}% 12
\BOOKMARK [1][-]{section.1.4}{\376\377\000S\000i\000s\000t\000e\000m\000i\000\040\000a\000\040\000M\000e\000m\000o\000r\000i\000a\000\040\000C\000o\000n\000d\000i\000v\000i\000s\000a\000\040\000e\000\040\000D\000i\000s\000t\000r\000i\000b\000u\000i\000t\000a}{chapter.1}% 13
\BOOKMARK [2][-]{subsection.1.4.1}{\376\377\000S\000i\000s\000t\000e\000m\000i\000\040\000I\000b\000r\000i\000d\000i\000\040\000e\000\040\000H\000P\000C}{section.1.4}% 14
\BOOKMARK [2][-]{subsection.1.4.2}{\376\377\000R\000e\000t\000i\000\040\000e\000\040\000A\000c\000c\000e\000l\000e\000r\000a\000t\000o\000r\000i}{section.1.4}% 15
\BOOKMARK [1][-]{section.1.5}{\376\377\000M\000o\000d\000e\000l\000l\000i\000\040\000d\000i\000\040\000A\000n\000a\000l\000i\000s\000i\000:\000\040\000I\000l\000\040\000R\000o\000o\000f\000l\000i\000n\000e\000\040\000M\000o\000d\000e\000l}{chapter.1}% 16
\BOOKMARK [0][-]{chapter.2}{\376\377\000S\000o\000f\000t\000w\000a\000r\000e\000\040\000S\000t\000a\000c\000k\000\040\000i\000n\000\040\000H\000P\000C}{}% 17
\BOOKMARK [1][-]{section.2.1}{\376\377\000F\000i\000l\000e\000s\000y\000s\000t\000e\000m\000\040\000n\000e\000i\000\040\000s\000i\000s\000t\000e\000m\000i\000\040\000H\000P\000C}{chapter.2}% 18
\BOOKMARK [1][-]{section.2.2}{\376\377\000C\000o\000m\000p\000i\000l\000a\000t\000o\000r\000i\000\040\000i\000n\000\040\000a\000m\000b\000i\000e\000n\000t\000i\000\040\000H\000P\000C}{chapter.2}% 19
\BOOKMARK [1][-]{section.2.3}{\376\377\000L\000i\000b\000r\000e\000r\000i\000e}{chapter.2}% 20
\BOOKMARK [1][-]{section.2.4}{\376\377\000S\000c\000h\000e\000d\000u\000l\000e\000r}{chapter.2}% 21
\BOOKMARK [1][-]{section.2.5}{\376\377\000W\000o\000r\000k\000f\000l\000o\000w\000\040\000p\000e\000r\000\040\000s\000i\000s\000t\000e\000m\000i\000\040\000H\000P\000C}{chapter.2}% 22
\BOOKMARK [0][-]{chapter.3}{\376\377\000O\000t\000t\000i\000m\000i\000z\000z\000a\000z\000i\000o\000n\000e}{}% 23
\BOOKMARK [1][-]{section.3.1}{\376\377\000M\000i\000s\000u\000r\000a\000z\000i\000o\000n\000e\000\040\000d\000e\000l\000l\000e\000\040\000p\000e\000r\000f\000o\000r\000m\000a\000n\000c\000e}{chapter.3}% 24
\BOOKMARK [2][-]{subsection.3.1.1}{\376\377\000M\000i\000s\000u\000r\000e\000\040\000s\000u\000l\000\040\000c\000l\000o\000c\000k}{section.3.1}% 25
\BOOKMARK [2][-]{subsection.3.1.2}{\376\377\000M\000i\000s\000u\000r\000e\000\040\000s\000u\000l\000\040\000T\000e\000m\000p\000o}{section.3.1}% 26
\BOOKMARK [2][-]{subsection.3.1.3}{\376\377\000P\000r\000o\000f\000i\000l\000i\000n\000g}{section.3.1}% 27
\BOOKMARK [1][-]{section.3.2}{\376\377\000O\000t\000t\000i\000m\000i\000z\000z\000a\000r\000e}{chapter.3}% 28
\BOOKMARK [2][-]{subsection.3.2.1}{\376\377\000M\000e\000m\000o\000r\000y\000\040\000A\000l\000i\000a\000s\000i\000n\000g}{section.3.2}% 29
\BOOKMARK [0][-]{chapter.4}{\376\377\000O\000t\000t\000i\000m\000i\000z\000z\000a\000z\000i\000o\000n\000e\000\040\000S\000i\000n\000g\000l\000e\000-\000C\000o\000r\000e}{}% 30
\BOOKMARK [1][-]{section.4.1}{\376\377\000M\000e\000m\000o\000r\000i\000a\000\040\000c\000a\000c\000h\000e}{chapter.4}% 31
\BOOKMARK [1][-]{section.4.2}{\376\377\000C\000P\000U}{chapter.4}% 32
\BOOKMARK [2][-]{subsection.4.2.1}{\376\377\000P\000i\000p\000e\000l\000i\000n\000e\000\040\000d\000i\000\040\000E\000s\000e\000c\000u\000z\000i\000o\000n\000e}{section.4.2}% 33
\BOOKMARK [1][-]{section.4.3}{\376\377\000E\000v\000i\000t\000a\000r\000e\000\040\000l\000e\000\040\000I\000n\000e\000f\000f\000i\000c\000i\000e\000n\000z\000e}{chapter.4}% 34
\BOOKMARK [2][-]{subsection.4.3.1}{\376\377\000E\000s\000e\000m\000p\000i\000o\000\040\000c\000h\000e\000\040\000s\000e\000g\000u\000i\000r\000e\000m\000o}{section.4.3}% 35
\BOOKMARK [2][-]{subsection.4.3.2}{\376\377\0001\000.\000\040\000E\000v\000i\000t\000a\000r\000e\000\040\000C\000h\000i\000a\000m\000a\000t\000e\000\040\000a\000\040\000F\000u\000n\000z\000i\000o\000n\000i\000\040\000C\000o\000s\000t\000o\000s\000e}{section.4.3}% 36
\BOOKMARK [2][-]{subsection.4.3.3}{\376\377\0002\000.\000\040\000H\000o\000i\000s\000t\000i\000n\000g\000\040\000d\000e\000l\000l\000e\000\040\000e\000s\000p\000r\000e\000s\000s\000i\000o\000n\000i}{section.4.3}% 37
\BOOKMARK [2][-]{subsection.4.3.4}{\376\377\0003\000.\000\040\000C\000h\000i\000a\000r\000i\000r\000e\000\040\000l\000o\000\040\000S\000c\000o\000p\000e\000\040\000d\000e\000l\000l\000e\000\040\000V\000a\000r\000i\000a\000b\000i\000l\000i}{section.4.3}% 38
\BOOKMARK [2][-]{subsection.4.3.5}{\376\377\0004\000.\000\040\000S\000u\000g\000g\000e\000r\000i\000s\000c\000i\000\040\000c\000o\000s\000a\000\040\000\350\000\040\000I\000m\000p\000o\000r\000t\000a\000n\000t\000e}{section.4.3}% 39
\BOOKMARK [2][-]{subsection.4.3.6}{\376\377\0005\000.\000\040\000N\000o\000n\000\040\000r\000i\000p\000e\000t\000e\000r\000e\000\040\000c\000o\000n\000t\000r\000o\000l\000l\000i\000\040\000o\000\040\000r\000e\000f\000e\000r\000e\000n\000z\000i\000a\000z\000i\000o\000n\000i\000\040\000n\000o\000n\000\040\000n\000e\000c\000e\000s\000s\000a\000r\000i\000e}{section.4.3}% 40
\BOOKMARK [2][-]{subsection.4.3.7}{\376\377\000A\000v\000v\000e\000r\000t\000e\000n\000z\000a\000\040\000s\000u\000\040\000N\000u\000m\000e\000r\000i\000\040\000i\000n\000\040\000V\000i\000r\000g\000o\000l\000a}{section.4.3}% 41
\BOOKMARK [1][-]{section.4.4}{\376\377\000O\000t\000t\000i\000m\000i\000z\000z\000a\000z\000i\000o\000n\000e\000\040\000b\000a\000s\000a\000t\000a\000\040\000s\000u\000l\000l\000a\000\040\000C\000a\000c\000h\000e}{chapter.4}% 42
\BOOKMARK [2][-]{subsection.4.4.1}{\376\377\000M\000a\000p\000p\000a\000t\000u\000r\000a\000\040\000d\000e\000l\000l\000a\000\040\000C\000a\000c\000h\000e}{section.4.4}% 43
\BOOKMARK [2][-]{subsection.4.4.2}{\376\377\000M\000o\000d\000e\000l\000l\000o\000\040\000d\000i\000\040\000a\000c\000c\000e\000s\000s\000o\000\040\000a\000l\000l\000a\000\040\000M\000e\000m\000o\000r\000i\000a}{section.4.4}% 44
\BOOKMARK [2][-]{subsection.4.4.3}{\376\377\000O\000r\000g\000a\000n\000i\000z\000z\000a\000z\000i\000o\000n\000e\000\040\000d\000e\000i\000\040\000D\000a\000t\000i}{section.4.4}% 45
\BOOKMARK [1][-]{section.4.5}{\376\377\000B\000r\000a\000n\000c\000h\000\040\000c\000o\000n\000d\000i\000z\000i\000o\000n\000a\000l\000i}{chapter.4}% 46
\BOOKMARK [2][-]{subsection.4.5.1}{\376\377\000B\000r\000a\000n\000c\000h\000\040\000P\000r\000e\000d\000i\000c\000t\000o\000r}{section.4.5}% 47
\BOOKMARK [2][-]{subsection.4.5.2}{\376\377\000T\000e\000c\000n\000i\000c\000h\000e\000\040\000p\000e\000r\000\040\000l\000i\000m\000i\000t\000a\000r\000e\000\040\000i\000\040\000B\000r\000a\000n\000c\000h}{section.4.5}% 48
\BOOKMARK [1][-]{section.4.6}{\376\377\000O\000t\000t\000i\000m\000i\000z\000z\000a\000z\000i\000o\000n\000e\000\040\000d\000e\000i\000\040\000L\000o\000o\000p}{chapter.4}% 49
\BOOKMARK [2][-]{subsection.4.6.1}{\376\377\000O\000t\000t\000i\000m\000i\000z\000z\000a\000z\000i\000o\000n\000i\000\040\000p\000e\000r\000\040\000C\000i\000c\000l\000i\000\040\000a\000\040\000B\000a\000s\000s\000a\000\040\000I\000n\000t\000e\000n\000s\000i\000t\000\340\000:\000\040\000L\000o\000o\000p\000\040\000F\000u\000s\000i\000o\000n}{section.4.6}% 50
\BOOKMARK [2][-]{subsection.4.6.2}{\376\377\000O\000t\000t\000i\000m\000i\000z\000z\000a\000z\000i\000o\000n\000i\000\040\000p\000e\000r\000\040\000C\000i\000c\000l\000i\000\040\000O\000\050\000N\0002\000\051\000:\000\040\000U\000n\000r\000o\000l\000l\000\040\000\046\000\040\000J\000a\000m}{section.4.6}% 51
\BOOKMARK [2][-]{subsection.4.6.3}{\376\377\000S\000r\000o\000t\000o\000l\000a\000m\000e\000n\000t\000o\000\040\000d\000e\000l\000\040\000C\000i\000c\000l\000o\000\040\000\050\000L\000o\000o\000p\000\040\000U\000n\000r\000o\000l\000l\000i\000n\000g\000\051\000\040\000e\000\040\000A\000r\000i\000t\000m\000e\000t\000i\000c\000a\000\040\000F\000l\000o\000a\000t\000i\000n\000g\000\040\000P\000o\000i\000n\000t}{section.4.6}% 52
\BOOKMARK [2][-]{subsection.4.6.4}{\376\377\000E\000s\000e\000m\000p\000i\000o\000\040\000P\000r\000a\000t\000i\000c\000o\000\040\000O\000\050\000N\0003\000\051\000/\000O\000\050\000N\0002\000\051\000:\000\040\000M\000o\000l\000t\000i\000p\000l\000i\000c\000a\000z\000i\000o\000n\000e\000\040\000M\000a\000t\000r\000i\000c\000e\000-\000M\000a\000t\000r\000i\000c\000e\000\040\000\050\000M\000M\000M\000\051}{section.4.6}% 53
\BOOKMARK [0][-]{chapter.5}{\376\377\000P\000a\000r\000a\000l\000l\000e\000l\000i\000s\000m\000o\000\040\000e\000\040\000S\000c\000a\000l\000a\000b\000i\000l\000i\000t\000\340}{}% 54
\BOOKMARK [1][-]{section.5.1}{\376\377\000M\000o\000d\000e\000l\000l\000i\000\040\000d\000i\000\040\000p\000a\000r\000a\000l\000l\000e\000l\000i\000s\000m\000o}{chapter.5}% 55
\BOOKMARK [1][-]{section.5.2}{\376\377\000S\000c\000a\000l\000a\000b\000i\000l\000i\000t\000\340}{chapter.5}% 56
\BOOKMARK [0][-]{chapter.6}{\376\377\000O\000p\000e\000n\000M\000P}{}% 57
\BOOKMARK [1][-]{section.6.1}{\376\377\000C\000o\000s\000a\000\040\000\350\000\040\000O\000p\000e\000n\000M\000P}{chapter.6}% 58
\BOOKMARK [1][-]{section.6.2}{\376\377\000M\000o\000d\000e\000l\000l\000o\000\040\000F\000o\000r\000k\000-\000J\000o\000i\000n}{chapter.6}% 59
\BOOKMARK [2][-]{subsection.6.2.1}{\376\377\000D\000i\000r\000e\000t\000t\000i\000v\000e}{section.6.2}% 60
\BOOKMARK [1][-]{section.6.3}{\376\377\000R\000e\000g\000i\000o\000n\000i\000\040\000P\000a\000r\000a\000l\000l\000e\000l\000e}{chapter.6}% 61
\BOOKMARK [2][-]{subsection.6.3.1}{\376\377\000G\000e\000s\000t\000i\000o\000n\000e\000\040\000d\000e\000l\000l\000a\000\040\000R\000e\000g\000i\000o\000n\000e\000\040\000P\000a\000r\000a\000l\000l\000e\000l\000a}{section.6.3}% 62
\BOOKMARK [2][-]{subsection.6.3.2}{\376\377\000C\000o\000n\000t\000r\000o\000l\000l\000o\000\040\000d\000e\000l\000\040\000N\000u\000m\000e\000r\000o\000\040\000d\000i\000\040\000T\000h\000r\000e\000a\000d}{section.6.3}% 63
\BOOKMARK [2][-]{subsection.6.3.3}{\376\377\000S\000i\000n\000c\000r\000o\000n\000i\000z\000z\000a\000z\000i\000o\000n\000e\000\040\000d\000e\000l\000l\000'\000E\000s\000e\000c\000u\000z\000i\000o\000n\000e}{section.6.3}% 64
\BOOKMARK [2][-]{subsection.6.3.4}{\376\377\000O\000r\000d\000i\000n\000a\000m\000e\000n\000t\000o\000\040\000d\000e\000i\000\040\000T\000h\000r\000e\000a\000d}{section.6.3}% 65
\BOOKMARK [2][-]{subsection.6.3.5}{\376\377\000A\000s\000s\000e\000g\000n\000a\000z\000i\000o\000n\000e\000\040\000d\000e\000l\000\040\000l\000a\000v\000o\000r\000o}{section.6.3}% 66
\BOOKMARK [1][-]{section.6.4}{\376\377\000B\000a\000s\000i\000\040\000d\000e\000l\000l\000a\000\040\000P\000a\000r\000a\000l\000l\000e\000l\000i\000z\000z\000a\000z\000i\000o\000n\000e\000\040\000d\000e\000i\000\040\000C\000i\000c\000l\000i\000\040\000c\000o\000n\000\040\000O\000p\000e\000n\000M\000P}{chapter.6}% 67
\BOOKMARK [1][-]{section.6.5}{\376\377\000A\000s\000s\000e\000g\000n\000a\000z\000i\000o\000n\000e\000\040\000d\000e\000l\000\040\000L\000a\000v\000o\000r\000o}{chapter.6}% 68
\BOOKMARK [2][-]{subsection.6.5.1}{\376\377\000G\000u\000i\000d\000a\000\040\000a\000l\000l\000a\000\040\000S\000c\000e\000l\000t\000a\000\040\000d\000e\000l\000l\000o\000\040\000S\000c\000h\000e\000d\000u\000l\000e\000r}{section.6.5}% 69
\BOOKMARK [1][-]{section.6.6}{\376\377\000C\000l\000a\000u\000s\000o\000l\000e\000\040\000A\000v\000a\000n\000z\000a\000t\000e\000\040\000n\000e\000i\000\040\000F\000o\000r\000\040\000P\000a\000r\000a\000l\000l\000e\000l\000i}{chapter.6}% 70
\BOOKMARK [2][-]{subsection.6.6.1}{\376\377\000L\000a\000\040\000c\000l\000a\000u\000s\000o\000l\000a\000\040\000r\000e\000d\000u\000c\000t\000i\000o\000n}{section.6.6}% 71
\BOOKMARK [2][-]{subsection.6.6.2}{\376\377\000L\000a\000\040\000c\000l\000a\000u\000s\000o\000l\000a\000\040\000c\000o\000l\000l\000a\000p\000s\000e}{section.6.6}% 72
\BOOKMARK [2][-]{subsection.6.6.3}{\376\377\000L\000a\000\040\000c\000l\000a\000u\000s\000o\000l\000a\000\040\000n\000o\000w\000a\000i\000t}{section.6.6}% 73
\BOOKMARK [1][-]{section.6.7}{\376\377\000A\000n\000a\000t\000o\000m\000i\000a\000\040\000d\000i\000\040\000u\000n\000\040\000D\000a\000t\000a\000\040\000R\000a\000c\000e}{chapter.6}% 74
\BOOKMARK [2][-]{subsection.6.7.1}{\376\377\000I\000l\000\040\000P\000r\000o\000b\000l\000e\000m\000a\000\040\000d\000e\000l\000\040\000L\000i\000v\000e\000l\000l\000o\000\040\000M\000a\000c\000c\000h\000i\000n\000a\000\040\000\050\000R\000e\000a\000d\000-\000M\000o\000d\000i\000f\000y\000-\000W\000r\000i\000t\000e\000\051}{section.6.7}% 75
\BOOKMARK [2][-]{subsection.6.7.2}{\376\377\000S\000i\000n\000c\000r\000o\000n\000i\000z\000z\000a\000z\000i\000o\000n\000e\000\040\000v\000s\000\040\000S\000c\000a\000l\000a\000b\000i\000l\000i\000t\000\340}{section.6.7}% 76
\BOOKMARK [1][-]{section.6.8}{\376\377\000I\000l\000\040\000P\000r\000o\000b\000l\000e\000m\000a\000\040\000d\000e\000l\000\040\000F\000a\000l\000s\000e\000\040\000S\000h\000a\000r\000i\000n\000g}{chapter.6}% 77
\BOOKMARK [2][-]{subsection.6.8.1}{\376\377\000R\000i\000s\000o\000l\000u\000z\000i\000o\000n\000e\000\040\000T\000r\000a\000m\000i\000t\000e\000\040\000P\000a\000d\000d\000i\000n\000g}{section.6.8}% 78
\BOOKMARK [1][-]{section.6.9}{\376\377\000D\000i\000r\000e\000t\000t\000i\000v\000e\000\040\000A\000n\000n\000i\000d\000a\000t\000e\000:\000\040\000U\000n\000\040\000D\000e\000t\000t\000a\000g\000l\000i\000o\000\040\000I\000m\000p\000o\000r\000t\000a\000n\000t\000e}{chapter.6}% 79
\BOOKMARK [2][-]{subsection.6.9.1}{\376\377\000C\000a\000s\000o\000\040\000A\000:\000\040\000C\000o\000n\000d\000i\000v\000i\000s\000i\000o\000n\000e\000\040\000d\000e\000l\000\040\000L\000a\000v\000o\000r\000o\000\040\000\050\000o\000m\000p\000\040\000f\000o\000r\000\051}{section.6.9}% 80
\BOOKMARK [2][-]{subsection.6.9.2}{\376\377\000C\000a\000s\000o\000\040\000B\000:\000\040\000C\000r\000e\000a\000z\000i\000o\000n\000e\000\040\000d\000i\000\040\000N\000u\000o\000v\000e\000\040\000R\000e\000g\000i\000o\000n\000i\000\040\000\050\000o\000m\000p\000\040\000p\000a\000r\000a\000l\000l\000e\000l\000\040\000f\000o\000r\000\051}{section.6.9}% 81
\BOOKMARK [1][-]{section.6.10}{\376\377\000C\000a\000s\000o\000\040\000d\000i\000\040\000S\000t\000u\000d\000i\000o\000:\000\040\000C\000a\000l\000c\000o\000l\000o\000\040\000d\000e\000l\000\040\000P\000i\000-\000g\000r\000e\000c\000o}{chapter.6}% 82
\BOOKMARK [2][-]{subsection.6.10.1}{\376\377\000L\000'\000A\000l\000g\000o\000r\000i\000t\000m\000o\000\040\000S\000e\000q\000u\000e\000n\000z\000i\000a\000l\000e\000\040\000d\000i\000\040\000B\000a\000s\000e}{section.6.10}% 83
\BOOKMARK [2][-]{subsection.6.10.2}{\376\377\000T\000e\000n\000t\000a\000t\000i\000v\000i\000\040\000d\000i\000\040\000P\000a\000r\000a\000l\000l\000e\000l\000i\000z\000z\000a\000z\000i\000o\000n\000e\000\040\000e\000d\000\040\000E\000r\000r\000o\000r\000i\000\040\000C\000o\000m\000u\000n\000i}{section.6.10}% 84
\BOOKMARK [3][-]{subsubsection.6.10.2.1}{\376\377\000E\000r\000r\000o\000r\000e\000\040\0001\000:\000\040\000I\000l\000\040\000D\000a\000t\000a\000\040\000R\000a\000c\000e\000\040\000\050\000V\000a\000r\000i\000a\000b\000i\000l\000e\000\040\000C\000o\000n\000d\000i\000v\000i\000s\000a\000\051}{subsection.6.10.2}% 85
\BOOKMARK [3][-]{subsubsection.6.10.2.2}{\376\377\000E\000r\000r\000o\000r\000e\000\040\0002\000:\000\040\000L\000'\000O\000b\000l\000i\000o\000\040\000\050\000V\000a\000r\000i\000a\000b\000i\000l\000e\000\040\000P\000r\000i\000v\000a\000t\000a\000\051}{subsection.6.10.2}% 86
\BOOKMARK [3][-]{subsubsection.6.10.2.3}{\376\377\000E\000r\000r\000o\000r\000e\000\040\0003\000:\000\040\000I\000l\000\040\000F\000u\000r\000t\000o\000\040\000\050\000V\000a\000r\000i\000a\000b\000i\000l\000e\000\040\000L\000a\000s\000t\000p\000r\000i\000v\000a\000t\000e\000\051}{subsection.6.10.2}% 87
\BOOKMARK [2][-]{subsection.6.10.3}{\376\377\000L\000a\000\040\000S\000o\000l\000u\000z\000i\000o\000n\000e\000\040\000O\000t\000t\000i\000m\000a\000l\000e\000:\000\040\000R\000e\000d\000u\000c\000t\000i\000o\000n}{section.6.10}% 88
\BOOKMARK [1][-]{section.6.11}{\376\377\000N\000U\000M\000A\000\040\000A\000w\000a\000r\000e\000n\000e\000s\000s}{chapter.6}% 89
\BOOKMARK [2][-]{subsection.6.11.1}{\376\377\000A\000f\000f\000i\000n\000i\000t\000\340\000\040\000d\000e\000i\000\040\000T\000h\000r\000e\000a\000d}{section.6.11}% 90
\BOOKMARK [2][-]{subsection.6.11.2}{\376\377\000P\000l\000a\000c\000e\000c\000s}{section.6.11}% 91
\BOOKMARK [2][-]{subsection.6.11.3}{\376\377\000B\000i\000n\000d\000i\000n\000g}{section.6.11}% 92
\BOOKMARK [2][-]{subsection.6.11.4}{\376\377\000P\000o\000l\000i\000c\000y\000\040\000d\000i\000\040\000A\000l\000l\000o\000c\000a\000z\000i\000o\000n\000e\000\040\000d\000e\000l\000l\000a\000\040\000M\000e\000m\000o\000r\000i\000a}{section.6.11}% 93
\BOOKMARK [2][-]{subsection.6.11.5}{\376\377\000S\000t\000r\000u\000m\000e\000n\000t\000i\000\040\000p\000e\000r\000\040\000l\000'\000A\000n\000a\000l\000i\000s\000i\000\040\000d\000e\000l\000l\000a\000\040\000T\000o\000p\000o\000l\000o\000g\000i\000a\000\040\000e\000\040\000i\000l\000\040\000P\000i\000n\000n\000i\000n\000g}{section.6.11}% 94
\BOOKMARK [2][-]{subsection.6.11.6}{\376\377\000W\000o\000r\000k\000f\000l\000o\000w\000\040\000p\000e\000r\000\040\000l\000a\000\040\000N\000U\000M\000A\000-\000a\000w\000a\000r\000e\000n\000e\000s\000s}{section.6.11}% 95
\BOOKMARK [0][-]{chapter.7}{\376\377\000T\000e\000c\000n\000i\000c\000h\000e\000\040\000d\000i\000\040\000C\000o\000m\000p\000i\000l\000a\000z\000i\000o\000n\000e\000\040\000O\000t\000t\000i\000m\000i\000z\000z\000a\000t\000a\000\040\000e\000\040\000P\000r\000o\000f\000i\000l\000i\000n\000g}{}% 96
\BOOKMARK [1][-]{section.7.1}{\376\377\000C\000o\000m\000p\000i\000l\000a\000t\000o\000r\000e}{chapter.7}% 97
\BOOKMARK [2][-]{subsection.7.1.1}{\376\377\000P\000i\000p\000e\000l\000i\000n\000e\000\040\000d\000i\000\040\000C\000o\000m\000p\000i\000l\000a\000z\000i\000o\000n\000e}{section.7.1}% 98
\BOOKMARK [2][-]{subsection.7.1.2}{\376\377\000I\000l\000\040\000M\000e\000m\000o\000r\000y\000\040\000A\000l\000i\000a\000s\000i\000n\000g}{section.7.1}% 99
\BOOKMARK [1][-]{section.7.2}{\376\377\000P\000r\000o\000f\000i\000l\000i\000n\000g}{chapter.7}% 100
\BOOKMARK [2][-]{subsection.7.2.1}{\376\377\000P\000M\000U}{section.7.2}% 101
\BOOKMARK [3][-]{subsubsection.7.2.1.1}{\376\377\000P\000e\000r\000f\000o\000r\000m\000a\000n\000c\000e\000\040\000E\000v\000e\000n\000t\000s\000\040\000f\000o\000r\000\040\000L\000i\000n\000u\000x\000\040\000\050\000P\000e\000r\000f\000\051}{subsection.7.2.1}% 102
\BOOKMARK [3][-]{subsubsection.7.2.1.2}{\376\377\000A\000l\000t\000r\000i\000\040\000s\000t\000r\000u\000m\000e\000n\000t\000i\000\040\000d\000i\000\040\000P\000r\000o\000f\000i\000l\000i\000n\000g}{subsection.7.2.1}% 103
\BOOKMARK [0][-]{chapter.8}{\376\377\000O\000p\000e\000n\000M\000P\000I}{}% 104
\BOOKMARK [1][-]{section.8.1}{\376\377\000I\000l\000\040\000P\000r\000o\000b\000l\000e\000m\000a\000\040\000d\000e\000l\000l\000a\000\040\000S\000c\000a\000l\000a\000b\000i\000l\000i\000t\000\340}{chapter.8}% 105
\BOOKMARK [1][-]{section.8.2}{\376\377\000C\000o\000s\000'\000\350\000\040\000M\000P\000I\000?}{chapter.8}% 106
\BOOKMARK [1][-]{section.8.3}{\376\377\000S\000t\000r\000u\000t\000t\000u\000r\000a\000\040\000d\000i\000\040\000u\000n\000\040\000P\000r\000o\000g\000r\000a\000m\000m\000a\000\040\000e\000\040\000C\000o\000m\000u\000n\000i\000c\000a\000t\000o\000r\000i}{chapter.8}% 107
\BOOKMARK [1][-]{section.8.4}{\376\377\000T\000i\000p\000i\000\040\000d\000i\000\040\000D\000a\000t\000i\000\040\000e\000\040\000M\000e\000s\000s\000a\000g\000g\000i}{chapter.8}% 108
\BOOKMARK [1][-]{section.8.5}{\376\377\000M\000o\000d\000a\000l\000i\000t\000\340\000\040\000d\000i\000\040\000C\000o\000m\000u\000n\000i\000c\000a\000z\000i\000o\000n\000e\000\040\000P\000o\000i\000n\000t\000-\000t\000o\000-\000P\000o\000i\000n\000t}{chapter.8}% 109
\BOOKMARK [2][-]{subsection.8.5.1}{\376\377\000G\000a\000r\000a\000n\000z\000i\000e\000\040\000d\000i\000\040\000C\000o\000m\000u\000n\000i\000c\000a\000z\000i\000o\000n\000e\000:\000\040\000O\000r\000d\000e\000r\000i\000n\000g\000,\000\040\000F\000a\000i\000r\000n\000e\000s\000s\000\040\000e\000\040\000P\000r\000o\000g\000r\000e\000s\000s}{section.8.5}% 110
\BOOKMARK [2][-]{subsection.8.5.2}{\376\377\000G\000e\000s\000t\000i\000o\000n\000e\000\040\000d\000e\000l\000l\000a\000\040\000R\000i\000c\000e\000z\000i\000o\000n\000e\000:\000\040\000M\000P\000I\000\137\000S\000t\000a\000t\000u\000s\000\040\000e\000\040\000M\000P\000I\000\137\000G\000e\000t\000\137\000c\000o\000u\000n\000t}{section.8.5}% 111
\BOOKMARK [2][-]{subsection.8.5.3}{\376\377\000C\000o\000m\000u\000n\000i\000c\000a\000z\000i\000o\000n\000e\000\040\000B\000l\000o\000c\000c\000a\000n\000t\000e\000\040\000v\000s\000\040\000N\000o\000n\000-\000B\000l\000o\000c\000c\000a\000n\000t\000e}{section.8.5}% 112
\BOOKMARK [2][-]{subsection.8.5.4}{\376\377\000D\000e\000a\000d\000l\000o\000c\000k\000\040\000e\000\040\000l\000a\000\040\000S\000o\000l\000u\000z\000i\000o\000n\000e\000\040\000M\000P\000I\000\137\000S\000e\000n\000d\000r\000e\000c\000v}{section.8.5}% 113
\BOOKMARK [2][-]{subsection.8.5.5}{\376\377\000C\000o\000m\000p\000i\000l\000a\000z\000i\000o\000n\000e\000\040\000e\000d\000\040\000E\000s\000e\000c\000u\000z\000i\000o\000n\000e\000\040\000i\000n\000\040\000A\000m\000b\000i\000e\000n\000t\000e\000\040\000H\000P\000C}{section.8.5}% 114
\BOOKMARK [1][-]{section.8.6}{\376\377\000M\000i\000s\000u\000r\000a\000z\000i\000o\000n\000e\000\040\000d\000e\000l\000l\000e\000\040\000P\000r\000e\000s\000t\000a\000z\000i\000o\000n\000i\000:\000\040\000M\000P\000I\000\137\000W\000t\000i\000m\000e}{chapter.8}% 115
\BOOKMARK [2][-]{subsection.8.6.1}{\376\377\000M\000o\000d\000e\000l\000l\000i\000\040\000d\000i\000\040\000C\000o\000s\000t\000o\000\040\000e\000\040\000S\000c\000a\000l\000a\000b\000i\000l\000i\000t\000\340\000\040\000\050\000L\000e\000g\000g\000e\000\040\000d\000i\000\040\000A\000m\000d\000a\000h\000l\000\040\000e\000\040\000M\000o\000d\000e\000l\000l\000o\000\040\000-\000\051}{section.8.6}% 116
\BOOKMARK [3][-]{subsubsection.8.6.1.1}{\376\377\000L\000'\000i\000m\000p\000a\000t\000t\000o\000\040\000s\000u\000l\000l\000a\000\040\000S\000c\000a\000l\000a\000b\000i\000l\000i\000t\000\340}{subsection.8.6.1}% 117
\BOOKMARK [2][-]{subsection.8.6.2}{\376\377\000I\000l\000\040\000M\000o\000d\000e\000l\000l\000o\000\040\000d\000i\000\040\000c\000o\000s\000t\000o\000\040\000-\000\040}{section.8.6}% 118
\BOOKMARK [2][-]{subsection.8.6.3}{\376\377\000I\000l\000\040\000p\000r\000o\000b\000l\000e\000m\000a\000\040\000d\000e\000l\000l\000e\000\040\000D\000e\000a\000d\000l\000o\000c\000k}{section.8.6}% 119
\BOOKMARK [2][-]{subsection.8.6.4}{\376\377\000C\000o\000m\000u\000n\000i\000c\000a\000z\000i\000o\000n\000i\000\040\000n\000o\000n\000\040\000b\000l\000o\000c\000c\000a\000n\000t\000i}{section.8.6}% 120
\BOOKMARK [2][-]{subsection.8.6.5}{\376\377\000L\000i\000n\000e\000e\000\040\000g\000u\000i\000d\000a\000\040\000p\000e\000r\000\040\000l\000a\000\040\000s\000c\000e\000l\000t\000a\000:\000\040\000B\000l\000o\000c\000c\000a\000n\000t\000i\000\040\000v\000s\000.\000\040\000N\000o\000n\000-\000B\000l\000o\000c\000c\000a\000n\000t\000i}{section.8.6}% 121
\BOOKMARK [1][-]{section.8.7}{\376\377\000C\000o\000m\000u\000n\000i\000c\000a\000t\000o\000r\000i}{chapter.8}% 122
\BOOKMARK [2][-]{subsection.8.7.1}{\376\377\000T\000o\000p\000o\000l\000o\000g\000i\000a\000\040\000C\000a\000r\000t\000e\000s\000i\000a\000n\000a}{section.8.7}% 123
