\BOOKMARK [0][-]{chapter.1}{\376\377\000D\000e\000s\000i\000g\000n\000\040\000P\000a\000t\000t\000e\000r\000n}{}% 1
\BOOKMARK [1][-]{section.1.1}{\376\377\000P\000r\000o\000x\000y}{chapter.1}% 2
\BOOKMARK [1][-]{section.1.2}{\376\377\000R\000e\000f\000e\000r\000e\000n\000c\000e\000\040\000M\000o\000n\000i\000t\000o\000r}{chapter.1}% 3
\BOOKMARK [1][-]{section.1.3}{\376\377\000P\000a\000t\000t\000e\000r\000n\000\040\000R\000o\000l\000e\000-\000B\000a\000s\000e\000d\000\040\000A\000c\000c\000e\000s\000s\000\040\000C\000o\000n\000t\000r\000o\000l}{chapter.1}% 4
\BOOKMARK [1][-]{section.1.4}{\376\377\000A\000u\000t\000h\000e\000n\000t\000i\000c\000a\000t\000o\000r}{chapter.1}% 5
\BOOKMARK [2][-]{subsection.1.4.1}{\376\377\000R\000a\000t\000e\000-\000L\000i\000m\000i\000t\000i\000n\000g}{section.1.4}% 6
\BOOKMARK [1][-]{section.1.5}{\376\377\000T\000o\000k\000e\000n}{chapter.1}% 7
\BOOKMARK [2][-]{subsection.1.5.1}{\376\377\000J\000S\000O\000N\000\040\000W\000e\000b\000\040\000T\000o\000k\000e\000n}{section.1.5}% 8
\BOOKMARK [1][-]{section.1.6}{\376\377\000R\000e\000m\000o\000t\000e\000\040\000P\000r\000o\000x\000y}{chapter.1}% 9
\BOOKMARK [1][-]{section.1.7}{\376\377\000F\000o\000r\000w\000a\000r\000d\000e\000r\000-\000R\000e\000c\000e\000i\000v\000e\000r}{chapter.1}% 10
\BOOKMARK [1][-]{section.1.8}{\376\377\000S\000t\000r\000a\000t\000e\000g\000i\000e\000\040\000d\000i\000\040\000D\000i\000s\000t\000r\000i\000b\000u\000z\000i\000o\000n\000e}{chapter.1}% 11
\BOOKMARK [2][-]{subsection.1.8.1}{\376\377\000R\000e\000m\000o\000t\000e\000\040\000F\000a\000c\000a\000d\000e}{section.1.8}% 12
\BOOKMARK [2][-]{subsection.1.8.2}{\376\377\000D\000a\000t\000a\000\040\000T\000r\000a\000n\000s\000f\000e\000r\000\040\000O\000b\000j\000e\000c\000t}{section.1.8}% 13
\BOOKMARK [2][-]{subsection.1.8.3}{\376\377\000R\000e\000m\000o\000t\000e\000\040\000M\000e\000t\000h\000o\000d\000\040\000I\000n\000v\000o\000c\000a\000t\000i\000o\000n}{section.1.8}% 14
\BOOKMARK [1][-]{section.1.9}{\376\377\000S\000e\000s\000s\000i\000o\000n\000e}{chapter.1}% 15
\BOOKMARK [2][-]{subsection.1.9.1}{\376\377\000C\000l\000i\000e\000n\000t\000\040\000S\000e\000s\000s\000i\000o\000n\000\040\000S\000t\000a\000t\000e}{section.1.9}% 16
\BOOKMARK [2][-]{subsection.1.9.2}{\376\377\000S\000e\000r\000v\000e\000r\000\040\000S\000e\000s\000s\000i\000o\000n\000\040\000S\000t\000a\000t\000e}{section.1.9}% 17
\BOOKMARK [2][-]{subsection.1.9.3}{\376\377\000D\000a\000t\000a\000b\000a\000s\000e\000\040\000S\000e\000s\000s\000i\000o\000n\000\040\000S\000t\000a\000t\000e}{section.1.9}% 18
\BOOKMARK [2][-]{subsection.1.9.4}{\376\377\000S\000e\000r\000i\000a\000l\000i\000z\000e\000d\000\040\000L\000O\000B}{section.1.9}% 19
\BOOKMARK [1][-]{section.1.10}{\376\377\000M\000e\000m\000e\000n\000t\000o}{chapter.1}% 20
\BOOKMARK [1][-]{section.1.11}{\376\377\000I\000d\000e\000m\000p\000o\000t\000e\000n\000t\000\040\000R\000e\000c\000e\000i\000v\000e\000r}{chapter.1}% 21
\BOOKMARK [1][-]{section.1.12}{\376\377\000R\000e\000q\000u\000e\000s\000t\000\040\000B\000a\000t\000c\000h}{chapter.1}% 22
\BOOKMARK [1][-]{section.1.13}{\376\377\000L\000e\000a\000d\000e\000r\000\040\000A\000n\000d\000\040\000F\000o\000l\000l\000o\000w\000e\000r\000s}{chapter.1}% 23
\BOOKMARK [2][-]{subsection.1.13.1}{\376\377\000H\000e\000a\000r\000t\000\040\000B\000e\000a\000t}{section.1.13}% 24
\BOOKMARK [2][-]{subsection.1.13.2}{\376\377\000M\000a\000j\000o\000r\000i\000t\000y\000\040\000Q\000u\000o\000r\000u\000m}{section.1.13}% 25
\BOOKMARK [2][-]{subsection.1.13.3}{\376\377\000G\000e\000n\000e\000r\000a\000t\000i\000o\000n\000\040\000C\000l\000o\000c\000k}{section.1.13}% 26
\BOOKMARK [1][-]{section.1.14}{\376\377\000R\000e\000q\000u\000e\000s\000t\000\040\000P\000i\000p\000e\000l\000i\000n\000e}{chapter.1}% 27
\BOOKMARK [1][-]{section.1.15}{\376\377\000S\000t\000a\000b\000i\000l\000i\000t\000\340}{chapter.1}% 28
\BOOKMARK [2][-]{subsection.1.15.1}{\376\377\000T\000i\000m\000e\000o\000u\000t}{section.1.15}% 29
\BOOKMARK [2][-]{subsection.1.15.2}{\376\377\000C\000i\000r\000c\000u\000i\000t\000\040\000B\000r\000e\000a\000k\000e\000r}{section.1.15}% 30
\BOOKMARK [2][-]{subsection.1.15.3}{\376\377\000B\000u\000l\000k\000h\000e\000a\000d\000s}{section.1.15}% 31
\BOOKMARK [2][-]{subsection.1.15.4}{\376\377\000S\000i\000s\000t\000e\000m\000i\000\040\000R\000e\000a\000t\000t\000i\000v\000i}{section.1.15}% 32
\BOOKMARK [1][-]{section.1.16}{\376\377\000F\000u\000t\000u\000r\000e}{chapter.1}% 33
\BOOKMARK [2][-]{subsection.1.16.1}{\376\377\000C\000o\000m\000p\000l\000e\000t\000a\000b\000l\000e\000F\000u\000t\000u\000r\000e}{section.1.16}% 34
