\BOOKMARK [0][-]{chapter.1}{\376\377\000C\000i\000f\000r\000a\000r\000i\000\040\000S\000t\000o\000r\000i\000c\000i}{}% 1
\BOOKMARK [1][-]{section.1.1}{\376\377\000S\000h\000i\000f\000t\000\040\000C\000i\000p\000h\000e\000r}{chapter.1}% 2
\BOOKMARK [1][-]{section.1.2}{\376\377\000C\000i\000f\000r\000a\000r\000i\000o\000\040\000p\000e\000r\000\040\000s\000o\000s\000t\000i\000t\000u\000z\000i\000o\000n\000e}{chapter.1}% 3
\BOOKMARK [1][-]{section.1.3}{\376\377\000O\000n\000e\000\040\000T\000i\000m\000e\000\040\000P\000a\000d\000\040\000e\000\040\000S\000i\000c\000u\000r\000e\000z\000z\000a\000\040\000P\000e\000r\000f\000e\000t\000t\000a}{chapter.1}% 4
\BOOKMARK [1][-]{section.1.4}{\376\377\000L\000i\000m\000i\000t\000a\000z\000i\000o\000n\000i\000\040\000d\000e\000l\000l\000a\000\040\000P\000e\000r\000f\000e\000t\000t\000a\000\040\000S\000i\000c\000u\000r\000e\000z\000z\000a}{chapter.1}% 5
\BOOKMARK [1][-]{section.1.5}{\376\377\000T\000e\000o\000r\000e\000m\000a\000\040\000d\000i\000\040\000S\000h\000a\000n\000n\000o\000n}{chapter.1}% 6
\BOOKMARK [0][-]{chapter.2}{\376\377\000C\000i\000f\000r\000a\000t\000u\000r\000a\000\040\000a\000\040\000b\000l\000o\000c\000c\000h\000i}{}% 7
\BOOKMARK [1][-]{section.2.1}{\376\377\000A\000d\000v\000a\000n\000c\000e\000d\000\040\000E\000n\000c\000r\000y\000p\000t\000i\000o\000n\000\040\000S\000t\000a\000n\000d\000a\000r\000d}{chapter.2}% 8
\BOOKMARK [0][-]{chapter.3}{\376\377\000F\000u\000n\000z\000i\000o\000n\000i\000\040\000e\000\040\000P\000e\000r\000m\000u\000t\000a\000z\000i\000o\000n\000i\000\040\000P\000s\000e\000u\000d\000o\000-\000C\000a\000s\000u\000a\000l\000i}{}% 9
\BOOKMARK [1][-]{section.3.1}{\376\377\000E\000s\000p\000e\000r\000i\000m\000e\000n\000t\000o\000\040\000R\000a\000n\000d\000o\000m\000\040\000v\000s\000\040\000P\000s\000e\000u\000d\000o\000-\000R\000a\000n\000d\000o\000m}{chapter.3}% 10
\BOOKMARK [1][-]{section.3.2}{\376\377\000P\000R\000F\000\040\000i\000m\000p\000l\000i\000c\000a\000\040\000s\000i\000c\000u\000r\000e\000z\000z\000a\000\040\000d\000a\000\040\000K\000e\000y\000\040\000R\000e\000c\000o\000v\000e\000r\000y}{chapter.3}% 11
\BOOKMARK [1][-]{section.3.3}{\376\377\000A\000t\000a\000c\000c\000o\000\040\000d\000e\000l\000\040\000c\000o\000m\000p\000l\000e\000a\000n\000n\000o}{chapter.3}% 12
\BOOKMARK [0][-]{chapter.4}{\376\377\000C\000i\000f\000r\000a\000r\000i\000\040\000S\000i\000m\000m\000e\000t\000r\000i\000c\000i}{}% 13
\BOOKMARK [1][-]{section.4.1}{\376\377\000M\000o\000d\000o\000\040\000E\000C\000B\000\040\000\050\000E\000l\000e\000c\000t\000r\000o\000n\000i\000c\000\040\000C\000o\000d\000e\000b\000o\000o\000k\000\040\000M\000o\000d\000e\000\051}{chapter.4}% 14
\BOOKMARK [1][-]{section.4.2}{\376\377\000M\000o\000d\000o\000\040\000C\000B\000C\000\044\000\040\000\050\000C\000i\000p\000h\000e\000r\000\040\000b\000l\000o\000c\000k\000\040\000C\000h\000a\000i\000n\000i\000n\000g\000\040\000M\000o\000d\000e\000\051}{chapter.4}% 15
\BOOKMARK [1][-]{section.4.3}{\376\377\000M\000o\000d\000o\000\040\000C\000T\000R\000\044\000\040\000\050\000c\000o\000u\000n\000t\000e\000r\000\040\000r\000a\000n\000d\000o\000m\000i\000z\000z\000a\000t\000o\000\051}{chapter.4}% 16
\BOOKMARK [1][-]{section.4.4}{\376\377\000M\000o\000d\000o\000\040\000C\000T\000R\000C\000\040\000\050\000m\000o\000d\000o\000\040\000c\000o\000u\000n\000t\000e\000r\000\040\000n\000o\000n\000\040\000r\000a\000n\000d\000o\000m\000i\000z\000z\000a\000t\000o\000\051}{chapter.4}% 17
\BOOKMARK [1][-]{section.4.5}{\376\377\000P\000r\000i\000v\000a\000c\000y}{chapter.4}% 18
\BOOKMARK [1][-]{section.4.6}{\376\377\000I\000n\000d\000i\000s\000t\000i\000n\000g\000u\000i\000b\000i\000l\000i\000t\000\340}{chapter.4}% 19
\BOOKMARK [1][-]{section.4.7}{\376\377\000S\000i\000c\000u\000r\000e\000z\000z\000a\000\040\000d\000i\000\040\000C\000T\000R\000C\000\040\000e\000\040\000C\000T\000R\000C\000\044}{chapter.4}% 20
\BOOKMARK [1][-]{section.4.8}{\376\377\000A\000t\000t\000a\000c\000c\000h\000i\000\040\000a\000\040\000c\000r\000i\000t\000t\000o\000t\000e\000s\000t\000o\000\040\000s\000c\000e\000l\000t\000o}{chapter.4}% 21
\BOOKMARK [0][-]{chapter.5}{\376\377\000F\000u\000n\000z\000i\000o\000n\000i\000\040\000H\000a\000s\000h}{}% 22
\BOOKMARK [1][-]{section.5.1}{\376\377\000A\000p\000p\000l\000i\000c\000a\000z\000i\000o\000n\000i\000\040\000d\000i\000\040\000f\000u\000n\000z\000i\000o\000n\000i\000\040\000H\000a\000s\000h}{chapter.5}% 23
\BOOKMARK [1][-]{section.5.2}{\376\377\000S\000H\000A\000-\0001\000\040\000\050\000S\000e\000c\000u\000r\000e\000\040\000H\000a\000s\000h\000\040\000A\000l\000g\000o\000r\000i\000t\000h\000m\000\040\0001\000\051}{chapter.5}% 24
\BOOKMARK [1][-]{section.5.3}{\376\377\000A\000t\000t\000a\000c\000c\000h\000i\000\040\000a\000l\000l\000e\000\040\000f\000u\000n\000z\000i\000o\000n\000i\000\040\000H\000a\000s\000h}{chapter.5}% 25
\BOOKMARK [1][-]{section.5.4}{\376\377\000S\000p\000o\000n\000g\000e\000\040\000C\000o\000n\000s\000t\000r\000u\000c\000t\000i\000o\000n}{chapter.5}% 26
\BOOKMARK [0][-]{chapter.6}{\376\377\000M\000e\000s\000s\000a\000g\000e\000\040\000A\000u\000t\000h\000e\000n\000t\000i\000c\000a\000t\000i\000o\000n}{}% 27
\BOOKMARK [1][-]{section.6.1}{\376\377\000M\000e\000s\000s\000a\000g\000e\000\040\000A\000u\000t\000h\000e\000n\000t\000i\000c\000a\000t\000i\000o\000n\000\040\000C\000o\000d\000e\000s}{chapter.6}% 28
\BOOKMARK [1][-]{section.6.2}{\376\377\000M\000A\000C}{chapter.6}% 29
\BOOKMARK [1][-]{section.6.3}{\376\377\000M\000o\000d\000e\000l\000l\000o\000\040\000d\000i\000\040\000a\000t\000t\000a\000c\000c\000a\000n\000t\000e}{chapter.6}% 30
\BOOKMARK [1][-]{section.6.4}{\376\377\000C\000B\000C\000-\000M\000A\000C}{chapter.6}% 31
\BOOKMARK [1][-]{section.6.5}{\376\377\000M\000A\000C\000\040\000d\000a\000\040\000H\000A\000S\000H\000\040\000\050\000H\000M\000A\000C\000\051}{chapter.6}% 32
\BOOKMARK [0][-]{chapter.7}{\376\377\000P\000r\000i\000m\000i\000t\000i\000v\000e\000\040\000A\000s\000i\000m\000m\000e\000t\000r\000i\000c\000h\000e}{}% 33
\BOOKMARK [1][-]{section.7.1}{\376\377\000U\000n\000\040\000p\000o\000'\000\040\000d\000i\000\040\000A\000l\000g\000e\000b\000r\000a}{chapter.7}% 34
\BOOKMARK [1][-]{section.7.2}{\376\377\000P\000r\000i\000m\000i\000t\000i\000v\000e\000\040\000A\000s\000i\000m\000m\000e\000t\000r\000i\000c\000h\000e}{chapter.7}% 35
\BOOKMARK [1][-]{section.7.3}{\376\377\000C\000a\000l\000c\000o\000l\000a\000r\000e\000\040\000L\000o\000g\000a\000r\000i\000t\000m\000i\000\040\000D\000i\000s\000c\000r\000e\000t\000i}{chapter.7}% 36
\BOOKMARK [2][-]{subsection.7.3.1}{\376\377\000B\000a\000b\000y\000-\000S\000t\000e\000p\000\040\000G\000i\000a\000n\000t\000-\000S\000t\000e\000p}{section.7.3}% 37
\BOOKMARK [2][-]{subsection.7.3.2}{\376\377\000P\000o\000h\000l\000i\000g\000-\000H\000e\000l\000l\000m\000a\000n}{section.7.3}% 38
\BOOKMARK [1][-]{section.7.4}{\376\377\000P\000r\000o\000b\000l\000e\000m\000a\000\040\000d\000e\000l\000l\000a\000\040\000F\000a\000t\000t\000o\000r\000i\000z\000z\000a\000z\000i\000o\000n\000e}{chapter.7}% 39
\BOOKMARK [2][-]{subsection.7.4.1}{\376\377\000R\000S\000A}{section.7.4}% 40
\BOOKMARK [2][-]{subsection.7.4.2}{\376\377\000A\000l\000g\000o\000r\000i\000t\000m\000o\000\040\000M\000i\000l\000l\000e\000r\000-\000R\000a\000b\000i\000n}{section.7.4}% 41
\BOOKMARK [0][-]{chapter.8}{\376\377\000C\000i\000f\000r\000a\000r\000i\000\040\000A\000s\000i\000m\000m\000e\000t\000r\000i\000c\000i}{}% 42
\BOOKMARK [1][-]{section.8.1}{\376\377\000H\000y\000b\000r\000i\000d\000\040\000E\000n\000c\000r\000y\000p\000t\000i\000o\000n}{chapter.8}% 43
\BOOKMARK [1][-]{section.8.2}{\376\377\000C\000i\000f\000r\000a\000r\000i\000o\000\040\000E\000l\000-\000G\000a\000m\000a\000l}{chapter.8}% 44
\BOOKMARK [2][-]{subsection.8.2.1}{\376\377\000L\000i\000f\000t\000e\000d\000\040\000E\000l\000-\000G\000a\000m\000a\000l}{section.8.2}% 45
\BOOKMARK [1][-]{section.8.3}{\376\377\000C\000i\000f\000r\000a\000r\000i\000o\000\040\000P\000a\000i\000l\000i\000e\000r}{chapter.8}% 46
\BOOKMARK [2][-]{subsection.8.3.1}{\376\377\000U\000n\000\040\000p\000o\000'\000\040\000d\000i\000\040\000A\000l\000g\000e\000b\000r\000a\000\040\000\050\000A\000n\000c\000o\000r\000a\000.\000.\000.\000\051}{section.8.3}% 47
\BOOKMARK [2][-]{subsection.8.3.2}{\376\377\000A\000l\000g\000o\000r\000i\000t\000m\000o\000\040\000d\000i\000\040\000C\000i\000f\000r\000a\000t\000u\000r\000a}{section.8.3}% 48
\BOOKMARK [2][-]{subsection.8.3.3}{\376\377\000E\000l\000e\000z\000i\000o\000n\000e\000\040\000M\000u\000l\000t\000i\000-\000C\000a\000n\000d\000i\000d\000a\000t\000o}{section.8.3}% 49
\BOOKMARK [1][-]{section.8.4}{\376\377\000C\000i\000f\000r\000a\000r\000i\000\040\000R\000S\000A\000-\000O\000A\000E\000P}{chapter.8}% 50
\BOOKMARK [1][-]{section.8.5}{\376\377\000I\000d\000e\000n\000t\000i\000t\000y\000\040\000B\000a\000s\000e\000d\000\040\000E\000n\000c\000r\000y\000p\000t\000i\000o\000n}{chapter.8}% 51
\BOOKMARK [2][-]{subsection.8.5.1}{\376\377\000S\000c\000h\000e\000m\000a\000\040\000B\000o\000n\000e\000h\000-\000F\000r\000a\000n\000k\000l\000i\000n}{section.8.5}% 52
\BOOKMARK [0][-]{chapter.9}{\376\377\000F\000i\000r\000m\000e\000\040\000D\000i\000g\000i\000t\000a\000l\000i}{}% 53
\BOOKMARK [1][-]{section.9.1}{\376\377\000F\000i\000r\000m\000a\000\040\000R\000S\000A}{chapter.9}% 54
\BOOKMARK [1][-]{section.9.2}{\376\377\000A\000p\000p\000r\000o\000c\000c\000i\000o\000\040\000H\000a\000s\000h\000\040\000e\000\040\000I\000n\000v\000e\000r\000t\000i}{chapter.9}% 55
\BOOKMARK [1][-]{section.9.3}{\376\377\000E\000C\000-\000D\000S\000A\000\040\000e\000\040\000S\000c\000h\000o\000r\000r\000'\000s\000\040\000S\000i\000g\000n\000a\000t\000u\000r\000e}{chapter.9}% 56
