This is pdfTeX, Version 3.141592653-2.6-1.40.27 (MiKTeX 25.4) (preloaded format=pdflatex 2025.10.24)  2 JAN 2026 15:56
entering extended mode
 restricted \write18 enabled.
 file:line:error style messages enabled.
 %&-line parsing enabled.
**"c:/Users/lolcr/OneDrive - Università degli Studi di Catania/Unict/M_Primo_Anno/Ottimizzazione/Appunti_Ottimizzazione/document.tex"
(c:/Users/lolcr/OneDrive - Università degli Studi di Catania/Unict/M_Primo_Anno/Ottimizzazione/Appunti_Ottimizzazione/document.tex
LaTeX2e <2025-06-01> patch level 1
L3 programming layer <2025-09-02>
(C:\Users\lolcr\AppData\Local\Programs\MiKTeX\tex/latex/base\book.cls
Document Class: book 2025/01/22 v1.4n Standard LaTeX document class
(C:\Users\lolcr\AppData\Local\Programs\MiKTeX\tex/latex/base\bk12.clo
File: bk12.clo 2025/01/22 v1.4n Standard LaTeX file (size option)
)
\c@part=\count275
\c@chapter=\count276
\c@section=\count277
\c@subsection=\count278
\c@subsubsection=\count279
\c@paragraph=\count280
\c@subparagraph=\count281
\c@figure=\count282
\c@table=\count283
\abovecaptionskip=\skip49
\belowcaptionskip=\skip50
\bibindent=\dimen148
) (C:\Users\lolcr\AppData\Local\Programs\MiKTeX\tex/latex/hyperref\hyperref.sty
Package: hyperref 2025-07-12 v7.01o Hypertext links for LaTeX
 (C:\Users\lolcr\AppData\Local\Programs\MiKTeX\tex/generic/iftex\iftex.sty
Package: iftex 2024/12/12 v1.0g TeX engine tests
) (C:\Users\lolcr\AppData\Local\Programs\MiKTeX\tex/latex/graphics\keyval.sty
Package: keyval 2022/05/29 v1.15 key=value parser (DPC)
\KV@toks@=\toks17
) (C:\Users\lolcr\AppData\Local\Programs\MiKTeX\tex/latex/kvsetkeys\kvsetkeys.sty
Package: kvsetkeys 2022-10-05 v1.19 Key value parser (HO)
) (C:\Users\lolcr\AppData\Local\Programs\MiKTeX\tex/generic/kvdefinekeys\kvdefinekeys.sty
Package: kvdefinekeys 2019-12-19 v1.6 Define keys (HO)
) (C:\Users\lolcr\AppData\Local\Programs\MiKTeX\tex/generic/pdfescape\pdfescape.sty
Package: pdfescape 2019/12/09 v1.15 Implements pdfTeX's escape features (HO)
 (C:\Users\lolcr\AppData\Local\Programs\MiKTeX\tex/generic/ltxcmds\ltxcmds.sty
Package: ltxcmds 2023-12-04 v1.26 LaTeX kernel commands for general use (HO)
) (C:\Users\lolcr\AppData\Local\Programs\MiKTeX\tex/generic/pdftexcmds\pdftexcmds.sty
Package: pdftexcmds 2020-06-27 v0.33 Utility functions of pdfTeX for LuaTeX (HO)
 (C:\Users\lolcr\AppData\Local\Programs\MiKTeX\tex/generic/infwarerr\infwarerr.sty
Package: infwarerr 2019/12/03 v1.5 Providing info/warning/error messages (HO)
)
Package pdftexcmds Info: \pdf@primitive is available.
Package pdftexcmds Info: \pdf@ifprimitive is available.
Package pdftexcmds Info: \pdfdraftmode found.
)) (C:\Users\lolcr\AppData\Local\Programs\MiKTeX\tex/latex/hycolor\hycolor.sty
Package: hycolor 2020-01-27 v1.10 Color options for hyperref/bookmark (HO)
) (C:\Users\lolcr\AppData\Local\Programs\MiKTeX\tex/latex/hyperref\nameref.sty
Package: nameref 2025-06-21 v2.57 Cross-referencing by name of section
 (C:\Users\lolcr\AppData\Local\Programs\MiKTeX\tex/latex/refcount\refcount.sty
Package: refcount 2019/12/15 v3.6 Data extraction from label references (HO)
) (C:\Users\lolcr\AppData\Local\Programs\MiKTeX\tex/generic/gettitlestring\gettitlestring.sty
Package: gettitlestring 2019/12/15 v1.6 Cleanup title references (HO)
 (C:\Users\lolcr\AppData\Local\Programs\MiKTeX\tex/latex/kvoptions\kvoptions.sty
Package: kvoptions 2022-06-15 v3.15 Key value format for package options (HO)
))
\c@section@level=\count284
) (C:\Users\lolcr\AppData\Local\Programs\MiKTeX\tex/latex/etoolbox\etoolbox.sty
Package: etoolbox 2025/10/02 v2.5m e-TeX tools for LaTeX (JAW)
\etb@tempcnta=\count285
) (C:\Users\lolcr\AppData\Local\Programs\MiKTeX\tex/generic/stringenc\stringenc.sty
Package: stringenc 2019/11/29 v1.12 Convert strings between diff. encodings (HO)
)
\@linkdim=\dimen149
\Hy@linkcounter=\count286
\Hy@pagecounter=\count287
 (C:\Users\lolcr\AppData\Local\Programs\MiKTeX\tex/latex/hyperref\pd1enc.def
File: pd1enc.def 2025-07-12 v7.01o Hyperref: PDFDocEncoding definition (HO)
Now handling font encoding PD1 ...
... no UTF-8 mapping file for font encoding PD1
) (C:\Users\lolcr\AppData\Local\Programs\MiKTeX\tex/generic/intcalc\intcalc.sty
Package: intcalc 2019/12/15 v1.3 Expandable calculations with integers (HO)
)
\Hy@SavedSpaceFactor=\count288
 (C:\Users\lolcr\AppData\Local\Programs\MiKTeX\tex/latex/hyperref\puenc.def
File: puenc.def 2025-07-12 v7.01o Hyperref: PDF Unicode definition (HO)
Now handling font encoding PU ...
... no UTF-8 mapping file for font encoding PU
)
Package hyperref Info: Hyper figures OFF on input line 4195.
Package hyperref Info: Link nesting OFF on input line 4200.
Package hyperref Info: Hyper index ON on input line 4203.
Package hyperref Info: Plain pages OFF on input line 4210.
Package hyperref Info: Backreferencing OFF on input line 4215.
Package hyperref Info: Implicit mode ON; LaTeX internals redefined.
Package hyperref Info: Bookmarks ON on input line 4462.
\c@Hy@tempcnt=\count289
 (C:\Users\lolcr\AppData\Local\Programs\MiKTeX\tex/latex/url\url.sty
\Urlmuskip=\muskip17
Package: url 2013/09/16  ver 3.4  Verb mode for urls, etc.
)
LaTeX Info: Redefining \url on input line 4801.
\XeTeXLinkMargin=\dimen150
 (C:\Users\lolcr\AppData\Local\Programs\MiKTeX\tex/generic/bitset\bitset.sty
Package: bitset 2019/12/09 v1.3 Handle bit-vector datatype (HO)
 (C:\Users\lolcr\AppData\Local\Programs\MiKTeX\tex/generic/bigintcalc\bigintcalc.sty
Package: bigintcalc 2019/12/15 v1.5 Expandable calculations on big integers (HO)
))
\Fld@menulength=\count290
\Field@Width=\dimen151
\Fld@charsize=\dimen152
Package hyperref Info: Hyper figures OFF on input line 6078.
Package hyperref Info: Link nesting OFF on input line 6083.
Package hyperref Info: Hyper index ON on input line 6086.
Package hyperref Info: backreferencing OFF on input line 6093.
Package hyperref Info: Link coloring OFF on input line 6098.
Package hyperref Info: Link coloring with OCG OFF on input line 6103.
Package hyperref Info: PDF/A mode OFF on input line 6108.
\Hy@abspage=\count291
\c@Item=\count292
\c@Hfootnote=\count293
)
Package hyperref Info: Driver (autodetected): hpdftex.
 (C:\Users\lolcr\AppData\Local\Programs\MiKTeX\tex/latex/hyperref\hpdftex.def
File: hpdftex.def 2025-07-12 v7.01o Hyperref driver for pdfTeX
\Fld@listcount=\count294
\c@bookmark@seq@number=\count295
 (C:\Users\lolcr\AppData\Local\Programs\MiKTeX\tex/latex/rerunfilecheck\rerunfilecheck.sty
Package: rerunfilecheck 2025-06-21 v1.11 Rerun checks for auxiliary files (HO)
 (C:\Users\lolcr\AppData\Local\Programs\MiKTeX\tex/generic/uniquecounter\uniquecounter.sty
Package: uniquecounter 2019/12/15 v1.4 Provide unlimited unique counter (HO)
)
Package uniquecounter Info: New unique counter `rerunfilecheck' on input line 284.
)
\Hy@SectionHShift=\skip51
) (C:\Users\lolcr\AppData\Local\Programs\MiKTeX\tex/generic/babel\babel.sty
Package: babel 2025/10/01 v25.13 The multilingual framework for LuaLaTeX, pdfLaTeX and XeLaTeX
\babel@savecnt=\count296
LaTeX Encoding Info:    Redeclaring text command \ij (encoding OT1) on input line 2045.
LaTeX Encoding Info:    Redeclaring text command \IJ (encoding OT1) on input line 2047.
LaTeX Encoding Info:    Redeclaring text command \ij (encoding T1) on input line 2049.
LaTeX Encoding Info:    Redeclaring text command \IJ (encoding T1) on input line 2050.
LaTeX Encoding Info:    Ignoring declaration for text command \ij (encoding ?) on input line 2051.
LaTeX Encoding Info:    Ignoring declaration for text command \IJ (encoding ?) on input line 2053.
LaTeX Encoding Info:    Ignoring declaration for text command \SS (encoding ?) on input line 2078.
\U@D=\dimen153
\l@unhyphenated=\language79
 (C:\Users\lolcr\AppData\Local\Programs\MiKTeX\tex/generic/babel\txtbabel.def)
\bbl@readstream=\read2
\bbl@dirlevel=\count297

*************************************
* Local config file bblopts.cfg used
*
(C:\Users\lolcr\AppData\Local\Programs\MiKTeX\tex/latex/arabi\bblopts.cfg
File: bblopts.cfg 2005/09/08 v0.1 add Arabic and Farsi to "declared" options of babel
) (C:\Users\lolcr\AppData\Local\Programs\MiKTeX\tex/latex/babel-italian\italian.ldf
Language: italian 2024/10/10 v.1.5.01 Italian support for the babel system
 (C:\Users\lolcr\AppData\Local\Programs\MiKTeX\tex/generic/babel/locale/it\babel-italian.tex
Package babel Info: Importing font and identification data for italian
(babel)             from babel-it.ini. Reported on input line 12.
)
\it@lettering=\count298
\it@doublequoteactive=\count299
\it@ISOcompliance=\count300
)) (C:\Users\lolcr\AppData\Local\Programs\MiKTeX\tex/latex/float\float.sty
Package: float 2001/11/08 v1.3d Float enhancements (AL)
\c@float@type=\count301
\float@exts=\toks18
\float@box=\box53
\@float@everytoks=\toks19
\@floatcapt=\box54
) (C:\Users\lolcr\AppData\Local\Programs\MiKTeX\tex/latex/tools\tabularx.sty
Package: tabularx 2023/12/11 v2.12a `tabularx' package (DPC)
 (C:\Users\lolcr\AppData\Local\Programs\MiKTeX\tex/latex/tools\array.sty
Package: array 2025/06/08 v2.6j Tabular extension package (FMi)
\col@sep=\dimen154
\ar@mcellbox=\box55
\extrarowheight=\dimen155
\NC@list=\toks20
\extratabsurround=\skip52
\backup@length=\skip53
\ar@cellbox=\box56
)
\TX@col@width=\dimen156
\TX@old@table=\dimen157
\TX@old@col=\dimen158
\TX@target=\dimen159
\TX@delta=\dimen160
\TX@cols=\count302
\TX@ftn=\toks21
) (C:\Users\lolcr\AppData\Local\Programs\MiKTeX\tex/latex/base\inputenc.sty
Package: inputenc 2024/02/08 v1.3d Input encoding file
\inpenc@prehook=\toks22
\inpenc@posthook=\toks23
 (C:\Users\lolcr\AppData\Local\Programs\MiKTeX\tex/latex/ucs\utf8x.def
File: utf8x.def 2023/11/09 UCS: Input encoding UTF-8


Package ucs Info: utf8x disabled, assuming standard utf8 processing
(ucs)             load ucs package to force utf8x processing.

(C:\Users\lolcr\AppData\Local\Programs\MiKTeX\tex/latex/base\utf8.def
File: utf8.def 2022/06/07 v1.3c UTF-8 support
Now handling font encoding OML ...
... no UTF-8 mapping file for font encoding OML
Now handling font encoding OMS ...
... processing UTF-8 mapping file for font encoding OMS
 (C:\Users\lolcr\AppData\Local\Programs\MiKTeX\tex/latex/base\omsenc.dfu
File: omsenc.dfu 2022/06/07 v1.3c UTF-8 support
   defining Unicode char U+00A7 (decimal 167)
   defining Unicode char U+00B6 (decimal 182)
   defining Unicode char U+00B7 (decimal 183)
   defining Unicode char U+2020 (decimal 8224)
   defining Unicode char U+2021 (decimal 8225)
   defining Unicode char U+2022 (decimal 8226)
)
Now handling font encoding OT1 ...
... processing UTF-8 mapping file for font encoding OT1
 (C:\Users\lolcr\AppData\Local\Programs\MiKTeX\tex/latex/base\ot1enc.dfu
File: ot1enc.dfu 2022/06/07 v1.3c UTF-8 support
   defining Unicode char U+00A0 (decimal 160)
   defining Unicode char U+00A1 (decimal 161)
   defining Unicode char U+00A3 (decimal 163)
   defining Unicode char U+00AD (decimal 173)
   defining Unicode char U+00B8 (decimal 184)
   defining Unicode char U+00BF (decimal 191)
   defining Unicode char U+00C5 (decimal 197)
   defining Unicode char U+00C6 (decimal 198)
   defining Unicode char U+00D8 (decimal 216)
   defining Unicode char U+00DF (decimal 223)
   defining Unicode char U+00E6 (decimal 230)
   defining Unicode char U+00EC (decimal 236)
   defining Unicode char U+00ED (decimal 237)
   defining Unicode char U+00EE (decimal 238)
   defining Unicode char U+00EF (decimal 239)
   defining Unicode char U+00F8 (decimal 248)
   defining Unicode char U+0131 (decimal 305)
   defining Unicode char U+0141 (decimal 321)
   defining Unicode char U+0142 (decimal 322)
   defining Unicode char U+0152 (decimal 338)
   defining Unicode char U+0153 (decimal 339)
   defining Unicode char U+0174 (decimal 372)
   defining Unicode char U+0175 (decimal 373)
   defining Unicode char U+0176 (decimal 374)
   defining Unicode char U+0177 (decimal 375)
   defining Unicode char U+0218 (decimal 536)
   defining Unicode char U+0219 (decimal 537)
   defining Unicode char U+021A (decimal 538)
   defining Unicode char U+021B (decimal 539)
   defining Unicode char U+0237 (decimal 567)
   defining Unicode char U+2013 (decimal 8211)
   defining Unicode char U+2014 (decimal 8212)
   defining Unicode char U+2018 (decimal 8216)
   defining Unicode char U+2019 (decimal 8217)
   defining Unicode char U+201C (decimal 8220)
   defining Unicode char U+201D (decimal 8221)
   defining Unicode char U+FB00 (decimal 64256)
   defining Unicode char U+FB01 (decimal 64257)
   defining Unicode char U+FB02 (decimal 64258)
   defining Unicode char U+FB03 (decimal 64259)
   defining Unicode char U+FB04 (decimal 64260)
   defining Unicode char U+FB05 (decimal 64261)
   defining Unicode char U+FB06 (decimal 64262)
)
Now handling font encoding T1 ...
... processing UTF-8 mapping file for font encoding T1
 (C:\Users\lolcr\AppData\Local\Programs\MiKTeX\tex/latex/base\t1enc.dfu
File: t1enc.dfu 2022/06/07 v1.3c UTF-8 support
   defining Unicode char U+00A0 (decimal 160)
   defining Unicode char U+00A1 (decimal 161)
   defining Unicode char U+00A3 (decimal 163)
   defining Unicode char U+00AB (decimal 171)
   defining Unicode char U+00AD (decimal 173)
   defining Unicode char U+00BB (decimal 187)
   defining Unicode char U+00BF (decimal 191)
   defining Unicode char U+00C0 (decimal 192)
   defining Unicode char U+00C1 (decimal 193)
   defining Unicode char U+00C2 (decimal 194)
   defining Unicode char U+00C3 (decimal 195)
   defining Unicode char U+00C4 (decimal 196)
   defining Unicode char U+00C5 (decimal 197)
   defining Unicode char U+00C6 (decimal 198)
   defining Unicode char U+00C7 (decimal 199)
   defining Unicode char U+00C8 (decimal 200)
   defining Unicode char U+00C9 (decimal 201)
   defining Unicode char U+00CA (decimal 202)
   defining Unicode char U+00CB (decimal 203)
   defining Unicode char U+00CC (decimal 204)
   defining Unicode char U+00CD (decimal 205)
   defining Unicode char U+00CE (decimal 206)
   defining Unicode char U+00CF (decimal 207)
   defining Unicode char U+00D0 (decimal 208)
   defining Unicode char U+00D1 (decimal 209)
   defining Unicode char U+00D2 (decimal 210)
   defining Unicode char U+00D3 (decimal 211)
   defining Unicode char U+00D4 (decimal 212)
   defining Unicode char U+00D5 (decimal 213)
   defining Unicode char U+00D6 (decimal 214)
   defining Unicode char U+00D8 (decimal 216)
   defining Unicode char U+00D9 (decimal 217)
   defining Unicode char U+00DA (decimal 218)
   defining Unicode char U+00DB (decimal 219)
   defining Unicode char U+00DC (decimal 220)
   defining Unicode char U+00DD (decimal 221)
   defining Unicode char U+00DE (decimal 222)
   defining Unicode char U+00DF (decimal 223)
   defining Unicode char U+00E0 (decimal 224)
   defining Unicode char U+00E1 (decimal 225)
   defining Unicode char U+00E2 (decimal 226)
   defining Unicode char U+00E3 (decimal 227)
   defining Unicode char U+00E4 (decimal 228)
   defining Unicode char U+00E5 (decimal 229)
   defining Unicode char U+00E6 (decimal 230)
   defining Unicode char U+00E7 (decimal 231)
   defining Unicode char U+00E8 (decimal 232)
   defining Unicode char U+00E9 (decimal 233)
   defining Unicode char U+00EA (decimal 234)
   defining Unicode char U+00EB (decimal 235)
   defining Unicode char U+00EC (decimal 236)
   defining Unicode char U+00ED (decimal 237)
   defining Unicode char U+00EE (decimal 238)
   defining Unicode char U+00EF (decimal 239)
   defining Unicode char U+00F0 (decimal 240)
   defining Unicode char U+00F1 (decimal 241)
   defining Unicode char U+00F2 (decimal 242)
   defining Unicode char U+00F3 (decimal 243)
   defining Unicode char U+00F4 (decimal 244)
   defining Unicode char U+00F5 (decimal 245)
   defining Unicode char U+00F6 (decimal 246)
   defining Unicode char U+00F8 (decimal 248)
   defining Unicode char U+00F9 (decimal 249)
   defining Unicode char U+00FA (decimal 250)
   defining Unicode char U+00FB (decimal 251)
   defining Unicode char U+00FC (decimal 252)
   defining Unicode char U+00FD (decimal 253)
   defining Unicode char U+00FE (decimal 254)
   defining Unicode char U+00FF (decimal 255)
   defining Unicode char U+0100 (decimal 256)
   defining Unicode char U+0101 (decimal 257)
   defining Unicode char U+0102 (decimal 258)
   defining Unicode char U+0103 (decimal 259)
   defining Unicode char U+0104 (decimal 260)
   defining Unicode char U+0105 (decimal 261)
   defining Unicode char U+0106 (decimal 262)
   defining Unicode char U+0107 (decimal 263)
   defining Unicode char U+0108 (decimal 264)
   defining Unicode char U+0109 (decimal 265)
   defining Unicode char U+010A (decimal 266)
   defining Unicode char U+010B (decimal 267)
   defining Unicode char U+010C (decimal 268)
   defining Unicode char U+010D (decimal 269)
   defining Unicode char U+010E (decimal 270)
   defining Unicode char U+010F (decimal 271)
   defining Unicode char U+0110 (decimal 272)
   defining Unicode char U+0111 (decimal 273)
   defining Unicode char U+0112 (decimal 274)
   defining Unicode char U+0113 (decimal 275)
   defining Unicode char U+0114 (decimal 276)
   defining Unicode char U+0115 (decimal 277)
   defining Unicode char U+0116 (decimal 278)
   defining Unicode char U+0117 (decimal 279)
   defining Unicode char U+0118 (decimal 280)
   defining Unicode char U+0119 (decimal 281)
   defining Unicode char U+011A (decimal 282)
   defining Unicode char U+011B (decimal 283)
   defining Unicode char U+011C (decimal 284)
   defining Unicode char U+011D (decimal 285)
   defining Unicode char U+011E (decimal 286)
   defining Unicode char U+011F (decimal 287)
   defining Unicode char U+0120 (decimal 288)
   defining Unicode char U+0121 (decimal 289)
   defining Unicode char U+0122 (decimal 290)
   defining Unicode char U+0123 (decimal 291)
   defining Unicode char U+0124 (decimal 292)
   defining Unicode char U+0125 (decimal 293)
   defining Unicode char U+0128 (decimal 296)
   defining Unicode char U+0129 (decimal 297)
   defining Unicode char U+012A (decimal 298)
   defining Unicode char U+012B (decimal 299)
   defining Unicode char U+012C (decimal 300)
   defining Unicode char U+012D (decimal 301)
   defining Unicode char U+012E (decimal 302)
   defining Unicode char U+012F (decimal 303)
   defining Unicode char U+0130 (decimal 304)
   defining Unicode char U+0131 (decimal 305)
   defining Unicode char U+0132 (decimal 306)
   defining Unicode char U+0133 (decimal 307)
   defining Unicode char U+0134 (decimal 308)
   defining Unicode char U+0135 (decimal 309)
   defining Unicode char U+0136 (decimal 310)
   defining Unicode char U+0137 (decimal 311)
   defining Unicode char U+0139 (decimal 313)
   defining Unicode char U+013A (decimal 314)
   defining Unicode char U+013B (decimal 315)
   defining Unicode char U+013C (decimal 316)
   defining Unicode char U+013D (decimal 317)
   defining Unicode char U+013E (decimal 318)
   defining Unicode char U+0141 (decimal 321)
   defining Unicode char U+0142 (decimal 322)
   defining Unicode char U+0143 (decimal 323)
   defining Unicode char U+0144 (decimal 324)
   defining Unicode char U+0145 (decimal 325)
   defining Unicode char U+0146 (decimal 326)
   defining Unicode char U+0147 (decimal 327)
   defining Unicode char U+0148 (decimal 328)
   defining Unicode char U+014A (decimal 330)
   defining Unicode char U+014B (decimal 331)
   defining Unicode char U+014C (decimal 332)
   defining Unicode char U+014D (decimal 333)
   defining Unicode char U+014E (decimal 334)
   defining Unicode char U+014F (decimal 335)
   defining Unicode char U+0150 (decimal 336)
   defining Unicode char U+0151 (decimal 337)
   defining Unicode char U+0152 (decimal 338)
   defining Unicode char U+0153 (decimal 339)
   defining Unicode char U+0154 (decimal 340)
   defining Unicode char U+0155 (decimal 341)
   defining Unicode char U+0156 (decimal 342)
   defining Unicode char U+0157 (decimal 343)
   defining Unicode char U+0158 (decimal 344)
   defining Unicode char U+0159 (decimal 345)
   defining Unicode char U+015A (decimal 346)
   defining Unicode char U+015B (decimal 347)
   defining Unicode char U+015C (decimal 348)
   defining Unicode char U+015D (decimal 349)
   defining Unicode char U+015E (decimal 350)
   defining Unicode char U+015F (decimal 351)
   defining Unicode char U+0160 (decimal 352)
   defining Unicode char U+0161 (decimal 353)
   defining Unicode char U+0162 (decimal 354)
   defining Unicode char U+0163 (decimal 355)
   defining Unicode char U+0164 (decimal 356)
   defining Unicode char U+0165 (decimal 357)
   defining Unicode char U+0168 (decimal 360)
   defining Unicode char U+0169 (decimal 361)
   defining Unicode char U+016A (decimal 362)
   defining Unicode char U+016B (decimal 363)
   defining Unicode char U+016C (decimal 364)
   defining Unicode char U+016D (decimal 365)
   defining Unicode char U+016E (decimal 366)
   defining Unicode char U+016F (decimal 367)
   defining Unicode char U+0170 (decimal 368)
   defining Unicode char U+0171 (decimal 369)
   defining Unicode char U+0172 (decimal 370)
   defining Unicode char U+0173 (decimal 371)
   defining Unicode char U+0174 (decimal 372)
   defining Unicode char U+0175 (decimal 373)
   defining Unicode char U+0176 (decimal 374)
   defining Unicode char U+0177 (decimal 375)
   defining Unicode char U+0178 (decimal 376)
   defining Unicode char U+0179 (decimal 377)
   defining Unicode char U+017A (decimal 378)
   defining Unicode char U+017B (decimal 379)
   defining Unicode char U+017C (decimal 380)
   defining Unicode char U+017D (decimal 381)
   defining Unicode char U+017E (decimal 382)
   defining Unicode char U+01C4 (decimal 452)
   defining Unicode char U+01C5 (decimal 453)
   defining Unicode char U+01C6 (decimal 454)
   defining Unicode char U+01C7 (decimal 455)
   defining Unicode char U+01C8 (decimal 456)
   defining Unicode char U+01C9 (decimal 457)
   defining Unicode char U+01CA (decimal 458)
   defining Unicode char U+01CB (decimal 459)
   defining Unicode char U+01CC (decimal 460)
   defining Unicode char U+01CD (decimal 461)
   defining Unicode char U+01CE (decimal 462)
   defining Unicode char U+01CF (decimal 463)
   defining Unicode char U+01D0 (decimal 464)
   defining Unicode char U+01D1 (decimal 465)
   defining Unicode char U+01D2 (decimal 466)
   defining Unicode char U+01D3 (decimal 467)
   defining Unicode char U+01D4 (decimal 468)
   defining Unicode char U+01E2 (decimal 482)
   defining Unicode char U+01E3 (decimal 483)
   defining Unicode char U+01E6 (decimal 486)
   defining Unicode char U+01E7 (decimal 487)
   defining Unicode char U+01E8 (decimal 488)
   defining Unicode char U+01E9 (decimal 489)
   defining Unicode char U+01EA (decimal 490)
   defining Unicode char U+01EB (decimal 491)
   defining Unicode char U+01F0 (decimal 496)
   defining Unicode char U+01F4 (decimal 500)
   defining Unicode char U+01F5 (decimal 501)
   defining Unicode char U+0218 (decimal 536)
   defining Unicode char U+0219 (decimal 537)
   defining Unicode char U+021A (decimal 538)
   defining Unicode char U+021B (decimal 539)
   defining Unicode char U+0232 (decimal 562)
   defining Unicode char U+0233 (decimal 563)
   defining Unicode char U+0237 (decimal 567)
   defining Unicode char U+02D9 (decimal 729)
   defining Unicode char U+02DB (decimal 731)
   defining Unicode char U+1E02 (decimal 7682)
   defining Unicode char U+1E03 (decimal 7683)
   defining Unicode char U+1E0D (decimal 7693)
   defining Unicode char U+1E1E (decimal 7710)
   defining Unicode char U+1E1F (decimal 7711)
   defining Unicode char U+1E25 (decimal 7717)
   defining Unicode char U+1E30 (decimal 7728)
   defining Unicode char U+1E31 (decimal 7729)
   defining Unicode char U+1E37 (decimal 7735)
   defining Unicode char U+1E8E (decimal 7822)
   defining Unicode char U+1E8F (decimal 7823)
   defining Unicode char U+1E43 (decimal 7747)
   defining Unicode char U+1E45 (decimal 7749)
   defining Unicode char U+1E47 (decimal 7751)
   defining Unicode char U+1E5B (decimal 7771)
   defining Unicode char U+1E63 (decimal 7779)
   defining Unicode char U+1E6D (decimal 7789)
   defining Unicode char U+1E90 (decimal 7824)
   defining Unicode char U+1E91 (decimal 7825)
   defining Unicode char U+1E9E (decimal 7838)
   defining Unicode char U+1EF2 (decimal 7922)
   defining Unicode char U+1EF3 (decimal 7923)
   defining Unicode char U+200C (decimal 8204)
   defining Unicode char U+2010 (decimal 8208)
   defining Unicode char U+2011 (decimal 8209)
   defining Unicode char U+2012 (decimal 8210)
   defining Unicode char U+2013 (decimal 8211)
   defining Unicode char U+2014 (decimal 8212)
   defining Unicode char U+2015 (decimal 8213)
   defining Unicode char U+2018 (decimal 8216)
   defining Unicode char U+2019 (decimal 8217)
   defining Unicode char U+201A (decimal 8218)
   defining Unicode char U+201C (decimal 8220)
   defining Unicode char U+201D (decimal 8221)
   defining Unicode char U+201E (decimal 8222)
   defining Unicode char U+2030 (decimal 8240)
   defining Unicode char U+2031 (decimal 8241)
   defining Unicode char U+2039 (decimal 8249)
   defining Unicode char U+203A (decimal 8250)
   defining Unicode char U+2423 (decimal 9251)
   defining Unicode char U+1E20 (decimal 7712)
   defining Unicode char U+1E21 (decimal 7713)
   defining Unicode char U+FB00 (decimal 64256)
   defining Unicode char U+FB01 (decimal 64257)
   defining Unicode char U+FB02 (decimal 64258)
   defining Unicode char U+FB03 (decimal 64259)
   defining Unicode char U+FB04 (decimal 64260)
   defining Unicode char U+FB05 (decimal 64261)
   defining Unicode char U+FB06 (decimal 64262)
)
Now handling font encoding TS1 ...
... processing UTF-8 mapping file for font encoding TS1
 (C:\Users\lolcr\AppData\Local\Programs\MiKTeX\tex/latex/base\ts1enc.dfu
File: ts1enc.dfu 2022/06/07 v1.3c UTF-8 support
   defining Unicode char U+00A2 (decimal 162)
   defining Unicode char U+00A3 (decimal 163)
   defining Unicode char U+00A4 (decimal 164)
   defining Unicode char U+00A5 (decimal 165)
   defining Unicode char U+00A6 (decimal 166)
   defining Unicode char U+00A7 (decimal 167)
   defining Unicode char U+00A8 (decimal 168)
   defining Unicode char U+00A9 (decimal 169)
   defining Unicode char U+00AA (decimal 170)
   defining Unicode char U+00AC (decimal 172)
   defining Unicode char U+00AE (decimal 174)
   defining Unicode char U+00AF (decimal 175)
   defining Unicode char U+00B0 (decimal 176)
   defining Unicode char U+00B1 (decimal 177)
   defining Unicode char U+00B2 (decimal 178)
   defining Unicode char U+00B3 (decimal 179)
   defining Unicode char U+00B4 (decimal 180)
   defining Unicode char U+00B5 (decimal 181)
   defining Unicode char U+00B6 (decimal 182)
   defining Unicode char U+00B7 (decimal 183)
   defining Unicode char U+00B9 (decimal 185)
   defining Unicode char U+00BA (decimal 186)
   defining Unicode char U+00BC (decimal 188)
   defining Unicode char U+00BD (decimal 189)
   defining Unicode char U+00BE (decimal 190)
   defining Unicode char U+00D7 (decimal 215)
   defining Unicode char U+00F7 (decimal 247)
   defining Unicode char U+0192 (decimal 402)
   defining Unicode char U+02C7 (decimal 711)
   defining Unicode char U+02D8 (decimal 728)
   defining Unicode char U+02DD (decimal 733)
   defining Unicode char U+0E3F (decimal 3647)
   defining Unicode char U+2016 (decimal 8214)
   defining Unicode char U+2020 (decimal 8224)
   defining Unicode char U+2021 (decimal 8225)
   defining Unicode char U+2022 (decimal 8226)
   defining Unicode char U+2030 (decimal 8240)
   defining Unicode char U+2031 (decimal 8241)
   defining Unicode char U+203B (decimal 8251)
   defining Unicode char U+203D (decimal 8253)
   defining Unicode char U+2044 (decimal 8260)
   defining Unicode char U+204E (decimal 8270)
   defining Unicode char U+2052 (decimal 8274)
   defining Unicode char U+20A1 (decimal 8353)
   defining Unicode char U+20A4 (decimal 8356)
   defining Unicode char U+20A6 (decimal 8358)
   defining Unicode char U+20A9 (decimal 8361)
   defining Unicode char U+20AB (decimal 8363)
   defining Unicode char U+20AC (decimal 8364)
   defining Unicode char U+20B1 (decimal 8369)
   defining Unicode char U+2103 (decimal 8451)
   defining Unicode char U+2116 (decimal 8470)
   defining Unicode char U+2117 (decimal 8471)
   defining Unicode char U+211E (decimal 8478)
   defining Unicode char U+2120 (decimal 8480)
   defining Unicode char U+2122 (decimal 8482)
   defining Unicode char U+2126 (decimal 8486)
   defining Unicode char U+2127 (decimal 8487)
   defining Unicode char U+212E (decimal 8494)
   defining Unicode char U+2190 (decimal 8592)
   defining Unicode char U+2191 (decimal 8593)
   defining Unicode char U+2192 (decimal 8594)
   defining Unicode char U+2193 (decimal 8595)
   defining Unicode char U+2329 (decimal 9001)
   defining Unicode char U+3008 (decimal 12296)
   defining Unicode char U+232A (decimal 9002)
   defining Unicode char U+3009 (decimal 12297)
   defining Unicode char U+2422 (decimal 9250)
   defining Unicode char U+25E6 (decimal 9702)
   defining Unicode char U+25EF (decimal 9711)
   defining Unicode char U+266A (decimal 9834)
   defining Unicode char U+27E8 (decimal 10216)
   defining Unicode char U+27E9 (decimal 10217)
   defining Unicode char U+FEFF (decimal 65279)
)
Now handling font encoding OMX ...
... no UTF-8 mapping file for font encoding OMX
Now handling font encoding U ...
... no UTF-8 mapping file for font encoding U
Now handling font encoding PD1 ...
... no UTF-8 mapping file for font encoding PD1
Now handling font encoding PU ...
... no UTF-8 mapping file for font encoding PU
   defining Unicode char U+00A9 (decimal 169)
   defining Unicode char U+00AA (decimal 170)
   defining Unicode char U+00AE (decimal 174)
   defining Unicode char U+00BA (decimal 186)
   defining Unicode char U+02C6 (decimal 710)
   defining Unicode char U+02DC (decimal 732)
   defining Unicode char U+200C (decimal 8204)
   defining Unicode char U+2026 (decimal 8230)
   defining Unicode char U+2122 (decimal 8482)
   defining Unicode char U+2423 (decimal 9251)
   defining Unicode char U+FEFF (decimal 65279)
))) (C:\Users\lolcr\AppData\Local\Programs\MiKTeX\tex/latex/geometry\geometry.sty
Package: geometry 2020/01/02 v5.9 Page Geometry
 (C:\Users\lolcr\AppData\Local\Programs\MiKTeX\tex/generic/iftex\ifvtex.sty
Package: ifvtex 2019/10/25 v1.7 ifvtex legacy package. Use iftex instead.
)
\Gm@cnth=\count303
\Gm@cntv=\count304
\c@Gm@tempcnt=\count305
\Gm@bindingoffset=\dimen161
\Gm@wd@mp=\dimen162
\Gm@odd@mp=\dimen163
\Gm@even@mp=\dimen164
\Gm@layoutwidth=\dimen165
\Gm@layoutheight=\dimen166
\Gm@layouthoffset=\dimen167
\Gm@layoutvoffset=\dimen168
\Gm@dimlist=\toks24
 (C:\Users\lolcr\AppData\Local\Programs\MiKTeX\tex/latex/geometry\geometry.cfg)) (C:\Users\lolcr\AppData\Local\Programs\MiKTeX\tex/latex/amsmath\amsmath.sty
Package: amsmath 2025/06/16 v2.17y AMS math features
\@mathmargin=\skip54

For additional information on amsmath, use the `?' option.
(C:\Users\lolcr\AppData\Local\Programs\MiKTeX\tex/latex/amsmath\amstext.sty
Package: amstext 2024/11/17 v2.01 AMS text
 (C:\Users\lolcr\AppData\Local\Programs\MiKTeX\tex/latex/amsmath\amsgen.sty
File: amsgen.sty 1999/11/30 v2.0 generic functions
\@emptytoks=\toks25
\ex@=\dimen169
)) (C:\Users\lolcr\AppData\Local\Programs\MiKTeX\tex/latex/amsmath\amsbsy.sty
Package: amsbsy 1999/11/29 v1.2d Bold Symbols
\pmbraise@=\dimen170
) (C:\Users\lolcr\AppData\Local\Programs\MiKTeX\tex/latex/amsmath\amsopn.sty
Package: amsopn 2022/04/08 v2.04 operator names
)
\inf@bad=\count306
LaTeX Info: Redefining \frac on input line 233.
\uproot@=\count307
\leftroot@=\count308
LaTeX Info: Redefining \overline on input line 398.
LaTeX Info: Redefining \colon on input line 409.
\classnum@=\count309
\DOTSCASE@=\count310
LaTeX Info: Redefining \ldots on input line 495.
LaTeX Info: Redefining \dots on input line 498.
LaTeX Info: Redefining \cdots on input line 619.
\Mathstrutbox@=\box57
\strutbox@=\box58
LaTeX Info: Redefining \big on input line 721.
LaTeX Info: Redefining \Big on input line 722.
LaTeX Info: Redefining \bigg on input line 723.
LaTeX Info: Redefining \Bigg on input line 724.
\big@size=\dimen171
LaTeX Font Info:    Redeclaring font encoding OML on input line 742.
LaTeX Font Info:    Redeclaring font encoding OMS on input line 743.
\macc@depth=\count311
LaTeX Info: Redefining \bmod on input line 904.
LaTeX Info: Redefining \pmod on input line 909.
LaTeX Info: Redefining \smash on input line 939.
LaTeX Info: Redefining \relbar on input line 969.
LaTeX Info: Redefining \Relbar on input line 970.
\c@MaxMatrixCols=\count312
\dotsspace@=\muskip18
\c@parentequation=\count313
\dspbrk@lvl=\count314
\tag@help=\toks26
\row@=\count315
\column@=\count316
\maxfields@=\count317
\andhelp@=\toks27
\eqnshift@=\dimen172
\alignsep@=\dimen173
\tagshift@=\dimen174
\tagwidth@=\dimen175
\totwidth@=\dimen176
\lineht@=\dimen177
\@envbody=\toks28
\multlinegap=\skip55
\multlinetaggap=\skip56
\mathdisplay@stack=\toks29
LaTeX Info: Redefining \[ on input line 2949.
LaTeX Info: Redefining \] on input line 2950.
) (C:\Users\lolcr\AppData\Local\Programs\MiKTeX\tex/latex/amsfonts\amssymb.sty
Package: amssymb 2013/01/14 v3.01 AMS font symbols
 (C:\Users\lolcr\AppData\Local\Programs\MiKTeX\tex/latex/amsfonts\amsfonts.sty
Package: amsfonts 2013/01/14 v3.01 Basic AMSFonts support
\symAMSa=\mathgroup4
\symAMSb=\mathgroup5
LaTeX Font Info:    Redeclaring math symbol \hbar on input line 98.
LaTeX Font Info:    Overwriting math alphabet `\mathfrak' in version `bold'
(Font)                  U/euf/m/n --> U/euf/b/n on input line 106.
)) (C:\Users\lolcr\AppData\Local\Programs\MiKTeX\tex/latex/graphics\graphicx.sty
Package: graphicx 2024/12/31 v1.2e Enhanced LaTeX Graphics (DPC,SPQR)
 (C:\Users\lolcr\AppData\Local\Programs\MiKTeX\tex/latex/graphics\graphics.sty
Package: graphics 2024/08/06 v1.4g Standard LaTeX Graphics (DPC,SPQR)
 (C:\Users\lolcr\AppData\Local\Programs\MiKTeX\tex/latex/graphics\trig.sty
Package: trig 2023/12/02 v1.11 sin cos tan (DPC)
) (C:\Users\lolcr\AppData\Local\Programs\MiKTeX\tex/latex/graphics-cfg\graphics.cfg
File: graphics.cfg 2016/06/04 v1.11 sample graphics configuration
)
Package graphics Info: Driver file: pdftex.def on input line 106.
 (C:\Users\lolcr\AppData\Local\Programs\MiKTeX\tex/latex/graphics-def\pdftex.def
File: pdftex.def 2025/09/29 v1.2d Graphics/color driver for pdftex
))
\Gin@req@height=\dimen178
\Gin@req@width=\dimen179
) (C:\Users\lolcr\AppData\Local\Programs\MiKTeX\tex/latex/caption\caption.sty
Package: caption 2023/08/05 v3.6o Customizing captions (AR)
 (C:\Users\lolcr\AppData\Local\Programs\MiKTeX\tex/latex/caption\caption3.sty
Package: caption3 2023/07/31 v2.4d caption3 kernel (AR)
\caption@tempdima=\dimen180
\captionmargin=\dimen181
\caption@leftmargin=\dimen182
\caption@rightmargin=\dimen183
\caption@width=\dimen184
\caption@indent=\dimen185
\caption@parindent=\dimen186
\caption@hangindent=\dimen187
Package caption Info: Standard document class detected.
)
\c@caption@flags=\count318
\c@continuedfloat=\count319
Package caption Info: float package is loaded.
Package caption Info: hyperref package is loaded.
) (C:\Users\lolcr\AppData\Local\Programs\MiKTeX\tex/latex/listings\listings.sty
\lst@mode=\count320
\lst@gtempboxa=\box59
\lst@token=\toks30
\lst@length=\count321
\lst@currlwidth=\dimen188
\lst@column=\count322
\lst@pos=\count323
\lst@lostspace=\dimen189
\lst@width=\dimen190
\lst@newlines=\count324
\lst@lineno=\count325
\lst@maxwidth=\dimen191
 (C:\Users\lolcr\AppData\Local\Programs\MiKTeX\tex/latex/listings\lstpatch.sty
File: lstpatch.sty 2024/09/23 1.10c (Carsten Heinz)
) (C:\Users\lolcr\AppData\Local\Programs\MiKTeX\tex/latex/listings\lstmisc.sty
File: lstmisc.sty 2024/09/23 1.10c (Carsten Heinz)
\c@lstnumber=\count326
\lst@skipnumbers=\count327
\lst@framebox=\box60
) (C:\Users\lolcr\AppData\Local\Programs\MiKTeX\tex/latex/listings\listings.cfg
File: listings.cfg 2024/09/23 1.10c listings configuration
))
Package: listings 2024/09/23 1.10c (Carsten Heinz)
 (C:\Users\lolcr\AppData\Local\Programs\MiKTeX\tex/latex/psnfss\courier.sty
Package: courier 2020/03/25 PSNFSS-v9.3 (WaS) 
) (C:\Users\lolcr\AppData\Local\Programs\MiKTeX\tex/latex/listings\lstlang1.sty
File: lstlang1.sty 2024/09/23 1.10c listings language file
) (C:\Users\lolcr\AppData\Local\Programs\MiKTeX\tex/latex/listings\lstlang1.sty
File: lstlang1.sty 2024/09/23 1.10c listings language file
) (C:\Users\lolcr\AppData\Local\Programs\MiKTeX\tex/latex/listings\lstmisc.sty
File: lstmisc.sty 2024/09/23 1.10c (Carsten Heinz)
) (C:\Users\lolcr\AppData\Local\Programs\MiKTeX\tex/latex/framed\framed.sty
Package: framed 2011/10/22 v 0.96: framed or shaded text with page breaks
\OuterFrameSep=\skip57
\fb@frw=\dimen192
\fb@frh=\dimen193
\FrameRule=\dimen194
\FrameSep=\dimen195
) (C:\Users\lolcr\AppData\Local\Programs\MiKTeX\tex/latex/l3backend\l3backend-pdftex.def
File: l3backend-pdftex.def 2025-06-09 L3 backend support: PDF output (pdfTeX)
\l__color_backend_stack_int=\count328
) (document.aux)
\openout1 = `document.aux'.

LaTeX Font Info:    Checking defaults for OML/cmm/m/it on input line 48.
LaTeX Font Info:    ... okay on input line 48.
LaTeX Font Info:    Checking defaults for OMS/cmsy/m/n on input line 48.
LaTeX Font Info:    ... okay on input line 48.
LaTeX Font Info:    Checking defaults for OT1/cmr/m/n on input line 48.
LaTeX Font Info:    ... okay on input line 48.
LaTeX Font Info:    Checking defaults for T1/cmr/m/n on input line 48.
LaTeX Font Info:    ... okay on input line 48.
LaTeX Font Info:    Checking defaults for TS1/cmr/m/n on input line 48.
LaTeX Font Info:    ... okay on input line 48.
LaTeX Font Info:    Checking defaults for OMX/cmex/m/n on input line 48.
LaTeX Font Info:    ... okay on input line 48.
LaTeX Font Info:    Checking defaults for U/cmr/m/n on input line 48.
LaTeX Font Info:    ... okay on input line 48.
LaTeX Font Info:    Checking defaults for PD1/pdf/m/n on input line 48.
LaTeX Font Info:    ... okay on input line 48.
LaTeX Font Info:    Checking defaults for PU/pdf/m/n on input line 48.
LaTeX Font Info:    ... okay on input line 48.
Package hyperref Info: Link coloring OFF on input line 48.
 (document.out) (document.out)
\@outlinefile=\write3
\openout3 = `document.out'.

LaTeX Info: Redefining \it@ocap on input line 48.
LaTeX Info: Redefining \it@ccap on input line 48.


File italian.ldf warning: 
italian.ldf    With OT1 encoding guillemets are poorly faked
italian.ldf    Use T1 encoding
italian.ldf    or specify a font with command \CaporaliFrom
italian.ldf    See the documentation concerning the babel-italian typesetting
italian.ldf    on input line 48.

*geometry* driver: auto-detecting
*geometry* detected driver: pdftex
*geometry* verbose mode - [ preamble ] result:
* driver: pdftex
* paper: a4paper
* layout: <same size as paper>
* layoutoffset:(h,v)=(0.0pt,0.0pt)
* modes: 
* h-part:(L,W,R)=(85.35826pt, 426.79135pt, 85.35826pt)
* v-part:(T,H,B)=(85.35826pt, 674.33032pt, 85.35826pt)
* \paperwidth=597.50787pt
* \paperheight=845.04684pt
* \textwidth=426.79135pt
* \textheight=674.33032pt
* \oddsidemargin=13.08827pt
* \evensidemargin=13.08827pt
* \topmargin=-18.78552pt
* \headheight=12.0pt
* \headsep=19.8738pt
* \topskip=12.0pt
* \footskip=30.0pt
* \marginparwidth=38.0pt
* \marginparsep=7.0pt
* \columnsep=10.0pt
* \skip\footins=10.8pt plus 4.0pt minus 2.0pt
* \hoffset=0.0pt
* \voffset=0.0pt
* \mag=1000
* \@twocolumnfalse
* \@twosidefalse
* \@mparswitchfalse
* \@reversemarginfalse
* (1in=72.27pt=25.4mm, 1cm=28.453pt)

(C:\Users\lolcr\AppData\Local\Programs\MiKTeX\tex/context/base/mkii\supp-pdf.mkii
[Loading MPS to PDF converter (version 2006.09.02).]
\scratchcounter=\count329
\scratchdimen=\dimen196
\scratchbox=\box61
\nofMPsegments=\count330
\nofMParguments=\count331
\everyMPshowfont=\toks31
\MPscratchCnt=\count332
\MPscratchDim=\dimen197
\MPnumerator=\count333
\makeMPintoPDFobject=\count334
\everyMPtoPDFconversion=\toks32
) (C:\Users\lolcr\AppData\Local\Programs\MiKTeX\tex/latex/epstopdf-pkg\epstopdf-base.sty
Package: epstopdf-base 2020-01-24 v2.11 Base part for package epstopdf
Package epstopdf-base Info: Redefining graphics rule for `.eps' on input line 485.
 (C:\Users\lolcr\AppData\Local\Programs\MiKTeX\tex/latex/00miktex\epstopdf-sys.cfg
File: epstopdf-sys.cfg 2021/03/18 v2.0 Configuration of epstopdf for MiKTeX
))
Package caption Info: Begin \AtBeginDocument code.
Package caption Info: listings package is loaded.
Package caption Info: End \AtBeginDocument code.
\c@lstlisting=\count335
 (parts/frontespizio.tex
<Images/university_logo.png, id=271, 106.3975pt x 112.42pt>
File: Images/university_logo.png Graphic file (type png)
<use Images/university_logo.png>
Package pdftex.def Info: Images/university_logo.png  used on input line 3.
(pdftex.def)             Requested size: 69.2582pt x 72.98463pt.


[1


{C:/Users/lolcr/AppData/Local/MiKTeX/fonts/map/pdftex/pdftex.map} <./Images/university_logo.png>]) (document.toc
LaTeX Font Info:    Trying to load font information for U+msa on input line 4.
 (C:\Users\lolcr\AppData\Local\Programs\MiKTeX\tex/latex/amsfonts\umsa.fd
File: umsa.fd 2013/01/14 v3.01 AMS symbols A
)
LaTeX Font Info:    Trying to load font information for U+msb on input line 4.
 (C:\Users\lolcr\AppData\Local\Programs\MiKTeX\tex/latex/amsfonts\umsb.fd
File: umsb.fd 2013/01/14 v3.01 AMS symbols B
)


pdfTeX warning (ext4): destination with the same identifier (name{page.1}) has been already used, duplicate ignored
<to be read again> 
                   \relax 
l.38 ...sso di Costo Minimo}{37}{subsection.4.1.1}
                                                  % [1

])
\tf@toc=\write4
\openout4 = `document.toc'.

 (parts/capitolo_1.tex

[2]

[3

]

[4]
Capitolo 1.


[5

]
<Images/risoluzione_grafica.png, id=391, 604.50844pt x 384.6872pt>
File: Images/risoluzione_grafica.png Graphic file (type png)
<use Images/risoluzione_grafica.png>
Package pdftex.def Info: Images/risoluzione_grafica.png  used on input line 96.
(pdftex.def)             Requested size: 234.73654pt x 149.37584pt.


[6 <./Images/risoluzione_grafica.png>]
<Images/segmento.png, id=411, 1405.25pt x 483.8075pt>
File: Images/segmento.png Graphic file (type png)
<use Images/segmento.png>
Package pdftex.def Info: Images/segmento.png  used on input line 138.
(pdftex.def)             Requested size: 426.79135pt x 146.93726pt.


[7 <./Images/segmento.png>]

[8]

[9]

[10]

[11]
Capitolo 2.
<Images/matrice_base_generica.png, id=443, 640.3925pt x 576.1525pt>
File: Images/matrice_base_generica.png Graphic file (type png)
<use Images/matrice_base_generica.png>
Package pdftex.def Info: Images/matrice_base_generica.png  used on input line 357.
(pdftex.def)             Requested size: 140.84192pt x 126.70998pt.


[12

 <./Images/matrice_base_generica.png>]
<Images/esempio_base.png, id=451, 597.23125pt x 347.2975pt>
File: Images/esempio_base.png Graphic file (type png)
<use Images/esempio_base.png>
Package pdftex.def Info: Images/esempio_base.png  used on input line 370.
(pdftex.def)             Requested size: 192.0548pt x 111.68329pt.


[13 <./Images/esempio_base.png>]
<Images/matrice_base_canonica.png, id=459, 583.17876pt x 323.2075pt>
File: Images/matrice_base_canonica.png Graphic file (type png)
<use Images/matrice_base_canonica.png>
Package pdftex.def Info: Images/matrice_base_canonica.png  used on input line 399.
(pdftex.def)             Requested size: 213.39568pt x 118.26813pt.

Underfull \hbox (badness 10000) in paragraph at lines 425--426

 []



[14 <./Images/matrice_base_canonica.png>]
Underfull \hbox (badness 10000) in paragraph at lines 427--449

 []



[15]
<Images/tabella_con_vincoli.png, id=479, 170.88844pt x 103.13531pt>
File: Images/tabella_con_vincoli.png Graphic file (type png)
<use Images/tabella_con_vincoli.png>
Package pdftex.def Info: Images/tabella_con_vincoli.png  used on input line 478.
(pdftex.def)             Requested size: 128.0387pt x 77.27888pt.
<Images/tabella_con_base.png, id=480, 275.52937pt x 109.1578pt>
File: Images/tabella_con_base.png Graphic file (type png)
<use Images/tabella_con_base.png>
Package pdftex.def Info: Images/tabella_con_base.png  used on input line 483.
(pdftex.def)             Requested size: 213.39568pt x 84.54478pt.

Overfull \hbox (18.47173pt too wide) detected at line 486
\OML/cmm/m/it/12 min\OT1/cmr/m/n/12 (\OML/cmm/m/it/12 z\OT1/cmr/m/n/12 ) \OML/cmm/m/it/12 x[] \OT1/cmr/m/n/12 + \OML/cmm/m/it/12 B[]Nx[] \OT1/cmr/m/n/12 = \OML/cmm/m/it/12 B[]b  \OMS/cmsy/m/n/12 ^^@ \OML/cmm/m/it/12 z \OT1/cmr/m/n/12 + (\OML/cmm/m/it/12 c[] \OMS/cmsy/m/n/12 ^^@ \OML/cmm/m/it/12 c[]B[]N\OT1/cmr/m/n/12 )\OML/cmm/m/it/12 x[] \OT1/cmr/m/n/12 = \OMS/cmsy/m/n/12 ^^@\OML/cmm/m/it/12 c[]B[]b x[] \OMS/cmsy/m/n/12 ^^U \OT1/cmr/m/n/12 0 \OML/cmm/m/it/12 x[] \OMS/cmsy/m/n/12 ^^U \OT1/cmr/m/n/12 0
 []

<Images/tabella_finale_base.png, id=481, 465.23813pt x 276.28218pt>
File: Images/tabella_finale_base.png Graphic file (type png)
<use Images/tabella_finale_base.png>
Package pdftex.def Info: Images/tabella_finale_base.png  used on input line 489.
(pdftex.def)             Requested size: 341.43437pt x 202.76775pt.


[16 <./Images/tabella_con_vincoli.png> <./Images/tabella_con_base.png>]

[17 <./Images/tabella_finale_base.png>]
<Images//esempio_simplesso/matrice_1_simplesso.png, id=502, 934.24031pt x 283.81032pt>
File: Images//esempio_simplesso/matrice_1_simplesso.png Graphic file (type png)
<use Images//esempio_simplesso/matrice_1_simplesso.png>
Package pdftex.def Info: Images//esempio_simplesso/matrice_1_simplesso.png  used on input line 516.
(pdftex.def)             Requested size: 426.79135pt x 129.65356pt.
<Images//esempio_simplesso/matrice_2_esempio.png, id=503, 870.25125pt x 225.84375pt>
File: Images//esempio_simplesso/matrice_2_esempio.png Graphic file (type png)
<use Images//esempio_simplesso/matrice_2_esempio.png>
Package pdftex.def Info: Images//esempio_simplesso/matrice_2_esempio.png  used on input line 526.
(pdftex.def)             Requested size: 426.79135pt x 110.76088pt.
<Images//esempio_simplesso/matrice_3_esempio.png, id=504, 908.64468pt x 172.39406pt>
File: Images//esempio_simplesso/matrice_3_esempio.png Graphic file (type png)
<use Images//esempio_simplesso/matrice_3_esempio.png>
Package pdftex.def Info: Images//esempio_simplesso/matrice_3_esempio.png  used on input line 533.
(pdftex.def)             Requested size: 426.79135pt x 80.9726pt.


[18 <./Images//esempio_simplesso/matrice_1_simplesso.png> <./Images//esempio_simplesso/matrice_2_esempio.png>]
<Images//esempio_simplesso/grafico_esempio.png, id=514, 596.2275pt x 293.59688pt>
File: Images//esempio_simplesso/grafico_esempio.png Graphic file (type png)
<use Images//esempio_simplesso/grafico_esempio.png>
Package pdftex.def Info: Images//esempio_simplesso/grafico_esempio.png  used on input line 538.
(pdftex.def)             Requested size: 426.79135pt x 210.16208pt.
<Images//esempio_simplesso/regola_di_bland.png, id=516, 1114.1625pt x 253.69781pt>
File: Images//esempio_simplesso/regola_di_bland.png Graphic file (type png)
<use Images//esempio_simplesso/regola_di_bland.png>
Package pdftex.def Info: Images//esempio_simplesso/regola_di_bland.png  used on input line 549.
(pdftex.def)             Requested size: 213.39568pt x 48.5902pt.


[19 <./Images//esempio_simplesso/matrice_3_esempio.png> <./Images//esempio_simplesso/grafico_esempio.png>]
<Images//esempio_simplesso/aggiunta_di_variabili_artificiali.png, id=526, 877.02657pt x 216.81pt>
File: Images//esempio_simplesso/aggiunta_di_variabili_artificiali.png Graphic file (type png)
<use Images//esempio_simplesso/aggiunta_di_variabili_artificiali.png>
Package pdftex.def Info: Images//esempio_simplesso/aggiunta_di_variabili_artificiali.png  used on input line 581.
(pdftex.def)             Requested size: 298.75264pt x 73.85667pt.


[20 <./Images//esempio_simplesso/regola_di_bland.png>]
<Images/esempio_due_fasi/problema_iniziale.png, id=533, 784.43062pt x 207.02344pt>
File: Images/esempio_due_fasi/problema_iniziale.png Graphic file (type png)
<use Images/esempio_due_fasi/problema_iniziale.png>
Package pdftex.def Info: Images/esempio_due_fasi/problema_iniziale.png  used on input line 599.
(pdftex.def)             Requested size: 298.75264pt x 78.84662pt.


[21 <./Images//esempio_simplesso/aggiunta_di_variabili_artificiali.png>]
<Images/esempio_due_fasi/problema_artificiale.png, id=542, 1198.4775pt x 438.8897pt>
File: Images/esempio_due_fasi/problema_artificiale.png Graphic file (type png)
<use Images/esempio_due_fasi/problema_artificiale.png>
Package pdftex.def Info: Images/esempio_due_fasi/problema_artificiale.png  used on input line 604.
(pdftex.def)             Requested size: 298.75264pt x 109.4007pt.
<Images/esempio_due_fasi/risultato_problema_artificiale.png, id=543, 590.205pt x 331.99031pt>
File: Images/esempio_due_fasi/risultato_problema_artificiale.png Graphic file (type png)
<use Images/esempio_due_fasi/risultato_problema_artificiale.png>
Package pdftex.def Info: Images/esempio_due_fasi/risultato_problema_artificiale.png  used on input line 613.
(pdftex.def)             Requested size: 213.39568pt x 120.03311pt.
<Images/esempio_due_fasi/fase_2.png, id=545, 528.47438pt x 347.79938pt>
File: Images/esempio_due_fasi/fase_2.png Graphic file (type png)
<use Images/esempio_due_fasi/fase_2.png>
Package pdftex.def Info: Images/esempio_due_fasi/fase_2.png  used on input line 618.
(pdftex.def)             Requested size: 170.71393pt x 112.34885pt.


[22 <./Images/esempio_due_fasi/problema_iniziale.png> <./Images/esempio_due_fasi/problema_artificiale.png> <./Images/esempio_due_fasi/risultato_problema_artificiale.png>]
<Images/esempio_due_fasi/soluzione.png, id=557, 1131.47719pt x 374.90062pt>
File: Images/esempio_due_fasi/soluzione.png Graphic file (type png)
<use Images/esempio_due_fasi/soluzione.png>
Package pdftex.def Info: Images/esempio_due_fasi/soluzione.png  used on input line 623.
(pdftex.def)             Requested size: 384.1096pt x 127.27002pt.
) (parts/capitolo_2.tex

[23 <./Images/esempio_due_fasi/fase_2.png> <./Images/esempio_due_fasi/soluzione.png>]
Capitolo 3.
<Images/dualita/tabella_trasformazioni.png, id=566, 672.26157pt x 286.06876pt>
File: Images/dualita/tabella_trasformazioni.png Graphic file (type png)
<use Images/dualita/tabella_trasformazioni.png>
Package pdftex.def Info: Images/dualita/tabella_trasformazioni.png  used on input line 17.
(pdftex.def)             Requested size: 298.75264pt x 127.12778pt.
<Images/dualita/schema_trasformazioni.png, id=567, 624.08156pt x 304.88907pt>
File: Images/dualita/schema_trasformazioni.png Graphic file (type png)
<use Images/dualita/schema_trasformazioni.png>
Package pdftex.def Info: Images/dualita/schema_trasformazioni.png  used on input line 23.
(pdftex.def)             Requested size: 170.71393pt x 83.40045pt.


[24

 <./Images/dualita/tabella_trasformazioni.png>]
<Images/dualita/esempio_1_trasformazione.png, id=579, 979.40906pt x 520.19344pt>
File: Images/dualita/esempio_1_trasformazione.png Graphic file (type png)
<use Images/dualita/esempio_1_trasformazione.png>
Package pdftex.def Info: Images/dualita/esempio_1_trasformazione.png  used on input line 28.
(pdftex.def)             Requested size: 341.43437pt x 181.34016pt.
<Images/dualita/duale_simmetrico.png, id=580, 477.28313pt x 176.91093pt>
File: Images/dualita/duale_simmetrico.png Graphic file (type png)
<use Images/dualita/duale_simmetrico.png>
Package pdftex.def Info: Images/dualita/duale_simmetrico.png  used on input line 39.
(pdftex.def)             Requested size: 341.43437pt x 126.55513pt.


[25 <./Images/dualita/schema_trasformazioni.png> <./Images/dualita/esempio_1_trasformazione.png> <./Images/dualita/duale_simmetrico.png>]
<Images/dualita/duale_asimmetrico.png, id=591, 608.2725pt x 215.30438pt>
File: Images/dualita/duale_asimmetrico.png Graphic file (type png)
<use Images/dualita/duale_asimmetrico.png>
Package pdftex.def Info: Images/dualita/duale_asimmetrico.png  used on input line 50.
(pdftex.def)             Requested size: 341.43437pt x 120.85544pt.
<Images/dualita/tabella_pd.png, id=592, 518.6878pt x 292.84406pt>
File: Images/dualita/tabella_pd.png Graphic file (type png)
<use Images/dualita/tabella_pd.png>
Package pdftex.def Info: Images/dualita/tabella_pd.png  used on input line 70.
(pdftex.def)             Requested size: 213.39568pt x 120.48239pt.


[26 <./Images/dualita/duale_asimmetrico.png>]
<Images/dualita/esempio_scarti_complementari.png, id=599, 842.39719pt x 704.6325pt>
File: Images/dualita/esempio_scarti_complementari.png Graphic file (type png)
<use Images/dualita/esempio_scarti_complementari.png>
Package pdftex.def Info: Images/dualita/esempio_scarti_complementari.png  used on input line 82.
(pdftex.def)             Requested size: 426.79135pt x 356.99243pt.


[27 <./Images/dualita/tabella_pd.png> <./Images/dualita/esempio_scarti_complementari.png>]
<Images/dualita/esempio_complementari/1.png, id=608, 636.12656pt x 509.65407pt>
File: Images/dualita/esempio_complementari/1.png Graphic file (type png)
<use Images/dualita/esempio_complementari/1.png>
Package pdftex.def Info: Images/dualita/esempio_complementari/1.png  used on input line 94.
(pdftex.def)             Requested size: 341.43437pt x 273.54488pt.
<Images/dualita/esempio_complementari/2.png, id=609, 916.92563pt x 337.26pt>
File: Images/dualita/esempio_complementari/2.png Graphic file (type png)
<use Images/dualita/esempio_complementari/2.png>
Package pdftex.def Info: Images/dualita/esempio_complementari/2.png  used on input line 99.
(pdftex.def)             Requested size: 426.79135pt x 156.97865pt.
<Images/dualita/esempio_complementari/3.png, id=610, 784.43062pt x 200.24812pt>
File: Images/dualita/esempio_complementari/3.png Graphic file (type png)
<use Images/dualita/esempio_complementari/3.png>
Package pdftex.def Info: Images/dualita/esempio_complementari/3.png  used on input line 105.
(pdftex.def)             Requested size: 426.79135pt x 108.95125pt.


[28 <./Images/dualita/esempio_complementari/1.png> <./Images/dualita/esempio_complementari/2.png>]

[29 <./Images/dualita/esempio_complementari/3.png>]

[30]
<Images/dualita/condizione_ammissibile_primale_duale.png, id=632, 595.47469pt x 136.25906pt>
File: Images/dualita/condizione_ammissibile_primale_duale.png Graphic file (type png)
<use Images/dualita/condizione_ammissibile_primale_duale.png>
Package pdftex.def Info: Images/dualita/condizione_ammissibile_primale_duale.png  used on input line 184.
(pdftex.def)             Requested size: 341.43437pt x 78.12794pt.


[31 <./Images/dualita/condizione_ammissibile_primale_duale.png>]
<Images/dualita/esempio_simplesso_duale/1.png, id=639, 1226.33156pt x 515.67656pt>
File: Images/dualita/esempio_simplesso_duale/1.png Graphic file (type png)
<use Images/dualita/esempio_simplesso_duale/1.png>
Package pdftex.def Info: Images/dualita/esempio_simplesso_duale/1.png  used on input line 202.
(pdftex.def)             Requested size: 426.79135pt x 179.46658pt.
<Images/dualita/esempio_simplesso_duale/2.png, id=640, 1125.45468pt x 570.63188pt>
File: Images/dualita/esempio_simplesso_duale/2.png Graphic file (type png)
<use Images/dualita/esempio_simplesso_duale/2.png>
Package pdftex.def Info: Images/dualita/esempio_simplesso_duale/2.png  used on input line 206.
(pdftex.def)             Requested size: 426.79135pt x 216.3896pt.
<Images/dualita/esempio_simplesso_duale/3.png, id=641, 874.01532pt x 481.8pt>
File: Images/dualita/esempio_simplesso_duale/3.png Graphic file (type png)
<use Images/dualita/esempio_simplesso_duale/3.png>
Package pdftex.def Info: Images/dualita/esempio_simplesso_duale/3.png  used on input line 210.
(pdftex.def)             Requested size: 426.79135pt x 235.26802pt.


[32 <./Images/dualita/esempio_simplesso_duale/1.png> <./Images/dualita/esempio_simplesso_duale/2.png>]

[33 <./Images/dualita/esempio_simplesso_duale/3.png>]
<Images/dualita/esempio_analisi_post/1.png, id=660, 876.27374pt x 668.4975pt>
File: Images/dualita/esempio_analisi_post/1.png Graphic file (type png)
<use Images/dualita/esempio_analisi_post/1.png>
Package pdftex.def Info: Images/dualita/esempio_analisi_post/1.png  used on input line 237.
(pdftex.def)             Requested size: 426.79135pt x 325.59796pt.
<Images/dualita/esempio_analisi_post/2.png, id=661, 923.70094pt x 706.89093pt>
File: Images/dualita/esempio_analisi_post/2.png Graphic file (type png)
<use Images/dualita/esempio_analisi_post/2.png>
Package pdftex.def Info: Images/dualita/esempio_analisi_post/2.png  used on input line 243.
(pdftex.def)             Requested size: 426.79135pt x 326.61914pt.
<Images/dualita/esempio_analisi_post/3.png, id=662, 780.66656pt x 362.10281pt>
File: Images/dualita/esempio_analisi_post/3.png Graphic file (type png)
<use Images/dualita/esempio_analisi_post/3.png>
Package pdftex.def Info: Images/dualita/esempio_analisi_post/3.png  used on input line 247.
(pdftex.def)             Requested size: 298.75264pt x 138.57292pt.


[34 <./Images/dualita/esempio_analisi_post/1.png>]) (parts/capitolo_3.tex

[35 <./Images/dualita/esempio_analisi_post/2.png> <./Images/dualita/esempio_analisi_post/3.png>]
Capitolo 4.
<Images/programmazione_lineare_continua/regione_ammissibile_x_p.png, id=677, 310.15875pt x 194.97844pt>
File: Images/programmazione_lineare_continua/regione_ammissibile_x_p.png Graphic file (type png)
<use Images/programmazione_lineare_continua/regione_ammissibile_x_p.png>
Package pdftex.def Info: Images/programmazione_lineare_continua/regione_ammissibile_x_p.png  used on input line 11.
(pdftex.def)             Requested size: 213.39568pt x 134.14848pt.
<Images/programmazione_lineare_continua/problema_chill.png, id=678, 571.38469pt x 250.68657pt>
File: Images/programmazione_lineare_continua/problema_chill.png Graphic file (type png)
<use Images/programmazione_lineare_continua/problema_chill.png>
Package pdftex.def Info: Images/programmazione_lineare_continua/problema_chill.png  used on input line 24.
(pdftex.def)             Requested size: 213.39568pt x 93.62471pt.


[36

 <./Images/programmazione_lineare_continua/regione_ammissibile_x_p.png>]
Underfull \hbox (badness 10000) in paragraph at lines 31--38

 []



[37 <./Images/programmazione_lineare_continua/problema_chill.png>]
<Images/programmazione_lineare_continua/problema_del_flusso.png, id=694, 883.04906pt x 640.64343pt>
File: Images/programmazione_lineare_continua/problema_del_flusso.png Graphic file (type png)
<use Images/programmazione_lineare_continua/problema_del_flusso.png>
Package pdftex.def Info: Images/programmazione_lineare_continua/problema_del_flusso.png  used on input line 59.
(pdftex.def)             Requested size: 341.43437pt x 247.7091pt.
<Images/programmazione_lineare_continua/tabella_nodi_archi.png, id=695, 425.33907pt x 188.95593pt>
File: Images/programmazione_lineare_continua/tabella_nodi_archi.png Graphic file (type png)
<use Images/programmazione_lineare_continua/tabella_nodi_archi.png>
Package pdftex.def Info: Images/programmazione_lineare_continua/tabella_nodi_archi.png  used on input line 64.
(pdftex.def)             Requested size: 213.39568pt x 94.80064pt.


[38 <./Images/programmazione_lineare_continua/problema_del_flusso.png> <./Images/programmazione_lineare_continua/tabella_nodi_archi.png>]
<Images/programmazione_lineare_continua/taglio_gomory.png, id=705, 505.13719pt x 239.39438pt>
File: Images/programmazione_lineare_continua/taglio_gomory.png Graphic file (type png)
<use Images/programmazione_lineare_continua/taglio_gomory.png>
Package pdftex.def Info: Images/programmazione_lineare_continua/taglio_gomory.png  used on input line 77.
(pdftex.def)             Requested size: 213.39568pt x 101.13306pt.
<Images/programmazione_lineare_continua/tabella_finale_simplesso_RL.png, id=706, 536.0025pt x 292.84406pt>
File: Images/programmazione_lineare_continua/tabella_finale_simplesso_RL.png Graphic file (type png)
<use Images/programmazione_lineare_continua/tabella_finale_simplesso_RL.png>
Package pdftex.def Info: Images/programmazione_lineare_continua/tabella_finale_simplesso_RL.png  used on input line 88.
(pdftex.def)             Requested size: 213.39568pt x 116.58592pt.


[39 <./Images/programmazione_lineare_continua/taglio_gomory.png> <./Images/programmazione_lineare_continua/tabella_finale_simplesso_RL.png>]
<Images/programmazione_lineare_continua/esempio_tagli_gomory/1.png, id=720, 1090.82532pt x 622.57594pt>
File: Images/programmazione_lineare_continua/esempio_tagli_gomory/1.png Graphic file (type png)
<use Images/programmazione_lineare_continua/esempio_tagli_gomory/1.png>
Package pdftex.def Info: Images/programmazione_lineare_continua/esempio_tagli_gomory/1.png  used on input line 112.
(pdftex.def)             Requested size: 426.79135pt x 243.58261pt.
<Images/programmazione_lineare_continua/esempio_tagli_gomory/2.png, id=721, 1062.21844pt x 482.55281pt>
File: Images/programmazione_lineare_continua/esempio_tagli_gomory/2.png Graphic file (type png)
<use Images/programmazione_lineare_continua/esempio_tagli_gomory/2.png>
Package pdftex.def Info: Images/programmazione_lineare_continua/esempio_tagli_gomory/2.png  used on input line 116.
(pdftex.def)             Requested size: 426.79135pt x 193.88655pt.
<Images/programmazione_lineare_continua/esempio_tagli_gomory/3.png, id=722, 1181.16281pt x 411.78844pt>
File: Images/programmazione_lineare_continua/esempio_tagli_gomory/3.png Graphic file (type png)
<use Images/programmazione_lineare_continua/esempio_tagli_gomory/3.png>
Package pdftex.def Info: Images/programmazione_lineare_continua/esempio_tagli_gomory/3.png  used on input line 120.
(pdftex.def)             Requested size: 426.79135pt x 148.79036pt.


[40
pdfTeX warning (ext4): destination with the same identifier (name{equation.4.1}) has been already used, duplicate ignored
<argument> ...shipout:D \box_use:N \l_shipout_box 
                                                  \__shipout_drop_firstpage_...
l.122 \section
              {Metodo del Branch and Bound} <./Images/programmazione_lineare_continua/esempio_tagli_gomory/1.png> <./Images/programmazione_lineare_continua/esempio_tagli_gomory/2.png>]
<Images/programmazione_lineare_continua/branch_bound.png, id=732, 317.68687pt x 172.39406pt>
File: Images/programmazione_lineare_continua/branch_bound.png Graphic file (type png)
<use Images/programmazione_lineare_continua/branch_bound.png>
Package pdftex.def Info: Images/programmazione_lineare_continua/branch_bound.png  used on input line 139.
(pdftex.def)             Requested size: 213.39568pt x 115.80328pt.
<Images/programmazione_lineare_continua/albero_sottoproblemi.png, id=733, 378.66469pt x 242.40562pt>
File: Images/programmazione_lineare_continua/albero_sottoproblemi.png Graphic file (type png)
<use Images/programmazione_lineare_continua/albero_sottoproblemi.png>
Package pdftex.def Info: Images/programmazione_lineare_continua/albero_sottoproblemi.png  used on input line 144.
(pdftex.def)             Requested size: 213.39568pt x 136.60803pt.


[41 <./Images/programmazione_lineare_continua/esempio_tagli_gomory/3.png> <./Images/programmazione_lineare_continua/branch_bound.png>]

[42 <./Images/programmazione_lineare_continua/albero_sottoproblemi.png>]
<Images/programmazione_lineare_continua/esempio_branch_bound/1.png, id=756, 1232.35406pt x 647.41875pt>
File: Images/programmazione_lineare_continua/esempio_branch_bound/1.png Graphic file (type png)
<use Images/programmazione_lineare_continua/esempio_branch_bound/1.png>
Package pdftex.def Info: Images/programmazione_lineare_continua/esempio_branch_bound/1.png  used on input line 165.
(pdftex.def)             Requested size: 426.79135pt x 224.20927pt.
<Images/programmazione_lineare_continua/esempio_branch_bound/2.png, id=757, 1309.89375pt x 640.64343pt>
File: Images/programmazione_lineare_continua/esempio_branch_bound/2.png Graphic file (type png)
<use Images/programmazione_lineare_continua/esempio_branch_bound/2.png>
Package pdftex.def Info: Images/programmazione_lineare_continua/esempio_branch_bound/2.png  used on input line 170.
(pdftex.def)             Requested size: 426.79135pt x 208.73451pt.
<Images/programmazione_lineare_continua/esempio_branch_bound/3.png, id=758, 1383.66937pt x 458.46281pt>
File: Images/programmazione_lineare_continua/esempio_branch_bound/3.png Graphic file (type png)
<use Images/programmazione_lineare_continua/esempio_branch_bound/3.png>
Package pdftex.def Info: Images/programmazione_lineare_continua/esempio_branch_bound/3.png  used on input line 175.
(pdftex.def)             Requested size: 426.79135pt x 141.40845pt.


[43 <./Images/programmazione_lineare_continua/esempio_branch_bound/1.png> <./Images/programmazione_lineare_continua/esempio_branch_bound/2.png>]
<Images/programmazione_lineare_continua/esempio_branch_bound/4.png, id=768, 1161.58969pt x 517.18219pt>
File: Images/programmazione_lineare_continua/esempio_branch_bound/4.png Graphic file (type png)
<use Images/programmazione_lineare_continua/esempio_branch_bound/4.png>
Package pdftex.def Info: Images/programmazione_lineare_continua/esempio_branch_bound/4.png  used on input line 180.
(pdftex.def)             Requested size: 426.79135pt x 190.02074pt.


[44 <./Images/programmazione_lineare_continua/esempio_branch_bound/3.png> <./Images/programmazione_lineare_continua/esempio_branch_bound/4.png>]

[45]

[46]
<Images/programmazione_lineare_continua/zaino/zaino_branch.png, id=786, 1105.12875pt x 457.71pt>
File: Images/programmazione_lineare_continua/zaino/zaino_branch.png Graphic file (type png)
<use Images/programmazione_lineare_continua/zaino/zaino_branch.png>
Package pdftex.def Info: Images/programmazione_lineare_continua/zaino/zaino_branch.png  used on input line 242.
(pdftex.def)             Requested size: 426.79135pt x 176.76016pt.


[47 <./Images/programmazione_lineare_continua/zaino/zaino_branch.png>]
<Images/programmazione_lineare_continua/algoritmo_ungherese_esempio.png, id=794, 1353.55687pt x 695.59875pt>
File: Images/programmazione_lineare_continua/algoritmo_ungherese_esempio.png Graphic file (type png)
<use Images/programmazione_lineare_continua/algoritmo_ungherese_esempio.png>
Package pdftex.def Info: Images/programmazione_lineare_continua/algoritmo_ungherese_esempio.png  used on input line 280.
(pdftex.def)             Requested size: 426.79135pt x 219.32704pt.


[48]

[49 <./Images/programmazione_lineare_continua/algoritmo_ungherese_esempio.png>]
<Images/programmazione_lineare_continua/tsp/esempio_greedy.png, id=816, 535.2497pt x 277.035pt>
File: Images/programmazione_lineare_continua/tsp/esempio_greedy.png Graphic file (type png)
<use Images/programmazione_lineare_continua/tsp/esempio_greedy.png>
Package pdftex.def Info: Images/programmazione_lineare_continua/tsp/esempio_greedy.png  used on input line 313.
(pdftex.def)             Requested size: 213.39568pt x 110.44849pt.


[50 <./Images/programmazione_lineare_continua/tsp/esempio_greedy.png>]
<Images/programmazione_lineare_continua/tsp/esempio_branch.png, id=825, 198.7425pt x 134.75343pt>
File: Images/programmazione_lineare_continua/tsp/esempio_branch.png Graphic file (type png)
<use Images/programmazione_lineare_continua/tsp/esempio_branch.png>
Package pdftex.def Info: Images/programmazione_lineare_continua/tsp/esempio_branch.png  used on input line 341.
(pdftex.def)             Requested size: 149.37958pt x 101.28688pt.
<Images/programmazione_lineare_continua/tsp/esempio_branch_bound/1.png, id=826, 996.72375pt x 737.75626pt>
File: Images/programmazione_lineare_continua/tsp/esempio_branch_bound/1.png Graphic file (type png)
<use Images/programmazione_lineare_continua/tsp/esempio_branch_bound/1.png>
Package pdftex.def Info: Images/programmazione_lineare_continua/tsp/esempio_branch_bound/1.png  used on input line 356.
(pdftex.def)             Requested size: 426.79135pt x 315.90065pt.
<Images/programmazione_lineare_continua/tsp/esempio_branch_bound/2.png, id=827, 1162.3425pt x 577.40718pt>
File: Images/programmazione_lineare_continua/tsp/esempio_branch_bound/2.png Graphic file (type png)
<use Images/programmazione_lineare_continua/tsp/esempio_branch_bound/2.png>
Package pdftex.def Info: Images/programmazione_lineare_continua/tsp/esempio_branch_bound/2.png  used on input line 360.
(pdftex.def)             Requested size: 426.79135pt x 212.01617pt.


[51 <./Images/programmazione_lineare_continua/tsp/esempio_branch.png>]
<Images/programmazione_lineare_continua/tsp/esempio_branch_bound/3.png, id=836, 1422.0628pt x 691.08188pt>
File: Images/programmazione_lineare_continua/tsp/esempio_branch_bound/3.png Graphic file (type png)
<use Images/programmazione_lineare_continua/tsp/esempio_branch_bound/3.png>
Package pdftex.def Info: Images/programmazione_lineare_continua/tsp/esempio_branch_bound/3.png  used on input line 364.
(pdftex.def)             Requested size: 426.79135pt x 207.41052pt.
<Images/programmazione_lineare_continua/tsp/esempio_branch_bound/4.png, id=837, 1093.83656pt x 469.00218pt>
File: Images/programmazione_lineare_continua/tsp/esempio_branch_bound/4.png Graphic file (type png)
<use Images/programmazione_lineare_continua/tsp/esempio_branch_bound/4.png>
Package pdftex.def Info: Images/programmazione_lineare_continua/tsp/esempio_branch_bound/4.png  used on input line 368.
(pdftex.def)             Requested size: 426.79135pt x 182.99599pt.


[52 <./Images/programmazione_lineare_continua/tsp/esempio_branch_bound/1.png> <./Images/programmazione_lineare_continua/tsp/esempio_branch_bound/2.png>]) (parts/capitolo_4.tex

[53 <./Images/programmazione_lineare_continua/tsp/esempio_branch_bound/3.png> <./Images/programmazione_lineare_continua/tsp/esempio_branch_bound/4.png>]
Capitolo 5.
<Images/programmazione_non_lineare/classificazione_vincoli.png, id=854, 1130.72438pt x 562.35094pt>
File: Images/programmazione_non_lineare/classificazione_vincoli.png Graphic file (type png)
<use Images/programmazione_non_lineare/classificazione_vincoli.png>
Package pdftex.def Info: Images/programmazione_non_lineare/classificazione_vincoli.png  used on input line 32.
(pdftex.def)             Requested size: 298.75264pt x 148.57608pt.


[54

]
<Images/programmazione_non_lineare/classificazione_convessi_concavi.png, id=860, 1096.84781pt x 704.6325pt>
File: Images/programmazione_non_lineare/classificazione_convessi_concavi.png Graphic file (type png)
<use Images/programmazione_non_lineare/classificazione_convessi_concavi.png>
Package pdftex.def Info: Images/programmazione_non_lineare/classificazione_convessi_concavi.png  used on input line 40.
(pdftex.def)             Requested size: 298.75264pt x 191.91985pt.


[55 <./Images/programmazione_non_lineare/classificazione_vincoli.png> <./Images/programmazione_non_lineare/classificazione_convessi_concavi.png>]
<Images/programmazione_non_lineare/teorema_positivita_hess_1.png, id=870, 555.57562pt x 204.765pt>
File: Images/programmazione_non_lineare/teorema_positivita_hess_1.png Graphic file (type png)
<use Images/programmazione_non_lineare/teorema_positivita_hess_1.png>
Package pdftex.def Info: Images/programmazione_non_lineare/teorema_positivita_hess_1.png  used on input line 65.
(pdftex.def)             Requested size: 256.07741pt x 94.3805pt.
<Images/programmazione_non_lineare/teorema_sylvester.png, id=871, 496.85625pt x 201.75375pt>
File: Images/programmazione_non_lineare/teorema_sylvester.png Graphic file (type png)
<use Images/programmazione_non_lineare/teorema_sylvester.png>
Package pdftex.def Info: Images/programmazione_non_lineare/teorema_sylvester.png  used on input line 69.
(pdftex.def)             Requested size: 256.07741pt x 103.98283pt.
<Images/programmazione_non_lineare/esempio_hessiana.png, id=872, 1035.87pt x 442.65375pt>
File: Images/programmazione_non_lineare/esempio_hessiana.png Graphic file (type png)
<use Images/programmazione_non_lineare/esempio_hessiana.png>
Package pdftex.def Info: Images/programmazione_non_lineare/esempio_hessiana.png  used on input line 74.
(pdftex.def)             Requested size: 256.07741pt x 109.42711pt.


[56 <./Images/programmazione_non_lineare/teorema_positivita_hess_1.png> <./Images/programmazione_non_lineare/teorema_sylvester.png>]
<Images/programmazione_non_lineare/esempio_senza_vincoli.png, id=882, 949.29657pt x 745.28438pt>
File: Images/programmazione_non_lineare/esempio_senza_vincoli.png Graphic file (type png)
<use Images/programmazione_non_lineare/esempio_senza_vincoli.png>
Package pdftex.def Info: Images/programmazione_non_lineare/esempio_senza_vincoli.png  used on input line 92.
(pdftex.def)             Requested size: 426.79135pt x 335.06783pt.


[57 <./Images/programmazione_non_lineare/esempio_hessiana.png> <./Images/programmazione_non_lineare/esempio_senza_vincoli.png>]
<Images/programmazione_non_lineare/esempio_ottimizzazione_vincolata/1.1.png, id=895, 1078.0275pt x 515.67656pt>
File: Images/programmazione_non_lineare/esempio_ottimizzazione_vincolata/1.1.png Graphic file (type png)
<use Images/programmazione_non_lineare/esempio_ottimizzazione_vincolata/1.1.png>
Package pdftex.def Info: Images/programmazione_non_lineare/esempio_ottimizzazione_vincolata/1.1.png  used on input line 107.
(pdftex.def)             Requested size: 298.75264pt x 142.90915pt.
<Images/programmazione_non_lineare/esempio_ottimizzazione_vincolata/1.2.png, id=896, 1102.1175pt x 667.74469pt>
File: Images/programmazione_non_lineare/esempio_ottimizzazione_vincolata/1.2.png Graphic file (type png)
<use Images/programmazione_non_lineare/esempio_ottimizzazione_vincolata/1.2.png>
Package pdftex.def Info: Images/programmazione_non_lineare/esempio_ottimizzazione_vincolata/1.2.png  used on input line 111.
(pdftex.def)             Requested size: 298.75264pt x 181.0067pt.


[58 <./Images/programmazione_non_lineare/esempio_ottimizzazione_vincolata/1.1.png> <./Images/programmazione_non_lineare/esempio_ottimizzazione_vincolata/1.2.png>]
<Images/programmazione_non_lineare/esempio_ottimizzazione_vincolata/2.1.png, id=907, 1166.10657pt x 275.52937pt>
File: Images/programmazione_non_lineare/esempio_ottimizzazione_vincolata/2.1.png Graphic file (type png)
<use Images/programmazione_non_lineare/esempio_ottimizzazione_vincolata/2.1.png>
Package pdftex.def Info: Images/programmazione_non_lineare/esempio_ottimizzazione_vincolata/2.1.png  used on input line 120.
(pdftex.def)             Requested size: 298.75264pt x 70.58908pt.
<Images/programmazione_non_lineare/esempio_ottimizzazione_vincolata/3.1.png, id=908, 1030.60031pt x 756.57657pt>
File: Images/programmazione_non_lineare/esempio_ottimizzazione_vincolata/3.1.png Graphic file (type png)
<use Images/programmazione_non_lineare/esempio_ottimizzazione_vincolata/3.1.png>
Package pdftex.def Info: Images/programmazione_non_lineare/esempio_ottimizzazione_vincolata/3.1.png  used on input line 139.
(pdftex.def)             Requested size: 426.79135pt x 313.30385pt.


[59 <./Images/programmazione_non_lineare/esempio_ottimizzazione_vincolata/2.1.png>]

[60 <./Images/programmazione_non_lineare/esempio_ottimizzazione_vincolata/3.1.png>]
<Images/programmazione_non_lineare/medoto_del_gradiente/1.png, id=928, 1225.57875pt x 604.50844pt>
File: Images/programmazione_non_lineare/medoto_del_gradiente/1.png Graphic file (type png)
<use Images/programmazione_non_lineare/medoto_del_gradiente/1.png>
Package pdftex.def Info: Images/programmazione_non_lineare/medoto_del_gradiente/1.png  used on input line 182.
(pdftex.def)             Requested size: 341.43437pt x 168.40337pt.
<Images/programmazione_non_lineare/medoto_del_gradiente/2.png, id=929, 1082.54437pt x 633.11531pt>
File: Images/programmazione_non_lineare/medoto_del_gradiente/2.png Graphic file (type png)
<use Images/programmazione_non_lineare/medoto_del_gradiente/2.png>
Package pdftex.def Info: Images/programmazione_non_lineare/medoto_del_gradiente/2.png  used on input line 186.
(pdftex.def)             Requested size: 341.43437pt x 199.68355pt.


[61]
<Images/programmazione_non_lineare/metodo_newton/1.png, id=936, 813.79031pt x 722.7pt>
File: Images/programmazione_non_lineare/metodo_newton/1.png Graphic file (type png)
<use Images/programmazione_non_lineare/metodo_newton/1.png>
Package pdftex.def Info: Images/programmazione_non_lineare/metodo_newton/1.png  used on input line 200.
(pdftex.def)             Requested size: 341.43437pt x 303.21213pt.


[62 <./Images/programmazione_non_lineare/medoto_del_gradiente/1.png> <./Images/programmazione_non_lineare/medoto_del_gradiente/2.png>]

[63 <./Images/programmazione_non_lineare/metodo_newton/1.png>]
<Images/programmazione_non_lineare/funzione_penalita_alfa.png, id=952, 782.925pt x 306.39468pt>
File: Images/programmazione_non_lineare/funzione_penalita_alfa.png Graphic file (type png)
<use Images/programmazione_non_lineare/funzione_penalita_alfa.png>
Package pdftex.def Info: Images/programmazione_non_lineare/funzione_penalita_alfa.png  used on input line 233.
(pdftex.def)             Requested size: 213.39568pt x 83.50842pt.
<Images/programmazione_non_lineare/metodo_della_penalità/1.1.png, id=953, 1251.92719pt x 542.77782pt>
File: Images/programmazione_non_lineare/metodo_della_penalità/1.1.png Graphic file (type png)
<use Images/programmazione_non_lineare/metodo_della_penalità/1.1.png>
Package pdftex.def Info: Images/programmazione_non_lineare/metodo_della_penalità/1.1.png  used on input line 242.
(pdftex.def)             Requested size: 298.75264pt x 129.52394pt.
<Images/programmazione_non_lineare/metodo_della_penalità/2.1.png, id=954, 1238.37656pt x 682.04813pt>
File: Images/programmazione_non_lineare/metodo_della_penalità/2.1.png Graphic file (type png)
<use Images/programmazione_non_lineare/metodo_della_penalità/2.1.png>
Package pdftex.def Info: Images/programmazione_non_lineare/metodo_della_penalità/2.1.png  used on input line 246.
(pdftex.def)             Requested size: 298.75264pt x 164.53787pt.


[64 <./Images/programmazione_non_lineare/funzione_penalita_alfa.png>]
<Images/programmazione_non_lineare/metodo_della_penalità/2.2.png, id=963, 1072.005pt x 411.03563pt>
File: Images/programmazione_non_lineare/metodo_della_penalità/2.2.png Graphic file (type png)
<use Images/programmazione_non_lineare/metodo_della_penalità/2.2.png>
Package pdftex.def Info: Images/programmazione_non_lineare/metodo_della_penalità/2.2.png  used on input line 250.
(pdftex.def)             Requested size: 298.75264pt x 114.5498pt.
<Images/programmazione_non_lineare/metodo_della_penalità/3.1.png, id=964, 953.06062pt x 703.87968pt>
File: Images/programmazione_non_lineare/metodo_della_penalità/3.1.png Graphic file (type png)
<use Images/programmazione_non_lineare/metodo_della_penalità/3.1.png>
Package pdftex.def Info: Images/programmazione_non_lineare/metodo_della_penalità/3.1.png  used on input line 258.
(pdftex.def)             Requested size: 362.77525pt x 267.92815pt.


[65 <./Images/programmazione_non_lineare/metodo_della_penalità/1.1.png> <./Images/programmazione_non_lineare/metodo_della_penalità/2.1.png> <./Images/programmazione_non_lineare/metodo_della_penalità/2.2.png>]
<Images/programmazione_non_lineare/esempio_barriera.png, id=975, 485.56406pt x 272.51813pt>
File: Images/programmazione_non_lineare/esempio_barriera.png Graphic file (type png)
<use Images/programmazione_non_lineare/esempio_barriera.png>
Package pdftex.def Info: Images/programmazione_non_lineare/esempio_barriera.png  used on input line 266.
(pdftex.def)             Requested size: 213.39568pt x 119.7628pt.


[66 <./Images/programmazione_non_lineare/metodo_della_penalità/3.1.png> <./Images/programmazione_non_lineare/esempio_barriera.png>]
<Images/programmazione_non_lineare/metodo_barriera/1.png, id=985, 985.43156pt x 700.86844pt>
File: Images/programmazione_non_lineare/metodo_barriera/1.png Graphic file (type png)
<use Images/programmazione_non_lineare/metodo_barriera/1.png>
Package pdftex.def Info: Images/programmazione_non_lineare/metodo_barriera/1.png  used on input line 285.
(pdftex.def)             Requested size: 384.1096pt x 273.18787pt.
<Images/programmazione_non_lineare/metodo_barriera/2.png, id=986, 617.30624pt x 619.56468pt>
File: Images/programmazione_non_lineare/metodo_barriera/2.png Graphic file (type png)
<use Images/programmazione_non_lineare/metodo_barriera/2.png>
Package pdftex.def Info: Images/programmazione_non_lineare/metodo_barriera/2.png  used on input line 289.
(pdftex.def)             Requested size: 256.07741pt x 257.02pt.
<Images/programmazione_non_lineare/separazione.png, id=987, 989.19562pt x 359.09157pt>
File: Images/programmazione_non_lineare/separazione.png Graphic file (type png)
<use Images/programmazione_non_lineare/separazione.png>
Package pdftex.def Info: Images/programmazione_non_lineare/separazione.png  used on input line 295.
(pdftex.def)             Requested size: 256.07741pt x 92.95613pt.


[67 <./Images/programmazione_non_lineare/metodo_barriera/1.png> <./Images/programmazione_non_lineare/metodo_barriera/2.png>]
<Images/programmazione_non_lineare/esempio_separazione.png, id=996, 1132.23pt x 721.94719pt>
File: Images/programmazione_non_lineare/esempio_separazione.png Graphic file (type png)
<use Images/programmazione_non_lineare/esempio_separazione.png>
Package pdftex.def Info: Images/programmazione_non_lineare/esempio_separazione.png  used on input line 320.
(pdftex.def)             Requested size: 426.79135pt x 272.12856pt.
)

[68 <./Images/programmazione_non_lineare/separazione.png>]

[69 <./Images/programmazione_non_lineare/esempio_separazione.png>]
No file document.bbl.
(document.aux)
 ***********
LaTeX2e <2025-06-01> patch level 1
L3 programming layer <2025-09-02>
 ***********
Package rerunfilecheck Info: File `document.out' has not changed.
(rerunfilecheck)             Checksum: 2DFC80825E76276D5DB94FCF0312C24C;13245.
 ) 
Here is how much of TeX's memory you used:
 15364 strings out of 468080
 270799 string characters out of 5425767
 842769 words of memory out of 5000000
 43514 multiletter control sequences out of 15000+600000
 638782 words of font info for 81 fonts, out of 8000000 for 9000
 1141 hyphenation exceptions out of 8191
 75i,18n,79p,1092b,603s stack positions out of 10000i,1000n,20000p,200000b,200000s
 <C:\Users\lolcr\AppData\Local\MiKTeX\fonts/pk/ljfour/jknappen/ec/dpi600\tcrm1200.pk><C:/Users/lolcr/AppData/Local/Programs/MiKTeX/fonts/type1/public/amsfonts/cm/cmbx10.pfb><C:/Users/lolcr/AppData/Local/Programs/MiKTeX/fonts/type1/public/amsfonts/cm/cmbx12.pfb><C:/Users/lolcr/AppData/Local/Programs/MiKTeX/fonts/type1/public/amsfonts/cm/cmcsc10.pfb><C:/Users/lolcr/AppData/Local/Programs/MiKTeX/fonts/type1/public/amsfonts/cm/cmex10.pfb><C:/Users/lolcr/AppData/Local/Programs/MiKTeX/fonts/type1/public/amsfonts/cm/cmmi10.pfb><C:/Users/lolcr/AppData/Local/Programs/MiKTeX/fonts/type1/public/amsfonts/cm/cmmi12.pfb><C:/Users/lolcr/AppData/Local/Programs/MiKTeX/fonts/type1/public/amsfonts/cm/cmmi5.pfb><C:/Users/lolcr/AppData/Local/Programs/MiKTeX/fonts/type1/public/amsfonts/cm/cmmi6.pfb><C:/Users/lolcr/AppData/Local/Programs/MiKTeX/fonts/type1/public/amsfonts/cm/cmmi7.pfb><C:/Users/lolcr/AppData/Local/Programs/MiKTeX/fonts/type1/public/amsfonts/cm/cmmi8.pfb><C:/Users/lolcr/AppData/Local/Programs/MiKTeX/fonts/type1/public/amsfonts/cm/cmr10.pfb><C:/Users/lolcr/AppData/Local/Programs/MiKTeX/fonts/type1/public/amsfonts/cm/cmr12.pfb><C:/Users/lolcr/AppData/Local/Programs/MiKTeX/fonts/type1/public/amsfonts/cm/cmr17.pfb><C:/Users/lolcr/AppData/Local/Programs/MiKTeX/fonts/type1/public/amsfonts/cm/cmr6.pfb><C:/Users/lolcr/AppData/Local/Programs/MiKTeX/fonts/type1/public/amsfonts/cm/cmr7.pfb><C:/Users/lolcr/AppData/Local/Programs/MiKTeX/fonts/type1/public/amsfonts/cm/cmr8.pfb><C:/Users/lolcr/AppData/Local/Programs/MiKTeX/fonts/type1/public/amsfonts/cm/cmsl12.pfb><C:/Users/lolcr/AppData/Local/Programs/MiKTeX/fonts/type1/public/amsfonts/cm/cmsy10.pfb><C:/Users/lolcr/AppData/Local/Programs/MiKTeX/fonts/type1/public/amsfonts/cm/cmsy8.pfb><C:/Users/lolcr/AppData/Local/Programs/MiKTeX/fonts/type1/public/amsfonts/cm/cmti12.pfb><C:/Users/lolcr/AppData/Local/Programs/MiKTeX/fonts/type1/public/amsfonts/symbols/msbm10.pfb>
Output written on document.pdf (70 pages, 6391595 bytes).
PDF statistics:
 1168 PDF objects out of 1200 (max. 8388607)
 310 named destinations out of 1000 (max. 500000)
 952 words of extra memory for PDF output out of 10000 (max. 10000000)

