\BOOKMARK [0][-]{chapter.1}{Funzioni Hash}{}% 1
\BOOKMARK [1][-]{section.1.1}{Hash Pointers e Struttura della Blockchain}{chapter.1}% 2
\BOOKMARK [2][-]{subsection.1.1.1}{Il Merkle Tree}{section.1.1}% 3
\BOOKMARK [1][-]{section.1.2}{Firma digitale}{chapter.1}% 4
\BOOKMARK [1][-]{section.1.3}{Basic Cryptocurrencies}{chapter.1}% 5
\BOOKMARK [2][-]{subsection.1.3.1}{GoofyCoin}{section.1.3}% 6
\BOOKMARK [2][-]{subsection.1.3.2}{ScroogeCoin}{section.1.3}% 7
\BOOKMARK [0][-]{chapter.2}{Come Bitcoin ottiene la Decentralizzazione}{}% 8
\BOOKMARK [1][-]{section.2.1}{Le domande fondamentali del sistema}{chapter.2}% 9
\BOOKMARK [1][-]{section.2.2}{I tre pilastri della decentralizzazione}{chapter.2}% 10
\BOOKMARK [1][-]{section.2.3}{Il Consenso Distribuito}{chapter.2}% 11
\BOOKMARK [2][-]{subsection.2.3.1}{Incentivi e Proof of Work}{section.2.3}% 12
\BOOKMARK [1][-]{section.2.4}{Struttura delle Transazioni e Modello UTXO}{chapter.2}% 13
\BOOKMARK [0][-]{chapter.3}{Consenso di Nakamato}{}% 14
\BOOKMARK [1][-]{section.3.1}{Dimostrazione Matematica dell'attacco}{chapter.3}% 15
\BOOKMARK [2][-]{subsection.3.1.1}{La scelta della Difficolt\340 e il Network Delay}{section.3.1}% 16
\BOOKMARK [3][-]{subsubsection.3.1.1.1}{Il Discount Rate della potenza onesta}{subsection.3.1.1}% 17
\BOOKMARK [2][-]{subsection.3.1.2}{Vantaggi e Svantaggi}{section.3.1}% 18
\BOOKMARK [0][-]{chapter.4}{Anonimato e Privacy}{}% 19
\BOOKMARK [1][-]{section.4.1}{Perch\351 vogliamo l'anonimato?}{chapter.4}% 20
\BOOKMARK [2][-]{subsection.4.1.1}{Anonymous e-cash e Blind Signatures}{section.4.1}% 21
\BOOKMARK [2][-]{subsection.4.1.2}{Anonimato grazie a nuovi indirizzi}{section.4.1}% 22
\BOOKMARK [0][-]{chapter.5}{Bitcoin Scripting}{}% 23
\BOOKMARK [1][-]{section.5.1}{Il linguaggio Bitcoin Script}{chapter.5}% 24
\BOOKMARK [2][-]{subsection.5.1.1}{Il processo di validazione: Sblocco e Blocco}{section.5.1}% 25
\BOOKMARK [2][-]{subsection.5.1.2}{Multi Signatures con Threshold}{section.5.1}% 26
\BOOKMARK [2][-]{subsection.5.1.3}{Proof-of-Burn}{section.5.1}% 27
\BOOKMARK [2][-]{subsection.5.1.4}{Timestamping}{section.5.1}% 28
\BOOKMARK [2][-]{subsection.5.1.5}{Real-life transaction con Escrow}{section.5.1}% 29
\BOOKMARK [2][-]{subsection.5.1.6}{Micro-pagamenti e Lightning Network}{section.5.1}% 30
\BOOKMARK [2][-]{subsection.5.1.7}{Freezing Funds}{section.5.1}% 31
\BOOKMARK [2][-]{subsection.5.1.8}{Pay-to-Script-Hash \(P2SH\)}{section.5.1}% 32
\BOOKMARK [0][-]{chapter.6}{La Blockchain}{}% 33
\BOOKMARK [1][-]{section.6.1}{Il Blocco}{chapter.6}% 34
\BOOKMARK [2][-]{subsection.6.1.1}{Merkle Tree e Proof of Membership}{section.6.1}% 35
\BOOKMARK [2][-]{subsection.6.1.2}{Coinbase transaction}{section.6.1}% 36
\BOOKMARK [1][-]{section.6.2}{Il Network Bitcoin}{chapter.6}% 37
\BOOKMARK [2][-]{subsection.6.2.1}{Inserimento di una Transazione}{section.6.2}% 38
\BOOKMARK [2][-]{subsection.6.2.2}{La Transaction Pool e i Controlli Standard}{section.6.2}% 39
\BOOKMARK [2][-]{subsection.6.2.3}{Race Conditions e Coerenza delle Pool}{section.6.2}% 40
