This is pdfTeX, Version 3.141592653-2.6-1.40.22 (TeX Live 2022/dev/Debian) (preloaded format=pdflatex 2026.4.25)  26 MAY 2026 11:43
entering extended mode
 restricted \write18 enabled.
 file:line:error style messages enabled.
 %&-line parsing enabled.
**"/home/dave/appunti-universita/Secondo Semestre/blockchain/Appunti/document.tex"
(/home/dave/appunti-universita/Secondo Semestre/blockchain/Appunti/document.tex
LaTeX2e <2021-11-15> patch level 1
L3 programming layer <2022-01-21> (/usr/share/texlive/texmf-dist/tex/latex/base/book.cls
Document Class: book 2021/10/04 v1.4n Standard LaTeX document class
(/usr/share/texlive/texmf-dist/tex/latex/base/bk12.clo
File: bk12.clo 2021/10/04 v1.4n Standard LaTeX file (size option)
)
\c@part=\count185
\c@chapter=\count186
\c@section=\count187
\c@subsection=\count188
\c@subsubsection=\count189
\c@paragraph=\count190
\c@subparagraph=\count191
\c@figure=\count192
\c@table=\count193
\abovecaptionskip=\skip47
\belowcaptionskip=\skip48
\bibindent=\dimen138
) (/usr/share/texlive/texmf-dist/tex/latex/hyperref/hyperref.sty
Package: hyperref 2021-06-07 v7.00m Hypertext links for LaTeX
 (/usr/share/texlive/texmf-dist/tex/generic/ltxcmds/ltxcmds.sty
Package: ltxcmds 2020-05-10 v1.25 LaTeX kernel commands for general use (HO)
) (/usr/share/texlive/texmf-dist/tex/generic/iftex/iftex.sty
Package: iftex 2020/03/06 v1.0d TeX engine tests
) (/usr/share/texlive/texmf-dist/tex/generic/pdftexcmds/pdftexcmds.sty
Package: pdftexcmds 2020-06-27 v0.33 Utility functions of pdfTeX for LuaTeX (HO)
 (/usr/share/texlive/texmf-dist/tex/generic/infwarerr/infwarerr.sty
Package: infwarerr 2019/12/03 v1.5 Providing info/warning/error messages (HO)
)
Package pdftexcmds Info: \pdf@primitive is available.
Package pdftexcmds Info: \pdf@ifprimitive is available.
Package pdftexcmds Info: \pdfdraftmode found.
) (/usr/share/texlive/texmf-dist/tex/latex/graphics/keyval.sty
Package: keyval 2014/10/28 v1.15 key=value parser (DPC)
\KV@toks@=\toks16
) (/usr/share/texlive/texmf-dist/tex/generic/kvsetkeys/kvsetkeys.sty
Package: kvsetkeys 2019/12/15 v1.18 Key value parser (HO)
) (/usr/share/texlive/texmf-dist/tex/generic/kvdefinekeys/kvdefinekeys.sty
Package: kvdefinekeys 2019-12-19 v1.6 Define keys (HO)
) (/usr/share/texlive/texmf-dist/tex/generic/pdfescape/pdfescape.sty
Package: pdfescape 2019/12/09 v1.15 Implements pdfTeX's escape features (HO)
) (/usr/share/texlive/texmf-dist/tex/latex/hycolor/hycolor.sty
Package: hycolor 2020-01-27 v1.10 Color options for hyperref/bookmark (HO)
) (/usr/share/texlive/texmf-dist/tex/latex/letltxmacro/letltxmacro.sty
Package: letltxmacro 2019/12/03 v1.6 Let assignment for LaTeX macros (HO)
) (/usr/share/texlive/texmf-dist/tex/latex/auxhook/auxhook.sty
Package: auxhook 2019-12-17 v1.6 Hooks for auxiliary files (HO)
) (/usr/share/texlive/texmf-dist/tex/latex/kvoptions/kvoptions.sty
Package: kvoptions 2020-10-07 v3.14 Key value format for package options (HO)
)
\@linkdim=\dimen139
\Hy@linkcounter=\count194
\Hy@pagecounter=\count195
 (/usr/share/texlive/texmf-dist/tex/latex/hyperref/pd1enc.def
File: pd1enc.def 2021-06-07 v7.00m Hyperref: PDFDocEncoding definition (HO)
Now handling font encoding PD1 ...
... no UTF-8 mapping file for font encoding PD1
) (/usr/share/texlive/texmf-dist/tex/latex/hyperref/hyperref-langpatches.def
File: hyperref-langpatches.def 2021-06-07 v7.00m Hyperref: patches for babel languages
) (/usr/share/texlive/texmf-dist/tex/generic/intcalc/intcalc.sty
Package: intcalc 2019/12/15 v1.3 Expandable calculations with integers (HO)
) (/usr/share/texlive/texmf-dist/tex/generic/etexcmds/etexcmds.sty
Package: etexcmds 2019/12/15 v1.7 Avoid name clashes with e-TeX commands (HO)
)
\Hy@SavedSpaceFactor=\count196
 (/usr/share/texlive/texmf-dist/tex/latex/hyperref/puenc.def
File: puenc.def 2021-06-07 v7.00m Hyperref: PDF Unicode definition (HO)
Now handling font encoding PU ...
... no UTF-8 mapping file for font encoding PU
)
Package hyperref Info: Hyper figures OFF on input line 4192.
Package hyperref Info: Link nesting OFF on input line 4197.
Package hyperref Info: Hyper index ON on input line 4200.
Package hyperref Info: Plain pages OFF on input line 4207.
Package hyperref Info: Backreferencing OFF on input line 4212.
Package hyperref Info: Implicit mode ON; LaTeX internals redefined.
Package hyperref Info: Bookmarks ON on input line 4445.
\c@Hy@tempcnt=\count197
 (/usr/share/texlive/texmf-dist/tex/latex/url/url.sty
\Urlmuskip=\muskip16
Package: url 2013/09/16  ver 3.4  Verb mode for urls, etc.
)
LaTeX Info: Redefining \url on input line 4804.
\XeTeXLinkMargin=\dimen140
 (/usr/share/texlive/texmf-dist/tex/generic/bitset/bitset.sty
Package: bitset 2019/12/09 v1.3 Handle bit-vector datatype (HO)
 (/usr/share/texlive/texmf-dist/tex/generic/bigintcalc/bigintcalc.sty
Package: bigintcalc 2019/12/15 v1.5 Expandable calculations on big integers (HO)
))
\Fld@menulength=\count198
\Field@Width=\dimen141
\Fld@charsize=\dimen142
Package hyperref Info: Hyper figures OFF on input line 6076.
Package hyperref Info: Link nesting OFF on input line 6081.
Package hyperref Info: Hyper index ON on input line 6084.
Package hyperref Info: backreferencing OFF on input line 6091.
Package hyperref Info: Link coloring OFF on input line 6096.
Package hyperref Info: Link coloring with OCG OFF on input line 6101.
Package hyperref Info: PDF/A mode OFF on input line 6106.
LaTeX Info: Redefining \ref on input line 6146.
LaTeX Info: Redefining \pageref on input line 6150.
 (/usr/share/texlive/texmf-dist/tex/latex/base/atbegshi-ltx.sty
Package: atbegshi-ltx 2021/01/10 v1.0c Emulation of the original atbegshi
package with kernel methods
)
\Hy@abspage=\count199
\c@Item=\count266
\c@Hfootnote=\count267
)
Package hyperref Info: Driver (autodetected): hpdftex.
 (/usr/share/texlive/texmf-dist/tex/latex/hyperref/hpdftex.def
File: hpdftex.def 2021-06-07 v7.00m Hyperref driver for pdfTeX
 (/usr/share/texlive/texmf-dist/tex/latex/base/atveryend-ltx.sty
Package: atveryend-ltx 2020/08/19 v1.0a Emulation of the original atveryend package
with kernel methods
)
\Fld@listcount=\count268
\c@bookmark@seq@number=\count269
 (/usr/share/texlive/texmf-dist/tex/latex/rerunfilecheck/rerunfilecheck.sty
Package: rerunfilecheck 2019/12/05 v1.9 Rerun checks for auxiliary files (HO)
 (/usr/share/texlive/texmf-dist/tex/generic/uniquecounter/uniquecounter.sty
Package: uniquecounter 2019/12/15 v1.4 Provide unlimited unique counter (HO)
)
Package uniquecounter Info: New unique counter `rerunfilecheck' on input line 286.
)
\Hy@SectionHShift=\skip49
) (/usr/share/texlive/texmf-dist/tex/generic/babel/babel.sty
Package: babel 2022/01/26 3.70 The Babel package
\babel@savecnt=\count270
\U@D=\dimen143
\l@unhyphenated=\language8
 (/usr/share/texlive/texmf-dist/tex/generic/babel/txtbabel.def)
\bbl@readstream=\read2
\bbl@dirlevel=\count271
 (/usr/share/texlive/texmf-dist/tex/generic/babel-italian/italian.ldf
Language: italian 2020/05/21 v.1.4.04 Italian support for the babel system
\it@lettering=\count272
\it@doublequoteactive=\count273
\it@ISOcompliance=\count274
)) (/usr/share/texlive/texmf-dist/tex/latex/etoolbox/etoolbox.sty
Package: etoolbox 2020/10/05 v2.5k e-TeX tools for LaTeX (JAW)
\etb@tempcnta=\count275
) (/usr/share/texlive/texmf-dist/tex/latex/float/float.sty
Package: float 2001/11/08 v1.3d Float enhancements (AL)
\c@float@type=\count276
\float@exts=\toks17
\float@box=\box50
\@float@everytoks=\toks18
\@floatcapt=\box51
) (/usr/share/texlive/texmf-dist/tex/latex/tools/tabularx.sty
Package: tabularx 2020/01/15 v2.11c `tabularx' package (DPC)
 (/usr/share/texlive/texmf-dist/tex/latex/tools/array.sty
Package: array 2021/10/04 v2.5f Tabular extension package (FMi)
\col@sep=\dimen144
\ar@mcellbox=\box52
\extrarowheight=\dimen145
\NC@list=\toks19
\extratabsurround=\skip50
\backup@length=\skip51
\ar@cellbox=\box53
)
\TX@col@width=\dimen146
\TX@old@table=\dimen147
\TX@old@col=\dimen148
\TX@target=\dimen149
\TX@delta=\dimen150
\TX@cols=\count277
\TX@ftn=\toks20
) (/usr/share/texlive/texmf-dist/tex/latex/base/inputenc.sty
Package: inputenc 2021/02/14 v1.3d Input encoding file
\inpenc@prehook=\toks21
\inpenc@posthook=\toks22
 (/usr/share/texlive/texmf-dist/tex/latex/ucs/utf8x.def
File: utf8x.def 2004/10/17 UCS: Input encoding UTF-8
)) (/usr/share/texlive/texmf-dist/tex/latex/ucs/ucs.sty
Package: ucs 2013/05/11 v2.2 UCS: Unicode input support
 (/usr/share/texlive/texmf-dist/tex/latex/ucs/data/uni-global.def
File: uni-global.def 2013/05/13 UCS: Unicode global data
)
\uc@secondtry=\count278
\uc@combtoks=\toks23
\uc@combtoksb=\toks24
\uc@temptokena=\toks25
) (/usr/share/texlive/texmf-dist/tex/latex/graphics/graphicx.sty
Package: graphicx 2021/09/16 v1.2d Enhanced LaTeX Graphics (DPC,SPQR)
 (/usr/share/texlive/texmf-dist/tex/latex/graphics/graphics.sty
Package: graphics 2021/03/04 v1.4d Standard LaTeX Graphics (DPC,SPQR)
 (/usr/share/texlive/texmf-dist/tex/latex/graphics/trig.sty
Package: trig 2021/08/11 v1.11 sin cos tan (DPC)
) (/usr/share/texlive/texmf-dist/tex/latex/graphics-cfg/graphics.cfg
File: graphics.cfg 2016/06/04 v1.11 sample graphics configuration
)
Package graphics Info: Driver file: pdftex.def on input line 107.
 (/usr/share/texlive/texmf-dist/tex/latex/graphics-def/pdftex.def
File: pdftex.def 2020/10/05 v1.2a Graphics/color driver for pdftex
))
\Gin@req@height=\dimen151
\Gin@req@width=\dimen152
) (/usr/share/texlive/texmf-dist/tex/latex/caption/caption.sty
Package: caption 2020/10/26 v3.5g Customizing captions (AR)
 (/usr/share/texlive/texmf-dist/tex/latex/caption/caption3.sty
Package: caption3 2020/10/21 v2.2e caption3 kernel (AR)
\captionmargin=\dimen153
\captionmargin@=\dimen154
\captionwidth=\dimen155
\caption@tempdima=\dimen156
\caption@indent=\dimen157
\caption@parindent=\dimen158
\caption@hangindent=\dimen159
Package caption Info: Standard document class detected.
)
\c@caption@flags=\count279
\c@continuedfloat=\count280
Package caption Info: float package is loaded.
Package caption Info: hyperref package is loaded.
) (/usr/share/texlive/texmf-dist/tex/latex/listings/listings.sty
\lst@mode=\count281
\lst@gtempboxa=\box54
\lst@token=\toks26
\lst@length=\count282
\lst@currlwidth=\dimen160
\lst@column=\count283
\lst@pos=\count284
\lst@lostspace=\dimen161
\lst@width=\dimen162
\lst@newlines=\count285
\lst@lineno=\count286
\lst@maxwidth=\dimen163
 (/usr/share/texlive/texmf-dist/tex/latex/listings/lstmisc.sty
File: lstmisc.sty 2020/03/24 1.8d (Carsten Heinz)
\c@lstnumber=\count287
\lst@skipnumbers=\count288
\lst@framebox=\box55
) (/usr/share/texlive/texmf-dist/tex/latex/listings/listings.cfg
File: listings.cfg 2020/03/24 1.8d listings configuration
))
Package: listings 2020/03/24 1.8d (Carsten Heinz)
 (/usr/share/texlive/texmf-dist/tex/latex/psnfss/courier.sty
Package: courier 2020/03/25 PSNFSS-v9.3 (WaS) 
) (/usr/share/texlive/texmf-dist/tex/latex/listings/lstlang1.sty
File: lstlang1.sty 2020/03/24 1.8d listings language file
) (/usr/share/texlive/texmf-dist/tex/latex/listings/lstlang1.sty
File: lstlang1.sty 2020/03/24 1.8d listings language file
) (/usr/share/texlive/texmf-dist/tex/latex/listings/lstmisc.sty
File: lstmisc.sty 2020/03/24 1.8d (Carsten Heinz)
) (/usr/share/texlive/texmf-dist/tex/latex/amsmath/amsmath.sty
Package: amsmath 2021/10/15 v2.17l AMS math features
\@mathmargin=\skip52

For additional information on amsmath, use the `?' option.
(/usr/share/texlive/texmf-dist/tex/latex/amsmath/amstext.sty
Package: amstext 2021/08/26 v2.01 AMS text
 (/usr/share/texlive/texmf-dist/tex/latex/amsmath/amsgen.sty
File: amsgen.sty 1999/11/30 v2.0 generic functions
\@emptytoks=\toks27
\ex@=\dimen164
)) (/usr/share/texlive/texmf-dist/tex/latex/amsmath/amsbsy.sty
Package: amsbsy 1999/11/29 v1.2d Bold Symbols
\pmbraise@=\dimen165
) (/usr/share/texlive/texmf-dist/tex/latex/amsmath/amsopn.sty
Package: amsopn 2021/08/26 v2.02 operator names
)
\inf@bad=\count289
LaTeX Info: Redefining \frac on input line 234.
\uproot@=\count290
\leftroot@=\count291
LaTeX Info: Redefining \overline on input line 399.
\classnum@=\count292
\DOTSCASE@=\count293
LaTeX Info: Redefining \ldots on input line 496.
LaTeX Info: Redefining \dots on input line 499.
LaTeX Info: Redefining \cdots on input line 620.
\Mathstrutbox@=\box56
\strutbox@=\box57
\big@size=\dimen166
LaTeX Font Info:    Redeclaring font encoding OML on input line 743.
LaTeX Font Info:    Redeclaring font encoding OMS on input line 744.
\macc@depth=\count294
\c@MaxMatrixCols=\count295
\dotsspace@=\muskip17
\c@parentequation=\count296
\dspbrk@lvl=\count297
\tag@help=\toks28
\row@=\count298
\column@=\count299
\maxfields@=\count300
\andhelp@=\toks29
\eqnshift@=\dimen167
\alignsep@=\dimen168
\tagshift@=\dimen169
\tagwidth@=\dimen170
\totwidth@=\dimen171
\lineht@=\dimen172
\@envbody=\toks30
\multlinegap=\skip53
\multlinetaggap=\skip54
\mathdisplay@stack=\toks31
LaTeX Info: Redefining \[ on input line 2938.
LaTeX Info: Redefining \] on input line 2939.
) (/usr/share/texlive/texmf-dist/tex/latex/framed/framed.sty
Package: framed 2011/10/22 v 0.96: framed or shaded text with page breaks
\OuterFrameSep=\skip55
\fb@frw=\dimen173
\fb@frh=\dimen174
\FrameRule=\dimen175
\FrameSep=\dimen176
) (/usr/share/texlive/texmf-dist/tex/latex/l3backend/l3backend-pdftex.def
File: l3backend-pdftex.def 2022-01-12 L3 backend support: PDF output (pdfTeX)
\l__color_backend_stack_int=\count301
\l__pdf_internal_box=\box58
) (./document.aux)
\openout1 = `document.aux'.

LaTeX Font Info:    Checking defaults for OML/cmm/m/it on input line 47.
LaTeX Font Info:    ... okay on input line 47.
LaTeX Font Info:    Checking defaults for OMS/cmsy/m/n on input line 47.
LaTeX Font Info:    ... okay on input line 47.
LaTeX Font Info:    Checking defaults for OT1/cmr/m/n on input line 47.
LaTeX Font Info:    ... okay on input line 47.
LaTeX Font Info:    Checking defaults for T1/cmr/m/n on input line 47.
LaTeX Font Info:    ... okay on input line 47.
LaTeX Font Info:    Checking defaults for TS1/cmr/m/n on input line 47.
LaTeX Font Info:    ... okay on input line 47.
LaTeX Font Info:    Checking defaults for OMX/cmex/m/n on input line 47.
LaTeX Font Info:    ... okay on input line 47.
LaTeX Font Info:    Checking defaults for U/cmr/m/n on input line 47.
LaTeX Font Info:    ... okay on input line 47.
LaTeX Font Info:    Checking defaults for PD1/pdf/m/n on input line 47.
LaTeX Font Info:    ... okay on input line 47.
LaTeX Font Info:    Checking defaults for PU/pdf/m/n on input line 47.
LaTeX Font Info:    ... okay on input line 47.
Package hyperref Info: Link coloring OFF on input line 47.
 (/usr/share/texlive/texmf-dist/tex/latex/hyperref/nameref.sty
Package: nameref 2021-04-02 v2.47 Cross-referencing by name of section
 (/usr/share/texlive/texmf-dist/tex/latex/refcount/refcount.sty
Package: refcount 2019/12/15 v3.6 Data extraction from label references (HO)
) (/usr/share/texlive/texmf-dist/tex/generic/gettitlestring/gettitlestring.sty
Package: gettitlestring 2019/12/15 v1.6 Cleanup title references (HO)
)
\c@section@level=\count302
)
LaTeX Info: Redefining \ref on input line 47.
LaTeX Info: Redefining \pageref on input line 47.
LaTeX Info: Redefining \nameref on input line 47.
 (./document.out) (./document.out)
\@outlinefile=\write3
\openout3 = `document.out'.

LaTeX Info: Redefining \it@ocap on input line 47.
LaTeX Info: Redefining \it@ccap on input line 47.


File italian.ldf warning: 
italian.ldf    With OT1 encoding guillemets are poorly faked
italian.ldf    Use T1 encoding
italian.ldf    or specify a font with command \CaporaliFrom
italian.ldf    See the documentation concerning the babel-italian typesetting 
italian.ldf    on input line 47.

(/usr/share/texlive/texmf-dist/tex/latex/ucs/ucsencs.def
File: ucsencs.def 2011/01/21 Fixes to fontencodings LGR, T3
) (/usr/share/texlive/texmf-dist/tex/context/base/mkii/supp-pdf.mkii
[Loading MPS to PDF converter (version 2006.09.02).]
\scratchcounter=\count303
\scratchdimen=\dimen177
\scratchbox=\box59
\nofMPsegments=\count304
\nofMParguments=\count305
\everyMPshowfont=\toks32
\MPscratchCnt=\count306
\MPscratchDim=\dimen178
\MPnumerator=\count307
\makeMPintoPDFobject=\count308
\everyMPtoPDFconversion=\toks33
) (/usr/share/texlive/texmf-dist/tex/latex/epstopdf-pkg/epstopdf-base.sty
Package: epstopdf-base 2020-01-24 v2.11 Base part for package epstopdf
Package epstopdf-base Info: Redefining graphics rule for `.eps' on input line 485.
 (/usr/share/texlive/texmf-dist/tex/latex/latexconfig/epstopdf-sys.cfg
File: epstopdf-sys.cfg 2010/07/13 v1.3 Configuration of (r)epstopdf for TeX Live
))
Package caption Info: Begin \AtBeginDocument code.
Package caption Info: listings package is loaded.
Package caption Info: End \AtBeginDocument code.
\c@lstlisting=\count309
 (./parts/frontespizio.tex
<Images/university_logo.png, id=430, 106.3975pt x 112.42pt>
File: Images/university_logo.png Graphic file (type png)
<use Images/university_logo.png>
Package pdftex.def Info: Images/university_logo.png  used on input line 3.
(pdftex.def)             Requested size: 69.2582pt x 72.98463pt.
 [1


{/var/lib/texmf/fonts/map/pdftex/updmap/pdftex.map} <./Images/university_logo.png>]) (./document.tocpdfTeX warning (ext4): destination with the same identifier (name{page.1}) has been already used, duplicate ignored
<to be read again> 
                   \relax 
l.31 ...e {5}Zero Knowledge Proofs}{42}{chapter.5}
                                                  % [1

]
Overfull \hbox (23.40688pt too wide) in paragraph at lines 54--54
 [][] [][]\OT1/cmr/m/n/12 Good Puzz-le: Cam-pio-na-men-to Pe-sa-to e Pro-priet^^Ra Progress- 
 []

[2] [3])
\tf@toc=\write4
\openout4 = `document.toc'.

 (./parts/capitolo_1.tex [4] (/usr/share/texlive/texmf-dist/tex/latex/ucs/data/uni-0.def
File: uni-0.def 2013/05/13 UCS: Unicode data U+0000..U+00FF
) [5

] [6]
Capitolo 1.
[7

]
<Images/capitolo_1/tampering_block.png, id=585, 560.8453pt x 307.90031pt>
File: Images/capitolo_1/tampering_block.png Graphic file (type png)
<use Images/capitolo_1/tampering_block.png>
Package pdftex.def Info: Images/capitolo_1/tampering_block.png  used on input line 45.
(pdftex.def)             Requested size: 195.0pt x 107.0526pt.
 [8]
<Images/capitolo_1/Merkle_tree.png, id=595, 573.64313pt x 297.36093pt>
File: Images/capitolo_1/Merkle_tree.png Graphic file (type png)
<use Images/capitolo_1/Merkle_tree.png>
Package pdftex.def Info: Images/capitolo_1/Merkle_tree.png  used on input line 62.
(pdftex.def)             Requested size: 195.0pt x 101.07869pt.
 [9 <./Images/capitolo_1/tampering_block.png> <./Images/capitolo_1/Merkle_tree.png>] (/usr/share/texlive/texmf-dist/tex/latex/ucs/data/uni-32.def
File: uni-32.def 2013/05/13 UCS: Unicode data U+2000..U+20FF
)
<Images/capitolo_1/ecdsa.png, id=605, 832.61063pt x 658.71094pt>
File: Images/capitolo_1/ecdsa.png Graphic file (type png)
<use Images/capitolo_1/ecdsa.png>
Package pdftex.def Info: Images/capitolo_1/ecdsa.png  used on input line 92.
(pdftex.def)             Requested size: 272.99881pt x 215.97816pt.
 [10] [11 <./Images/capitolo_1/ecdsa.png>]
<Images/capitolo_1/double_spending.png, id=624, 575.14874pt x 324.46219pt>
File: Images/capitolo_1/double_spending.png Graphic file (type png)
<use Images/capitolo_1/double_spending.png>
Package pdftex.def Info: Images/capitolo_1/double_spending.png  used on input line 108.
(pdftex.def)             Requested size: 272.99881pt x 154.0122pt.
<Images/capitolo_1/scrooge_coin.png, id=625, 496.10344pt x 283.81032pt>
File: Images/capitolo_1/scrooge_coin.png Graphic file (type png)
<use Images/capitolo_1/scrooge_coin.png>
Package pdftex.def Info: Images/capitolo_1/scrooge_coin.png  used on input line 119.
(pdftex.def)             Requested size: 272.99881pt x 156.17842pt.
 [12 <./Images/capitolo_1/double_spending.png>]) (./parts/capitolo_2.tex [13 <./Images/capitolo_1/scrooge_coin.png>]
Capitolo 2.
[14

]
Overfull \hbox (14.67776pt too wide) has occurred while \output is active
\OT1/cmr/m/sl/12 CAPITOLO 2.  COME BITCOIN OTTIENE LA DECENTRALIZZAZIONE \OT1/cmr/m/n/12 15
 []

[15]
Overfull \hbox (14.67776pt too wide) has occurred while \output is active
\OT1/cmr/m/sl/12 CAPITOLO 2.  COME BITCOIN OTTIENE LA DECENTRALIZZAZIONE \OT1/cmr/m/n/12 16
 []

[16]
Overfull \hbox (14.67776pt too wide) has occurred while \output is active
\OT1/cmr/m/sl/12 CAPITOLO 2.  COME BITCOIN OTTIENE LA DECENTRALIZZAZIONE \OT1/cmr/m/n/12 17
 []

[17]
<Images/capitolo_2/double_spending_bc.png, id=669, 1107.38719pt x 427.5975pt>
File: Images/capitolo_2/double_spending_bc.png Graphic file (type png)
<use Images/capitolo_2/double_spending_bc.png>
Package pdftex.def Info: Images/capitolo_2/double_spending_bc.png  used on input line 73.
(pdftex.def)             Requested size: 272.99881pt x 105.4115pt.

Overfull \hbox (14.67776pt too wide) has occurred while \output is active
\OT1/cmr/m/sl/12 CAPITOLO 2.  COME BITCOIN OTTIENE LA DECENTRALIZZAZIONE \OT1/cmr/m/n/12 18
 []

[18 <./Images/capitolo_2/double_spending_bc.png>]
Overfull \hbox (14.67776pt too wide) has occurred while \output is active
\OT1/cmr/m/sl/12 CAPITOLO 2.  COME BITCOIN OTTIENE LA DECENTRALIZZAZIONE \OT1/cmr/m/n/12 19
 []

[19]
Overfull \hbox (14.67776pt too wide) has occurred while \output is active
\OT1/cmr/m/sl/12 CAPITOLO 2.  COME BITCOIN OTTIENE LA DECENTRALIZZAZIONE \OT1/cmr/m/n/12 20
 []

[20]
Overfull \hbox (5.49777pt too wide) in paragraph at lines 120--120
[]\OT1/cmr/bx/n/17.28 Struttura del-le Tran-sa-zio-ni e Mo-del-lo UT-
 []


Overfull \hbox (14.67776pt too wide) has occurred while \output is active
\OT1/cmr/m/sl/12 CAPITOLO 2.  COME BITCOIN OTTIENE LA DECENTRALIZZAZIONE \OT1/cmr/m/n/12 21
 []

[21]
<Images/capitolo_2/account_ledger.png, id=697, 1096.84781pt x 441.90094pt>
File: Images/capitolo_2/account_ledger.png Graphic file (type png)
<use Images/capitolo_2/account_ledger.png>
Package pdftex.def Info: Images/capitolo_2/account_ledger.png  used on input line 128.
(pdftex.def)             Requested size: 272.99881pt x 109.98273pt.
<Images/capitolo_2/input_out.png, id=698, 773.89125pt x 513.41812pt>
File: Images/capitolo_2/input_out.png Graphic file (type png)
<use Images/capitolo_2/input_out.png>
Package pdftex.def Info: Images/capitolo_2/input_out.png  used on input line 136.
(pdftex.def)             Requested size: 272.99881pt x 181.117pt.

Overfull \hbox (14.67776pt too wide) has occurred while \output is active
\OT1/cmr/m/sl/12 CAPITOLO 2.  COME BITCOIN OTTIENE LA DECENTRALIZZAZIONE \OT1/cmr/m/n/12 22
 []

[22 <./Images/capitolo_2/account_ledger.png>]) (./parts/capitolo_3.tex
Overfull \hbox (14.67776pt too wide) has occurred while \output is active
\OT1/cmr/m/sl/12 CAPITOLO 2.  COME BITCOIN OTTIENE LA DECENTRALIZZAZIONE \OT1/cmr/m/n/12 23
 []

[23 <./Images/capitolo_2/input_out.png>]
Capitolo 3.
[24

]
<Images/capitolo_3/tentativo_ds.png, id=716, 397.485pt x 124.21407pt>
File: Images/capitolo_3/tentativo_ds.png Graphic file (type png)
<use Images/capitolo_3/tentativo_ds.png>
Package pdftex.def Info: Images/capitolo_3/tentativo_ds.png  used on input line 23.
(pdftex.def)             Requested size: 195.0pt x 60.93933pt.
 [25 <./Images/capitolo_3/tentativo_ds.png>] [26] [27] [28] [29]) (./parts/capitolo_4.tex [30]
Capitolo 4.
[31

] [32]
<Images/capitolo_4/transazione_blind.png, id=756, 642.14906pt x 211.54031pt>
File: Images/capitolo_4/transazione_blind.png Graphic file (type png)
<use Images/capitolo_4/transazione_blind.png>
Package pdftex.def Info: Images/capitolo_4/transazione_blind.png  used on input line 48.
(pdftex.def)             Requested size: 350.99762pt x 115.63094pt.
 [33]
<Images/capitolo_4/tegliera.png, id=762, 483.30562pt x 212.29312pt>
File: Images/capitolo_4/tegliera.png Graphic file (type png)
<use Images/capitolo_4/tegliera.png>
Package pdftex.def Info: Images/capitolo_4/tegliera.png  used on input line 60.
(pdftex.def)             Requested size: 234.00238pt x 102.78711pt.
<Images/capitolo_4/grafo_conoscenza.png, id=764, 735.49782pt x 605.26125pt>
File: Images/capitolo_4/grafo_conoscenza.png Graphic file (type png)
<use Images/capitolo_4/grafo_conoscenza.png>
Package pdftex.def Info: Images/capitolo_4/grafo_conoscenza.png  used on input line 67.
(pdftex.def)             Requested size: 234.00238pt x 192.5608pt.
 [34 <./Images/capitolo_4/transazione_blind.png> <./Images/capitolo_4/tegliera.png>] [35 <./Images/capitolo_4/grafo_conoscenza.png>]
<Images/capitolo_4/cifratura_tor.png, id=780, 634.37pt x 365.365pt>
File: Images/capitolo_4/cifratura_tor.png Graphic file (type png)
<use Images/capitolo_4/cifratura_tor.png>
Package pdftex.def Info: Images/capitolo_4/cifratura_tor.png  used on input line 98.
(pdftex.def)             Requested size: 272.99881pt x 157.23769pt.
 [36] [37 <./Images/capitolo_4/cifratura_tor.png>] [38] [39] [40]) (./parts/capitolo_5.tex [41]
Capitolo 5.
[42

] [43] [44]
<Images/capitolo_5/diffie_hellman.png, id=836, 613.29124pt x 229.85875pt>
File: Images/capitolo_5/diffie_hellman.png Graphic file (type png)
<use Images/capitolo_5/diffie_hellman.png>
Package pdftex.def Info: Images/capitolo_5/diffie_hellman.png  used on input line 83.
(pdftex.def)             Requested size: 272.99881pt x 102.31662pt.
 [45] [46 <./Images/capitolo_5/diffie_hellman.png>] [47] [48] [49]) (./parts/capitolo_6.tex [50]
Capitolo 6.
[51

] [52] [53] [54] [55] [56] [57]
<Images/capitolo_5/lv_anonimato.png, id=929, 1182.4175pt x 629.35126pt>
File: Images/capitolo_5/lv_anonimato.png Graphic file (type png)
<use Images/capitolo_5/lv_anonimato.png>
Package pdftex.def Info: Images/capitolo_5/lv_anonimato.png  used on input line 154.
(pdftex.def)             Requested size: 234.00238pt x 124.54279pt.
) (./parts/capitolo_7.tex [58 <./Images/capitolo_5/lv_anonimato.png>]
Capitolo 7.
[59

] [60]
Overfull \hbox (6.81453pt too wide) in paragraph at lines 35--35
[]\OT1/cmr/bx/n/14.4 Good Puzz-le: Cam-pio-na-men-to Pe-sa-to e Pro-priet^^Ra
 []

[61] [62] [63] [64] [65] [66]) (./parts/capitolo_mdr_1.tex [67]
Capitolo 8.
<Images/capitolo_2/trans_real.png, id=984, 1160.08406pt x 612.78937pt>
File: Images/capitolo_2/trans_real.png Graphic file (type png)
<use Images/capitolo_2/trans_real.png>
Package pdftex.def Info: Images/capitolo_2/trans_real.png  used on input line 7.
(pdftex.def)             Requested size: 390.0pt x 206.00803pt.
[68

 <./Images/capitolo_2/trans_real.png>]
LaTeX Font Info:    Trying to load font information for OT1+pcr on input line 35.
 (/usr/share/texlive/texmf-dist/tex/latex/psnfss/ot1pcr.fd
File: ot1pcr.fd 2001/06/04 font definitions for OT1/pcr.
) [69]
<Images/capitolo_2/verifica_firma.png, id=1001, 1258.7025pt x 200.24812pt>
File: Images/capitolo_2/verifica_firma.png Graphic file (type png)
<use Images/capitolo_2/verifica_firma.png>
Package pdftex.def Info: Images/capitolo_2/verifica_firma.png  used on input line 55.
(pdftex.def)             Requested size: 390.0pt x 62.04572pt.
 [70 <./Images/capitolo_2/verifica_firma.png>] [71] [72] [73] [74]) (./parts/capitolo_mdr_2.tex [75]
Capitolo 9.
[76

] [77]
<Images/capitolo_mdr_2/nuovo_nodo.png, id=1044, 620.3175pt x 426.09187pt>
File: Images/capitolo_mdr_2/nuovo_nodo.png Graphic file (type png)
<use Images/capitolo_mdr_2/nuovo_nodo.png>
Package pdftex.def Info: Images/capitolo_mdr_2/nuovo_nodo.png  used on input line 44.
(pdftex.def)             Requested size: 272.99881pt x 187.52pt.
 [78] [79 <./Images/capitolo_mdr_2/nuovo_nodo.png>] [80] [81] [82] [83] [84]
Overfull \hbox (1.80678pt too wide) in paragraph at lines 176--177
 []\OT1/cmr/bx/n/12 Generazione e Si-cu-rez-za del-le Chia-vi[] \OT1/cmr/m/n/12 Par-ten-do da una pas-sword (\OT1/cmr/m/it/12 pwd\OT1/cmr/m/n/12 ),
 []

[85] [86] [87]
Overfull \hbox (14.47536pt too wide) in paragraph at lines 242--243
[]\OT1/cmr/bx/n/12 Chiave Pri-va-ta\OT1/cmr/m/n/12 : Un in-te-ro $\OML/cmm/m/it/12 x$ \OT1/cmr/m/n/12 scel-to ca-sual-men-te nel-l'in-ter-val-lo $\OMS/cmsy/m/n/12 f\OT1/cmr/m/n/12 1\OML/cmm/m/it/12 ; [] ; q \OMS/cmsy/m/n/12 ^^@
 []

[88] [89] [90]
Overfull \hbox (30.33624pt too wide) in paragraph at lines 307--308
[]\OT1/cmr/bx/n/12 Ricostruzione\OT1/cmr/m/n/12 : Il se-gre-to pu^^Ro es-se-re re-cu-pe-ra-to at-tra-ver-so l'\OT1/cmr/bx/n/12 interpolazione
 []

[91] [92] [93]) (./parts/capitolo_mdr_3.tex [94]
Capitolo 10.
[95

]
Overfull \hbox (17.03839pt too wide) in paragraph at lines 29--30
[]\OT1/pcr/m/n/12 NameCoin.register(ownerAddr, domainName, initialVal)\OT1/cmr/m/n/12 :
 []


Overfull \hbox (38.63838pt too wide) in paragraph at lines 30--31
[]\OT1/pcr/m/n/12 NameCoin.update(domainName, newVal, newOwner, ownerSig)\OT1/cmr/m/n/12 :
 []

<Images/capitolo_mdr_3/namecoin_script.png, id=1161, 323.2075pt x 436.63126pt>
File: Images/capitolo_mdr_3/namecoin_script.png Graphic file (type png)
<use Images/capitolo_mdr_3/namecoin_script.png>
Package pdftex.def Info: Images/capitolo_mdr_3/namecoin_script.png  used on input line 37.
(pdftex.def)             Requested size: 117.00119pt x 158.0599pt.
[96] [97 <./Images/capitolo_mdr_3/namecoin_script.png>] [98]
<Images/capitolo_mdr_3/contract_account_vs_eoa.png, id=1177, 1570.86874pt x 784.9325pt>
File: Images/capitolo_mdr_3/contract_account_vs_eoa.png Graphic file (type png)
<use Images/capitolo_mdr_3/contract_account_vs_eoa.png>
Package pdftex.def Info: Images/capitolo_mdr_3/contract_account_vs_eoa.png  used on input line 73.
(pdftex.def)             Requested size: 312.00119pt x 155.8938pt.
 [99 <./Images/capitolo_mdr_3/contract_account_vs_eoa.png>]
<Images/capitolo_mdr_3/radix_tree.png, id=1184, 863.225pt x 540.0175pt>
File: Images/capitolo_mdr_3/radix_tree.png Graphic file (type png)
<use Images/capitolo_mdr_3/radix_tree.png>
Package pdftex.def Info: Images/capitolo_mdr_3/radix_tree.png  used on input line 100.
(pdftex.def)             Requested size: 272.99881pt x 170.78209pt.
 [100] [101 <./Images/capitolo_mdr_3/radix_tree.png>] [102]
<Images/capitolo_mdr_3/simple_transaction.png, id=1200, 1402.23875pt x 653.44125pt>
File: Images/capitolo_mdr_3/simple_transaction.png Graphic file (type png)
<use Images/capitolo_mdr_3/simple_transaction.png>
Package pdftex.def Info: Images/capitolo_mdr_3/simple_transaction.png  used on input line 149.
(pdftex.def)             Requested size: 272.99881pt x 127.21613pt.

Overfull \hbox (1.81538pt too wide) in paragraph at lines 154--155
\OT1/cmr/m/n/12 Mentre le tran-sa-zio-ni so-no ori-gi-na-te esclu-si-va-men-te da ac-count ester-ni (EOA),
 []

[103 <./Images/capitolo_mdr_3/simple_transaction.png>]
Overfull \hbox (26.90704pt too wide) in paragraph at lines 175--176
\OT1/cmr/m/n/12 (chia-ma-to Block Pro-po-ser) rac-co-glie una se-rie di tran-sa-zio-ni $\OML/cmm/m/it/12 TX[]; [] ; TX[]$
 []

[104]
<Images/capitolo_mdr_3/blocco_eth.png, id=1212, 1458.44875pt x 741.77126pt>
File: Images/capitolo_mdr_3/blocco_eth.png Graphic file (type png)
<use Images/capitolo_mdr_3/blocco_eth.png>
Package pdftex.def Info: Images/capitolo_mdr_3/blocco_eth.png  used on input line 184.
(pdftex.def)             Requested size: 272.99881pt x 138.84407pt.
 [105 <./Images/capitolo_mdr_3/blocco_eth.png>] [106] [107] [108]
<Images/capitolo_mdr_3/esempio_trans_con_contratti.png, id=1235, 740.7675pt x 238.8925pt>
File: Images/capitolo_mdr_3/esempio_trans_con_contratti.png Graphic file (type png)
<use Images/capitolo_mdr_3/esempio_trans_con_contratti.png>
Package pdftex.def Info: Images/capitolo_mdr_3/esempio_trans_con_contratti.png  used on input line 251.
(pdftex.def)             Requested size: 253.49762pt x 81.75092pt.
 [109] [110 <./Images/capitolo_mdr_3/esempio_trans_con_contratti.png>]) [111]
No file document.bbl.
(./document.aux)
Package rerunfilecheck Info: File `document.out' has not changed.
(rerunfilecheck)             Checksum: 99DB34F3E1DC1134ABC17C3CB1B2C5BB;20479.
 ) 
Here is how much of TeX's memory you used:
 14847 strings out of 480163
 236706 string characters out of 5894093
 705433 words of memory out of 5000000
 32159 multiletter control sequences out of 15000+600000
 478714 words of font info for 60 fonts, out of 8000000 for 9000
 59 hyphenation exceptions out of 8191
 60i,12n,63p,971b,502s stack positions out of 5000i,500n,10000p,200000b,80000s
{/usr/share/texlive/texmf-dist/fonts/enc/dvips/base/8r.enc} </home/dave/.texlive2021/texmf-var/fonts/pk/ljfour/jknappen/ec/tcrm1200.600pk></usr/share/texlive/texmf-dist/fonts/type1/public/amsfonts/cm/cmbx10.pfb></usr/share/texlive/texmf-dist/fonts/type1/public/amsfonts/cm/cmbx12.pfb></usr/share/texlive/texmf-dist/fonts/type1/public/amsfonts/cm/cmbxti10.pfb></usr/share/texlive/texmf-dist/fonts/type1/public/amsfonts/cm/cmcsc10.pfb></usr/share/texlive/texmf-dist/fonts/type1/public/amsfonts/cm/cmex10.pfb></usr/share/texlive/texmf-dist/fonts/type1/public/amsfonts/cmextra/cmex8.pfb></usr/share/texlive/texmf-dist/fonts/type1/public/amsfonts/cm/cmmi12.pfb></usr/share/texlive/texmf-dist/fonts/type1/public/amsfonts/cm/cmmi6.pfb></usr/share/texlive/texmf-dist/fonts/type1/public/amsfonts/cm/cmmi8.pfb></usr/share/texlive/texmf-dist/fonts/type1/public/amsfonts/cm/cmr10.pfb></usr/share/texlive/texmf-dist/fonts/type1/public/amsfonts/cm/cmr12.pfb></usr/share/texlive/texmf-dist/fonts/type1/public/amsfonts/cm/cmr17.pfb></usr/share/texlive/texmf-dist/fonts/type1/public/amsfonts/cm/cmr6.pfb></usr/share/texlive/texmf-dist/fonts/type1/public/amsfonts/cm/cmr7.pfb></usr/share/texlive/texmf-dist/fonts/type1/public/amsfonts/cm/cmr8.pfb></usr/share/texlive/texmf-dist/fonts/type1/public/amsfonts/cm/cmsl12.pfb></usr/share/texlive/texmf-dist/fonts/type1/public/amsfonts/cm/cmsy10.pfb></usr/share/texlive/texmf-dist/fonts/type1/public/amsfonts/cm/cmsy6.pfb></usr/share/texlive/texmf-dist/fonts/type1/public/amsfonts/cm/cmsy8.pfb></usr/share/texlive/texmf-dist/fonts/type1/public/amsfonts/cm/cmti12.pfb></usr/share/texlive/texmf-dist/fonts/type1/urw/courier/ucrr8a.pfb>
Output written on document.pdf (112 pages, 2672704 bytes).
PDF statistics:
 1433 PDF objects out of 1440 (max. 8388607)
 1213 compressed objects within 13 object streams
 384 named destinations out of 1000 (max. 500000)
 974 words of extra memory for PDF output out of 10000 (max. 10000000)

