This is pdfTeX, Version 3.141592653-2.6-1.40.22 (TeX Live 2022/dev/Debian) (preloaded format=pdflatex 2026.4.25)  26 MAY 2026 14:19
entering extended mode
 restricted \write18 enabled.
 file:line:error style messages enabled.
 %&-line parsing enabled.
**"/home/dave/appunti-universita/Secondo Semestre/computer_security/Appunti/document.tex"
(/home/dave/appunti-universita/Secondo Semestre/computer_security/Appunti/document.tex
LaTeX2e <2021-11-15> patch level 1
L3 programming layer <2022-01-21> (/usr/share/texlive/texmf-dist/tex/latex/base/book.cls
Document Class: book 2021/10/04 v1.4n Standard LaTeX document class
(/usr/share/texlive/texmf-dist/tex/latex/base/bk12.clo
File: bk12.clo 2021/10/04 v1.4n Standard LaTeX file (size option)
)
\c@part=\count185
\c@chapter=\count186
\c@section=\count187
\c@subsection=\count188
\c@subsubsection=\count189
\c@paragraph=\count190
\c@subparagraph=\count191
\c@figure=\count192
\c@table=\count193
\abovecaptionskip=\skip47
\belowcaptionskip=\skip48
\bibindent=\dimen138
) (/usr/share/texlive/texmf-dist/tex/latex/hyperref/hyperref.sty
Package: hyperref 2021-06-07 v7.00m Hypertext links for LaTeX
 (/usr/share/texlive/texmf-dist/tex/generic/ltxcmds/ltxcmds.sty
Package: ltxcmds 2020-05-10 v1.25 LaTeX kernel commands for general use (HO)
) (/usr/share/texlive/texmf-dist/tex/generic/iftex/iftex.sty
Package: iftex 2020/03/06 v1.0d TeX engine tests
) (/usr/share/texlive/texmf-dist/tex/generic/pdftexcmds/pdftexcmds.sty
Package: pdftexcmds 2020-06-27 v0.33 Utility functions of pdfTeX for LuaTeX (HO)
 (/usr/share/texlive/texmf-dist/tex/generic/infwarerr/infwarerr.sty
Package: infwarerr 2019/12/03 v1.5 Providing info/warning/error messages (HO)
)
Package pdftexcmds Info: \pdf@primitive is available.
Package pdftexcmds Info: \pdf@ifprimitive is available.
Package pdftexcmds Info: \pdfdraftmode found.
) (/usr/share/texlive/texmf-dist/tex/latex/graphics/keyval.sty
Package: keyval 2014/10/28 v1.15 key=value parser (DPC)
\KV@toks@=\toks16
) (/usr/share/texlive/texmf-dist/tex/generic/kvsetkeys/kvsetkeys.sty
Package: kvsetkeys 2019/12/15 v1.18 Key value parser (HO)
) (/usr/share/texlive/texmf-dist/tex/generic/kvdefinekeys/kvdefinekeys.sty
Package: kvdefinekeys 2019-12-19 v1.6 Define keys (HO)
) (/usr/share/texlive/texmf-dist/tex/generic/pdfescape/pdfescape.sty
Package: pdfescape 2019/12/09 v1.15 Implements pdfTeX's escape features (HO)
) (/usr/share/texlive/texmf-dist/tex/latex/hycolor/hycolor.sty
Package: hycolor 2020-01-27 v1.10 Color options for hyperref/bookmark (HO)
) (/usr/share/texlive/texmf-dist/tex/latex/letltxmacro/letltxmacro.sty
Package: letltxmacro 2019/12/03 v1.6 Let assignment for LaTeX macros (HO)
) (/usr/share/texlive/texmf-dist/tex/latex/auxhook/auxhook.sty
Package: auxhook 2019-12-17 v1.6 Hooks for auxiliary files (HO)
) (/usr/share/texlive/texmf-dist/tex/latex/kvoptions/kvoptions.sty
Package: kvoptions 2020-10-07 v3.14 Key value format for package options (HO)
)
\@linkdim=\dimen139
\Hy@linkcounter=\count194
\Hy@pagecounter=\count195
 (/usr/share/texlive/texmf-dist/tex/latex/hyperref/pd1enc.def
File: pd1enc.def 2021-06-07 v7.00m Hyperref: PDFDocEncoding definition (HO)
Now handling font encoding PD1 ...
... no UTF-8 mapping file for font encoding PD1
) (/usr/share/texlive/texmf-dist/tex/latex/hyperref/hyperref-langpatches.def
File: hyperref-langpatches.def 2021-06-07 v7.00m Hyperref: patches for babel languages
) (/usr/share/texlive/texmf-dist/tex/generic/intcalc/intcalc.sty
Package: intcalc 2019/12/15 v1.3 Expandable calculations with integers (HO)
) (/usr/share/texlive/texmf-dist/tex/generic/etexcmds/etexcmds.sty
Package: etexcmds 2019/12/15 v1.7 Avoid name clashes with e-TeX commands (HO)
)
\Hy@SavedSpaceFactor=\count196
 (/usr/share/texlive/texmf-dist/tex/latex/hyperref/puenc.def
File: puenc.def 2021-06-07 v7.00m Hyperref: PDF Unicode definition (HO)
Now handling font encoding PU ...
... no UTF-8 mapping file for font encoding PU
)
Package hyperref Info: Hyper figures OFF on input line 4192.
Package hyperref Info: Link nesting OFF on input line 4197.
Package hyperref Info: Hyper index ON on input line 4200.
Package hyperref Info: Plain pages OFF on input line 4207.
Package hyperref Info: Backreferencing OFF on input line 4212.
Package hyperref Info: Implicit mode ON; LaTeX internals redefined.
Package hyperref Info: Bookmarks ON on input line 4445.
\c@Hy@tempcnt=\count197
 (/usr/share/texlive/texmf-dist/tex/latex/url/url.sty
\Urlmuskip=\muskip16
Package: url 2013/09/16  ver 3.4  Verb mode for urls, etc.
)
LaTeX Info: Redefining \url on input line 4804.
\XeTeXLinkMargin=\dimen140
 (/usr/share/texlive/texmf-dist/tex/generic/bitset/bitset.sty
Package: bitset 2019/12/09 v1.3 Handle bit-vector datatype (HO)
 (/usr/share/texlive/texmf-dist/tex/generic/bigintcalc/bigintcalc.sty
Package: bigintcalc 2019/12/15 v1.5 Expandable calculations on big integers (HO)
))
\Fld@menulength=\count198
\Field@Width=\dimen141
\Fld@charsize=\dimen142
Package hyperref Info: Hyper figures OFF on input line 6076.
Package hyperref Info: Link nesting OFF on input line 6081.
Package hyperref Info: Hyper index ON on input line 6084.
Package hyperref Info: backreferencing OFF on input line 6091.
Package hyperref Info: Link coloring OFF on input line 6096.
Package hyperref Info: Link coloring with OCG OFF on input line 6101.
Package hyperref Info: PDF/A mode OFF on input line 6106.
LaTeX Info: Redefining \ref on input line 6146.
LaTeX Info: Redefining \pageref on input line 6150.
 (/usr/share/texlive/texmf-dist/tex/latex/base/atbegshi-ltx.sty
Package: atbegshi-ltx 2021/01/10 v1.0c Emulation of the original atbegshi
package with kernel methods
)
\Hy@abspage=\count199
\c@Item=\count266
\c@Hfootnote=\count267
)
Package hyperref Info: Driver (autodetected): hpdftex.
 (/usr/share/texlive/texmf-dist/tex/latex/hyperref/hpdftex.def
File: hpdftex.def 2021-06-07 v7.00m Hyperref driver for pdfTeX
 (/usr/share/texlive/texmf-dist/tex/latex/base/atveryend-ltx.sty
Package: atveryend-ltx 2020/08/19 v1.0a Emulation of the original atveryend package
with kernel methods
)
\Fld@listcount=\count268
\c@bookmark@seq@number=\count269
 (/usr/share/texlive/texmf-dist/tex/latex/rerunfilecheck/rerunfilecheck.sty
Package: rerunfilecheck 2019/12/05 v1.9 Rerun checks for auxiliary files (HO)
 (/usr/share/texlive/texmf-dist/tex/generic/uniquecounter/uniquecounter.sty
Package: uniquecounter 2019/12/15 v1.4 Provide unlimited unique counter (HO)
)
Package uniquecounter Info: New unique counter `rerunfilecheck' on input line 286.
)
\Hy@SectionHShift=\skip49
) (/usr/share/texlive/texmf-dist/tex/generic/babel/babel.sty
Package: babel 2022/01/26 3.70 The Babel package
\babel@savecnt=\count270
\U@D=\dimen143
\l@unhyphenated=\language8
 (/usr/share/texlive/texmf-dist/tex/generic/babel/txtbabel.def)
\bbl@readstream=\read2
\bbl@dirlevel=\count271
 (/usr/share/texlive/texmf-dist/tex/generic/babel-italian/italian.ldf
Language: italian 2020/05/21 v.1.4.04 Italian support for the babel system
\it@lettering=\count272
\it@doublequoteactive=\count273
\it@ISOcompliance=\count274
)) (/usr/share/texlive/texmf-dist/tex/latex/etoolbox/etoolbox.sty
Package: etoolbox 2020/10/05 v2.5k e-TeX tools for LaTeX (JAW)
\etb@tempcnta=\count275
) (/usr/share/texlive/texmf-dist/tex/latex/float/float.sty
Package: float 2001/11/08 v1.3d Float enhancements (AL)
\c@float@type=\count276
\float@exts=\toks17
\float@box=\box50
\@float@everytoks=\toks18
\@floatcapt=\box51
) (/usr/share/texlive/texmf-dist/tex/latex/tools/tabularx.sty
Package: tabularx 2020/01/15 v2.11c `tabularx' package (DPC)
 (/usr/share/texlive/texmf-dist/tex/latex/tools/array.sty
Package: array 2021/10/04 v2.5f Tabular extension package (FMi)
\col@sep=\dimen144
\ar@mcellbox=\box52
\extrarowheight=\dimen145
\NC@list=\toks19
\extratabsurround=\skip50
\backup@length=\skip51
\ar@cellbox=\box53
)
\TX@col@width=\dimen146
\TX@old@table=\dimen147
\TX@old@col=\dimen148
\TX@target=\dimen149
\TX@delta=\dimen150
\TX@cols=\count277
\TX@ftn=\toks20
) (/usr/share/texlive/texmf-dist/tex/latex/enumitem/enumitem.sty
Package: enumitem 2019/06/20 v3.9 Customized lists
\labelindent=\skip52
\enit@outerparindent=\dimen151
\enit@toks=\toks21
\enit@inbox=\box54
\enit@count@id=\count278
\enitdp@description=\count279
) (/usr/share/texlive/texmf-dist/tex/latex/base/inputenc.sty
Package: inputenc 2021/02/14 v1.3d Input encoding file
\inpenc@prehook=\toks22
\inpenc@posthook=\toks23
 (/usr/share/texlive/texmf-dist/tex/latex/ucs/utf8x.def
File: utf8x.def 2004/10/17 UCS: Input encoding UTF-8
)) (/usr/share/texlive/texmf-dist/tex/latex/ucs/ucs.sty
Package: ucs 2013/05/11 v2.2 UCS: Unicode input support
 (/usr/share/texlive/texmf-dist/tex/latex/ucs/data/uni-global.def
File: uni-global.def 2013/05/13 UCS: Unicode global data
)
\uc@secondtry=\count280
\uc@combtoks=\toks24
\uc@combtoksb=\toks25
\uc@temptokena=\toks26
) (/usr/share/texlive/texmf-dist/tex/latex/graphics/graphicx.sty
Package: graphicx 2021/09/16 v1.2d Enhanced LaTeX Graphics (DPC,SPQR)
 (/usr/share/texlive/texmf-dist/tex/latex/graphics/graphics.sty
Package: graphics 2021/03/04 v1.4d Standard LaTeX Graphics (DPC,SPQR)
 (/usr/share/texlive/texmf-dist/tex/latex/graphics/trig.sty
Package: trig 2021/08/11 v1.11 sin cos tan (DPC)
) (/usr/share/texlive/texmf-dist/tex/latex/graphics-cfg/graphics.cfg
File: graphics.cfg 2016/06/04 v1.11 sample graphics configuration
)
Package graphics Info: Driver file: pdftex.def on input line 107.
 (/usr/share/texlive/texmf-dist/tex/latex/graphics-def/pdftex.def
File: pdftex.def 2020/10/05 v1.2a Graphics/color driver for pdftex
))
\Gin@req@height=\dimen152
\Gin@req@width=\dimen153
) (/usr/share/texlive/texmf-dist/tex/latex/caption/caption.sty
Package: caption 2020/10/26 v3.5g Customizing captions (AR)
 (/usr/share/texlive/texmf-dist/tex/latex/caption/caption3.sty
Package: caption3 2020/10/21 v2.2e caption3 kernel (AR)
\captionmargin=\dimen154
\captionmargin@=\dimen155
\captionwidth=\dimen156
\caption@tempdima=\dimen157
\caption@indent=\dimen158
\caption@parindent=\dimen159
\caption@hangindent=\dimen160
Package caption Info: Standard document class detected.
)
\c@caption@flags=\count281
\c@continuedfloat=\count282
Package caption Info: float package is loaded.
Package caption Info: hyperref package is loaded.
) (/usr/share/texlive/texmf-dist/tex/latex/listings/listings.sty
\lst@mode=\count283
\lst@gtempboxa=\box55
\lst@token=\toks27
\lst@length=\count284
\lst@currlwidth=\dimen161
\lst@column=\count285
\lst@pos=\count286
\lst@lostspace=\dimen162
\lst@width=\dimen163
\lst@newlines=\count287
\lst@lineno=\count288
\lst@maxwidth=\dimen164
 (/usr/share/texlive/texmf-dist/tex/latex/listings/lstmisc.sty
File: lstmisc.sty 2020/03/24 1.8d (Carsten Heinz)
\c@lstnumber=\count289
\lst@skipnumbers=\count290
\lst@framebox=\box56
) (/usr/share/texlive/texmf-dist/tex/latex/listings/listings.cfg
File: listings.cfg 2020/03/24 1.8d listings configuration
))
Package: listings 2020/03/24 1.8d (Carsten Heinz)
 (/usr/share/texlive/texmf-dist/tex/latex/psnfss/courier.sty
Package: courier 2020/03/25 PSNFSS-v9.3 (WaS) 
) (/usr/share/texlive/texmf-dist/tex/latex/listings/lstlang1.sty
File: lstlang1.sty 2020/03/24 1.8d listings language file
) (/usr/share/texlive/texmf-dist/tex/latex/listings/lstlang1.sty
File: lstlang1.sty 2020/03/24 1.8d listings language file
) (/usr/share/texlive/texmf-dist/tex/latex/listings/lstmisc.sty
File: lstmisc.sty 2020/03/24 1.8d (Carsten Heinz)
) (/usr/share/texlive/texmf-dist/tex/latex/amsmath/amsmath.sty
Package: amsmath 2021/10/15 v2.17l AMS math features
\@mathmargin=\skip53

For additional information on amsmath, use the `?' option.
(/usr/share/texlive/texmf-dist/tex/latex/amsmath/amstext.sty
Package: amstext 2021/08/26 v2.01 AMS text
 (/usr/share/texlive/texmf-dist/tex/latex/amsmath/amsgen.sty
File: amsgen.sty 1999/11/30 v2.0 generic functions
\@emptytoks=\toks28
\ex@=\dimen165
)) (/usr/share/texlive/texmf-dist/tex/latex/amsmath/amsbsy.sty
Package: amsbsy 1999/11/29 v1.2d Bold Symbols
\pmbraise@=\dimen166
) (/usr/share/texlive/texmf-dist/tex/latex/amsmath/amsopn.sty
Package: amsopn 2021/08/26 v2.02 operator names
)
\inf@bad=\count291
LaTeX Info: Redefining \frac on input line 234.
\uproot@=\count292
\leftroot@=\count293
LaTeX Info: Redefining \overline on input line 399.
\classnum@=\count294
\DOTSCASE@=\count295
LaTeX Info: Redefining \ldots on input line 496.
LaTeX Info: Redefining \dots on input line 499.
LaTeX Info: Redefining \cdots on input line 620.
\Mathstrutbox@=\box57
\strutbox@=\box58
\big@size=\dimen167
LaTeX Font Info:    Redeclaring font encoding OML on input line 743.
LaTeX Font Info:    Redeclaring font encoding OMS on input line 744.
\macc@depth=\count296
\c@MaxMatrixCols=\count297
\dotsspace@=\muskip17
\c@parentequation=\count298
\dspbrk@lvl=\count299
\tag@help=\toks29
\row@=\count300
\column@=\count301
\maxfields@=\count302
\andhelp@=\toks30
\eqnshift@=\dimen168
\alignsep@=\dimen169
\tagshift@=\dimen170
\tagwidth@=\dimen171
\totwidth@=\dimen172
\lineht@=\dimen173
\@envbody=\toks31
\multlinegap=\skip54
\multlinetaggap=\skip55
\mathdisplay@stack=\toks32
LaTeX Info: Redefining \[ on input line 2938.
LaTeX Info: Redefining \] on input line 2939.
) (/usr/share/texlive/texmf-dist/tex/latex/framed/framed.sty
Package: framed 2011/10/22 v 0.96: framed or shaded text with page breaks
\OuterFrameSep=\skip56
\fb@frw=\dimen174
\fb@frh=\dimen175
\FrameRule=\dimen176
\FrameSep=\dimen177
) (/usr/share/texlive/texmf-dist/tex/latex/l3backend/l3backend-pdftex.def
File: l3backend-pdftex.def 2022-01-12 L3 backend support: PDF output (pdfTeX)
\l__color_backend_stack_int=\count303
\l__pdf_internal_box=\box59
) (./document.aux)
\openout1 = `document.aux'.

LaTeX Font Info:    Checking defaults for OML/cmm/m/it on input line 48.
LaTeX Font Info:    ... okay on input line 48.
LaTeX Font Info:    Checking defaults for OMS/cmsy/m/n on input line 48.
LaTeX Font Info:    ... okay on input line 48.
LaTeX Font Info:    Checking defaults for OT1/cmr/m/n on input line 48.
LaTeX Font Info:    ... okay on input line 48.
LaTeX Font Info:    Checking defaults for T1/cmr/m/n on input line 48.
LaTeX Font Info:    ... okay on input line 48.
LaTeX Font Info:    Checking defaults for TS1/cmr/m/n on input line 48.
LaTeX Font Info:    ... okay on input line 48.
LaTeX Font Info:    Checking defaults for OMX/cmex/m/n on input line 48.
LaTeX Font Info:    ... okay on input line 48.
LaTeX Font Info:    Checking defaults for U/cmr/m/n on input line 48.
LaTeX Font Info:    ... okay on input line 48.
LaTeX Font Info:    Checking defaults for PD1/pdf/m/n on input line 48.
LaTeX Font Info:    ... okay on input line 48.
LaTeX Font Info:    Checking defaults for PU/pdf/m/n on input line 48.
LaTeX Font Info:    ... okay on input line 48.
Package hyperref Info: Link coloring OFF on input line 48.
 (/usr/share/texlive/texmf-dist/tex/latex/hyperref/nameref.sty
Package: nameref 2021-04-02 v2.47 Cross-referencing by name of section
 (/usr/share/texlive/texmf-dist/tex/latex/refcount/refcount.sty
Package: refcount 2019/12/15 v3.6 Data extraction from label references (HO)
) (/usr/share/texlive/texmf-dist/tex/generic/gettitlestring/gettitlestring.sty
Package: gettitlestring 2019/12/15 v1.6 Cleanup title references (HO)
)
\c@section@level=\count304
)
LaTeX Info: Redefining \ref on input line 48.
LaTeX Info: Redefining \pageref on input line 48.
LaTeX Info: Redefining \nameref on input line 48.
 (./document.out) (./document.out)
\@outlinefile=\write3
\openout3 = `document.out'.

LaTeX Info: Redefining \it@ocap on input line 48.
LaTeX Info: Redefining \it@ccap on input line 48.


File italian.ldf warning: 
italian.ldf    With OT1 encoding guillemets are poorly faked
italian.ldf    Use T1 encoding
italian.ldf    or specify a font with command \CaporaliFrom
italian.ldf    See the documentation concerning the babel-italian typesetting 
italian.ldf    on input line 48.

(/usr/share/texlive/texmf-dist/tex/latex/ucs/ucsencs.def
File: ucsencs.def 2011/01/21 Fixes to fontencodings LGR, T3
) (/usr/share/texlive/texmf-dist/tex/context/base/mkii/supp-pdf.mkii
[Loading MPS to PDF converter (version 2006.09.02).]
\scratchcounter=\count305
\scratchdimen=\dimen178
\scratchbox=\box60
\nofMPsegments=\count306
\nofMParguments=\count307
\everyMPshowfont=\toks33
\MPscratchCnt=\count308
\MPscratchDim=\dimen179
\MPnumerator=\count309
\makeMPintoPDFobject=\count310
\everyMPtoPDFconversion=\toks34
) (/usr/share/texlive/texmf-dist/tex/latex/epstopdf-pkg/epstopdf-base.sty
Package: epstopdf-base 2020-01-24 v2.11 Base part for package epstopdf
Package epstopdf-base Info: Redefining graphics rule for `.eps' on input line 485.
 (/usr/share/texlive/texmf-dist/tex/latex/latexconfig/epstopdf-sys.cfg
File: epstopdf-sys.cfg 2010/07/13 v1.3 Configuration of (r)epstopdf for TeX Live
))
Package caption Info: Begin \AtBeginDocument code.
Package caption Info: listings package is loaded.
Package caption Info: End \AtBeginDocument code.
\c@lstlisting=\count311
 (./parts/frontespizio.tex
<Images/university_logo.png, id=188, 106.3975pt x 112.42pt>
File: Images/university_logo.png Graphic file (type png)
<use Images/university_logo.png>
Package pdftex.def Info: Images/university_logo.png  used on input line 3.
(pdftex.def)             Requested size: 69.2582pt x 72.98463pt.
 [1


{/var/lib/texmf/fonts/map/pdftex/updmap/pdftex.map} <./Images/university_logo.png>]) (./document.tocpdfTeX warning (ext4): destination with the same identifier (name{page.1}) has been already used, duplicate ignored
<to be read again> 
                   \relax 
l.32 ...mentali (Datatypes)}{41}{subsection.5.3.1}
                                                  % [1

])
\tf@toc=\write4
\openout4 = `document.toc'.

 (./parts/capitolo_1.tex [2] (/usr/share/texlive/texmf-dist/tex/latex/ucs/data/uni-0.def
File: uni-0.def 2013/05/13 UCS: Unicode data U+0000..U+00FF
) [3

] [4]
Capitolo 1.
[5

]
Overfull \hbox (20.31909pt too wide) detected at line 49
[]
 []

[6]
<Images/capitolo_1/kerberos_struttura.png, id=280, 786.68906pt x 520.94624pt>
File: Images/capitolo_1/kerberos_struttura.png Graphic file (type png)
<use Images/capitolo_1/kerberos_struttura.png>
Package pdftex.def Info: Images/capitolo_1/kerberos_struttura.png  used on input line 89.
(pdftex.def)             Requested size: 195.0pt x 129.13133pt.
 [7] [8 <./Images/capitolo_1/kerberos_struttura.png>]
Overfull \hbox (2.04202pt too wide) detected at line 109
[]
 []


Overfull \hbox (91.74739pt too wide) in paragraph at lines 109--113
\OT1/cmr/m/n/12 L'AuthTicket e il Ser-v-Tic-ket che di-ce-va-mo pri-ma so-no ri-spet-ti-va-men-te $\OMS/cmsy/m/n/12 f\OML/cmm/m/it/12 A; TGS; authK; T[]\OMS/cmsy/m/n/12 g[]$
 []

[9]
Overfull \hbox (2.11534pt too wide) has occurred while \output is active
\OT1/cmr/m/sl/12 CAPITOLO 1.  SYMMETRIC NEEDHAM-SCHROEDER E KERBEROS \OT1/cmr/m/n/12 10
 []

[10]
<Images/capitolo_1/kerberos_smartcard.png, id=312, 415.5525pt x 193.47281pt>
File: Images/capitolo_1/kerberos_smartcard.png Graphic file (type png)
<use Images/capitolo_1/kerberos_smartcard.png>
Package pdftex.def Info: Images/capitolo_1/kerberos_smartcard.png  used on input line 135.
(pdftex.def)             Requested size: 292.5pt x 136.18579pt.

Overfull \hbox (2.11534pt too wide) has occurred while \output is active
\OT1/cmr/m/sl/12 CAPITOLO 1.  SYMMETRIC NEEDHAM-SCHROEDER E KERBEROS \OT1/cmr/m/n/12 11
 []

[11] (/usr/share/texlive/texmf-dist/tex/latex/ucs/data/uni-32.def
File: uni-32.def 2013/05/13 UCS: Unicode data U+2000..U+20FF
)) (./parts/capitolo_2.tex
Overfull \hbox (2.11534pt too wide) has occurred while \output is active
\OT1/cmr/m/sl/12 CAPITOLO 1.  SYMMETRIC NEEDHAM-SCHROEDER E KERBEROS \OT1/cmr/m/n/12 12
 []

[12 <./Images/capitolo_1/kerberos_smartcard.png>]
Overfull \hbox (2.11534pt too wide) has occurred while \output is active
\OT1/cmr/m/sl/12 CAPITOLO 1.  SYMMETRIC NEEDHAM-SCHROEDER E KERBEROS \OT1/cmr/m/n/12 13
 []

[13]
Capitolo 2.
<Images/capitolo_2/smart_card_struttura.png, id=334, 359.09157pt x 315.42844pt>
File: Images/capitolo_2/smart_card_struttura.png Graphic file (type png)
<use Images/capitolo_2/smart_card_struttura.png>
Package pdftex.def Info: Images/capitolo_2/smart_card_struttura.png  used on input line 9.
(pdftex.def)             Requested size: 234.00238pt x 205.55548pt.
[14

] [15 <./Images/capitolo_2/smart_card_struttura.png>] [16]
Overfull \hbox (3.80836pt too wide) in paragraph at lines 43--44
[]\OT1/cmr/bx/n/12 Lettura del-la me-mo-ria\OT1/cmr/m/n/12 : in-ter-cet-ta-zio-ne dei se-gna-li elet-tri-ci per estrar-
 []

[17]
<Images/capitolo_2/glitch_corrente.png, id=356, 333.49594pt x 252.945pt>
File: Images/capitolo_2/glitch_corrente.png Graphic file (type png)
<use Images/capitolo_2/glitch_corrente.png>
Package pdftex.def Info: Images/capitolo_2/glitch_corrente.png  used on input line 64.
(pdftex.def)             Requested size: 234.00238pt x 177.48485pt.
LaTeX Font Info:    Trying to load font information for OT1+pcr on input line 68.
 (/usr/share/texlive/texmf-dist/tex/latex/psnfss/ot1pcr.fd
File: ot1pcr.fd 2001/06/04 font definitions for OT1/pcr.
)) (./parts/capitolo_3.tex [18 <./Images/capitolo_2/glitch_corrente.png>]
Capitolo 3.
<Images/capitolo_3/esempio_vck.png, id=366, 1142.76938pt x 142.28156pt>
File: Images/capitolo_3/esempio_vck.png Graphic file (type png)
<use Images/capitolo_3/esempio_vck.png>
Package pdftex.def Info: Images/capitolo_3/esempio_vck.png  used on input line 10.
(pdftex.def)             Requested size: 195.0pt x 24.27655pt.
[19

 <./Images/capitolo_3/esempio_vck.png>]
<Images/capitolo_3/matrice_2x2.png, id=374, 569.12625pt x 353.82187pt>
File: Images/capitolo_3/matrice_2x2.png Graphic file (type png)
<use Images/capitolo_3/matrice_2x2.png>
Package pdftex.def Info: Images/capitolo_3/matrice_2x2.png  used on input line 26.
(pdftex.def)             Requested size: 195.0pt x 121.23184pt.
<Images/capitolo_3/differenza_xor_overlay.png, id=375, 470.50781pt x 192.72pt>
File: Images/capitolo_3/differenza_xor_overlay.png Graphic file (type png)
<use Images/capitolo_3/differenza_xor_overlay.png>
Package pdftex.def Info: Images/capitolo_3/differenza_xor_overlay.png  used on input line 38.
(pdftex.def)             Requested size: 195.0pt x 79.87143pt.
 [20 <./Images/capitolo_3/matrice_2x2.png>]
<Images/capitolo_3/matrice_3x3.png, id=383, 566.115pt x 196.48407pt>
File: Images/capitolo_3/matrice_3x3.png Graphic file (type png)
<use Images/capitolo_3/matrice_3x3.png>
Package pdftex.def Info: Images/capitolo_3/matrice_3x3.png  used on input line 50.
(pdftex.def)             Requested size: 195.0pt x 67.67914pt.
 [21 <./Images/capitolo_3/differenza_xor_overlay.png> <./Images/capitolo_3/matrice_3x3.png>]) (./parts/capitolo_4.tex [22]
Capitolo 4.
[23

] [24] [25] [26] [27] [28] [29] [30] [31] [32]
<Images/capitolo_4/chiavi_per_firma.png, id=449, 626.34pt x 186.6975pt>
File: Images/capitolo_4/chiavi_per_firma.png Graphic file (type png)
<use Images/capitolo_4/chiavi_per_firma.png>
Package pdftex.def Info: Images/capitolo_4/chiavi_per_firma.png  used on input line 201.
(pdftex.def)             Requested size: 272.99881pt x 81.37798pt.
 [33 <./Images/capitolo_4/chiavi_per_firma.png>] [34]) (./parts/capitolo_5.tex [35]
Capitolo 5.
[36

] [37] [38] [39] [40] [41]
Overfull \hbox (12.2611pt too wide) in paragraph at lines 119--120
\OT1/cmr/m/n/12 via-re a chiun-que un mes-sag-gio \OT1/pcr/m/n/12 X \OT1/cmr/m/n/12 ge-ne-ra-to tra-mi-te \OT1/pcr/m/n/12 synth(analz(knows
 []

LaTeX Font Info:    Trying to load font information for OMS+pcr on input line 120.
(/usr/share/texlive/texmf-dist/tex/latex/psnfss/omspcr.fd
File: omspcr.fd 
)
LaTeX Font Info:    Font shape `OMS/pcr/m/n' in size <12> not available
(Font)              Font shape `OMS/cmsy/m/n' tried instead on input line 120.
 [42]
<Images/capitolo_5/esempio_teorema.png, id=503, 563.10374pt x 288.3272pt>
File: Images/capitolo_5/esempio_teorema.png Graphic file (type png)
<use Images/capitolo_5/esempio_teorema.png>
Package pdftex.def Info: Images/capitolo_5/esempio_teorema.png  used on input line 128.
(pdftex.def)             Requested size: 272.99881pt x 139.78572pt.
) (./parts/capitolo_6v2.tex [43 <./Images/capitolo_5/esempio_teorema.png>]
Capitolo 6.
[44

] [45] [46]
Overfull \hbox (15.93777pt too wide) in paragraph at lines 69--69
[]\OT1/cmr/bx/n/17.28 Requisiti di Si-cu-rez-za Mi-ni-mi Leg-ge 196/03 
 []

[47] [48] [49] [50] [51] [52] [53] [54]
Overfull \hbox (21.72292pt too wide) in paragraph at lines 237--237
[]\OT1/cmr/bx/n/14.4 Il Do-cu-men-to Pro-gram-ma-ti-co sul-la Si-cu-rez-za (DPS) 
 []

[55] [56] [57] [58] [59]
Overfull \hbox (22.41983pt too wide) in paragraph at lines 329--329
[]\OT1/cmr/bx/n/17.28 Il Ge-ne-ral Da-ta Pro-tec-tion Re-gu-la-tion (GD-
 []

[60] [61] [62] [63] [64] [65] [66] [67] [68] [69] [70]
Overfull \hbox (0.91417pt too wide) in paragraph at lines 508--509
[]\OT1/cmr/m/n/12 sia au-to-riz-za-ta dal di-rit-to del-l'U-nio-ne o del-lo Sta-to mem-
 []

[71] [72] [73] [74] [75] [76]) [77] [78]
No file document.bbl.
(./document.aux)
Package rerunfilecheck Info: File `document.out' has not changed.
(rerunfilecheck)             Checksum: 1E34CA8473E6CE9B14A2B9787FE07E65;9395.
 ) 
Here is how much of TeX's memory you used:
 14917 strings out of 480163
 236451 string characters out of 5894093
 710953 words of memory out of 5000000
 32354 multiletter control sequences out of 15000+600000
 480655 words of font info for 67 fonts, out of 8000000 for 9000
 59 hyphenation exceptions out of 8191
 60i,18n,63p,1330b,664s stack positions out of 5000i,500n,10000p,200000b,80000s
{/usr/share/texlive/texmf-dist/fonts/enc/dvips/base/8r.enc} </home/dave/.texlive2021/texmf-var/fonts/pk/ljfour/jknappen/ec/tcrm1200.600pk></usr/share/texlive/texmf-dist/fonts/type1/public/amsfonts/cm/cmbx10.pfb></usr/share/texlive/texmf-dist/fonts/type1/public/amsfonts/cm/cmbx12.pfb></usr/share/texlive/texmf-dist/fonts/type1/public/amsfonts/cm/cmcsc10.pfb></usr/share/texlive/texmf-dist/fonts/type1/public/amsfonts/cm/cmmi12.pfb></usr/share/texlive/texmf-dist/fonts/type1/public/amsfonts/cm/cmmi6.pfb></usr/share/texlive/texmf-dist/fonts/type1/public/amsfonts/cm/cmmi8.pfb></usr/share/texlive/texmf-dist/fonts/type1/public/amsfonts/cm/cmr10.pfb></usr/share/texlive/texmf-dist/fonts/type1/public/amsfonts/cm/cmr12.pfb></usr/share/texlive/texmf-dist/fonts/type1/public/amsfonts/cm/cmr17.pfb></usr/share/texlive/texmf-dist/fonts/type1/public/amsfonts/cm/cmr7.pfb></usr/share/texlive/texmf-dist/fonts/type1/public/amsfonts/cm/cmr8.pfb></usr/share/texlive/texmf-dist/fonts/type1/public/amsfonts/cm/cmsl12.pfb></usr/share/texlive/texmf-dist/fonts/type1/public/amsfonts/cm/cmsy10.pfb></usr/share/texlive/texmf-dist/fonts/type1/public/amsfonts/cm/cmsy6.pfb></usr/share/texlive/texmf-dist/fonts/type1/public/amsfonts/cm/cmsy8.pfb></usr/share/texlive/texmf-dist/fonts/type1/public/amsfonts/cm/cmti12.pfb></usr/share/texlive/texmf-dist/fonts/type1/urw/courier/ucrr8a.pfb>
Output written on document.pdf (79 pages, 1147277 bytes).
PDF statistics:
 909 PDF objects out of 1000 (max. 8388607)
 763 compressed objects within 8 object streams
 279 named destinations out of 1000 (max. 500000)
 424 words of extra memory for PDF output out of 10000 (max. 10000000)

